BOULDERS 30 · discs 200 · anchor=rock-scatter userData.stones
  scatter:rock#6      -73.23,  13.75  cobble  h   0.5  band  0.31  reach  0.58  discs  1 shield  0.32  phantom  -0.01  slender   1.61
  scatter:rock#22     -89.79,   2.66  block   h  1.09  band  1.15  reach  1.15  discs  3 shield  1.16  phantom  -0.01  slender   0.95
  scatter:rock#8      -64.82,  14.73  cobble  h  0.96  band  0.75  reach  0.75  discs  3 shield  0.77  phantom  -0.02  slender   1.28
  scatter:rock#10     -84.06,  -6.08  shard   h  2.07  band  0.94  reach  0.95  discs  5 shield  0.96  phantom  -0.02  slender    2.2
  scatter:rock#23     -51.76,  13.91  cobble  h  0.89  band  1.06  reach  1.07  discs  3 shield  1.08  phantom  -0.02  slender   0.84
  scatter:rock#11      90.21,   6.64  cobble  h   0.9  band     1  reach  1.01  discs  2 shield  1.04  phantom  -0.04  slender    0.9
  scatter:rock#5       11.52, -86.82  shard   h  4.62  band  1.54  reach  1.61  discs  8 shield  1.59  phantom  -0.05  slender      3
  scatter:rock#26    -101.55, -11.62  shard   h  2.66  band  0.89  reach   0.9  discs  6 shield  0.95  phantom  -0.06  slender   2.99
  scatter:rock#2       82.82,  11.39  cobble  h  0.71  band  0.51  reach  0.64  discs  2 shield  0.59  phantom  -0.08  slender   1.39
  scatter:rock#25     -15.62, 103.86  cobble  h  0.76  band  0.55  reach  0.57  discs  1 shield  0.63  phantom  -0.08  slender   1.38
  scatter:rock#14       9.01, 104.27  block   h  1.46  band   1.4  reach  1.41  discs  5 shield  1.55  phantom  -0.15  slender   1.04
  scatter:rock#4     -103.02,  -5.41  cobble  h  0.66  band  0.59  reach   0.8  discs  1 shield  0.75  phantom  -0.16  slender   1.12
  scatter:rock#18      97.74,   42.8  shard   h  4.38  band  1.46  reach   1.5  discs  9 shield  1.63  phantom  -0.17  slender      3
  scatter:rock#28    -107.28,   13.2  block   h   1.6  band  1.09  reach   1.1  discs  6 shield   1.3  phantom  -0.21  slender   1.47
  scatter:rock#1       83.94, -45.03  mega    h  2.56  band  1.64  reach  1.73  discs 10 shield  1.86  phantom  -0.22  slender   1.56
  scatter:rock#27     -86.31,  10.37  shard   h  4.46  band  1.49  reach  1.51  discs  8 shield  1.71  phantom  -0.22  slender   2.99
  scatter:rock#3      -91.92,  54.73  block   h  1.81  band  1.13  reach  1.14  discs  6 shield  1.36  phantom  -0.23  slender    1.6
  scatter:rock#15     -94.83,   7.04  mega    h  1.99  band  1.43  reach  1.44  discs  7 shield  1.66  phantom  -0.23  slender   1.39
  scatter:rock#7       16.96, 104.36  slab    h  0.78  band  0.87  reach  0.92  discs  2 shield  1.11  phantom  -0.24  slender    0.9
  scatter:rock#21      105.6, -17.73  block   h  2.87  band  1.63  reach  1.67  discs 10 shield  1.93  phantom   -0.3  slender   1.76
  scatter:rock#20    -102.22,   4.42  mega    h  1.56  band  1.53  reach  1.55  discs  7 shield  1.89  phantom  -0.36  slender   1.02
  scatter:rock#29       3.06, -91.65  mega    h  3.15  band  1.79  reach   1.9  discs 10 shield  2.16  phantom  -0.37  slender   1.76
  scatter:rock#13      90.01,  -2.38  mega    h  2.93  band  1.83  reach  1.88  discs 10 shield  2.22  phantom  -0.39  slender    1.6
  scatter:rock#16     -11.11,-106.49  block   h   3.9  band  2.14  reach  2.19  discs 12 shield  2.55  phantom  -0.41  slender   1.82
  scatter:rock#0       -0.96,  95.86  block   h  3.38  band  2.12  reach  2.12  discs 11 shield  2.54  phantom  -0.42  slender   1.59
  scatter:rock#12      -9.97, -87.56  block   h  2.81  band     2  reach  2.05  discs  9 shield  2.44  phantom  -0.44  slender   1.41
  scatter:rock#19     -47.08,  95.09  block   h  2.97  band  1.88  reach  1.93  discs 10 shield  2.38  phantom   -0.5  slender   1.58
  scatter:rock#9     -103.96,  22.75  mega    h  2.67  band  2.55  reach  2.57  discs 10 shield   3.1  phantom  -0.55  slender   1.05
  scatter:rock#24     -78.62,   7.75  block   h  3.76  band  2.07  reach   2.1  discs 11 shield  2.62  phantom  -0.55  slender   1.82
  scatter:rock#17     -84.11, -14.37  mega    h  5.41  band  3.47  reach  3.51  discs 12 shield  4.35  phantom  -0.88  slender   1.56
PHANTOM_BAND 0 · SPIRE_OVER_3x 0 · TALL_NO_BAND 0
SLUMPED 3
    11.52, -86.82 shard   5.87 m over 1.59 m band -> 4.62 m over 1.54 m band
  -101.55, -11.62 shard   3.27 m over 0.89 m band -> 2.66 m over 0.89 m band
   -86.31,  10.37 shard   5.55 m over 1.49 m band -> 4.46 m over 1.49 m band
  tallest 5.41 m · worst slenderness 3
BOULDER_SPIRE_RC=0
