BOULDERS 30 · discs 200 · anchor=rock-scatter userData.stones
  scatter:rock#6      -73.23,  13.75  cobble  h   0.5  band  0.31  reach  0.58  discs  1 shield  0.32  phantom  -0.01  slender   1.61  midW  0.86  topW  0.45  midEye   0.58  topEye   1.11
  scatter:rock#22     -89.79,   2.66  block   h  1.09  band  1.15  reach  1.15  discs  3 shield  1.16  phantom  -0.01  slender   0.95  midW  1.81  topW  0.84  midEye    0.6  topEye    1.3
  scatter:rock#8      -64.82,  14.73  cobble  h  0.96  band  0.75  reach  0.75  discs  3 shield  0.77  phantom  -0.02  slender   1.28  midW  1.12  topW  0.58  midEye   0.86  topEye   1.66
  scatter:rock#10     -84.06,  -6.08  shard   h  2.07  band  0.94  reach  0.95  discs  5 shield  0.96  phantom  -0.02  slender    2.2  midW  1.47  topW  0.73  midEye   1.41  topEye   2.84
  scatter:rock#23     -51.76,  13.91  cobble  h  0.89  band  1.06  reach  1.07  discs  3 shield  1.08  phantom  -0.02  slender   0.84  midW  1.62  topW  0.83  midEye   0.55  topEye   1.07
  scatter:rock#11      90.21,   6.64  cobble  h   0.9  band     1  reach  1.01  discs  2 shield  1.04  phantom  -0.04  slender    0.9  midW   1.5  topW  0.82  midEye    0.6  topEye    1.1
  scatter:rock#5       11.52, -86.82  shard   h  4.62  band  1.54  reach  1.61  discs  8 shield  1.59  phantom  -0.05  slender      3  midW  2.46  topW  1.29  midEye   1.88  topEye   3.58
  scatter:rock#26    -101.55, -11.62  shard   h  2.66  band  0.89  reach   0.9  discs  6 shield  0.95  phantom  -0.06  slender   2.99  midW  1.39  topW   0.7  midEye   1.91  topEye    3.8
  scatter:rock#2       82.82,  11.39  cobble  h  0.71  band  0.51  reach  0.64  discs  2 shield  0.59  phantom  -0.08  slender   1.39  midW  0.96  topW   0.5  midEye   0.74  topEye   1.42
  scatter:rock#25     -15.62, 103.86  cobble  h  0.76  band  0.55  reach  0.57  discs  1 shield  0.63  phantom  -0.08  slender   1.38  midW  0.92  topW  0.46  midEye   0.83  topEye   1.65
  scatter:rock#14       9.01, 104.27  block   h  1.46  band   1.4  reach  1.41  discs  5 shield  1.55  phantom  -0.15  slender   1.04  midW  2.24  topW  1.04  midEye   0.65  topEye    1.4
  scatter:rock#4     -103.02,  -5.41  cobble  h  0.66  band  0.59  reach   0.8  discs  1 shield  0.75  phantom  -0.16  slender   1.12  midW  1.18  topW  0.63  midEye   0.56  topEye   1.05
  scatter:rock#18      97.74,   42.8  shard   h  4.38  band  1.46  reach   1.5  discs  9 shield  1.63  phantom  -0.17  slender      3  midW  2.31  topW  1.15  midEye    1.9  topEye   3.81
  scatter:rock#28    -107.28,   13.2  block   h   1.6  band  1.09  reach   1.1  discs  6 shield   1.3  phantom  -0.21  slender   1.47  midW  1.77  topW  0.82  midEye    0.9  topEye   1.95
  scatter:rock#1       83.94, -45.03  mega    h  2.56  band  1.64  reach  1.73  discs 10 shield  1.86  phantom  -0.22  slender   1.56  midW  2.99  topW  1.43  midEye   0.86  topEye   1.79
  scatter:rock#27     -86.31,  10.37  shard   h  4.46  band  1.49  reach  1.51  discs  8 shield  1.71  phantom  -0.22  slender   2.99  midW  2.32  topW  1.17  midEye   1.92  topEye   3.81
  scatter:rock#3      -91.92,  54.73  block   h  1.81  band  1.13  reach  1.14  discs  6 shield  1.36  phantom  -0.23  slender    1.6  midW  1.88  topW  0.85  midEye   0.96  topEye   2.13
  scatter:rock#15     -94.83,   7.04  mega    h  1.99  band  1.43  reach  1.44  discs  7 shield  1.66  phantom  -0.23  slender   1.39  midW  2.42  topW  1.13  midEye   0.82  topEye   1.76
  scatter:rock#7       16.96, 104.36  slab    h  0.78  band  0.87  reach  0.92  discs  2 shield  1.11  phantom  -0.24  slender    0.9  midW  1.73  topW  1.11  midEye   0.45  topEye    0.7
  scatter:rock#21      105.6, -17.73  block   h  2.87  band  1.63  reach  1.67  discs 10 shield  1.93  phantom   -0.3  slender   1.76  midW  2.76  topW  1.26  midEye   1.04  topEye   2.28
  scatter:rock#20    -102.22,   4.42  mega    h  1.56  band  1.53  reach  1.55  discs  7 shield  1.89  phantom  -0.36  slender   1.02  midW  2.57  topW  1.28  midEye   0.61  topEye   1.22
  scatter:rock#29       3.06, -91.65  mega    h  3.15  band  1.79  reach   1.9  discs 10 shield  2.16  phantom  -0.37  slender   1.76  midW   3.2  topW  1.45  midEye   0.98  topEye   2.17
  scatter:rock#13      90.01,  -2.38  mega    h  2.93  band  1.83  reach  1.88  discs 10 shield  2.22  phantom  -0.39  slender    1.6  midW  3.14  topW  1.54  midEye   0.93  topEye    1.9
  scatter:rock#16     -11.11,-106.49  block   h   3.9  band  2.14  reach  2.19  discs 12 shield  2.55  phantom  -0.41  slender   1.82  midW  3.45  topW  1.59  midEye   1.13  topEye   2.45
  scatter:rock#0       -0.96,  95.86  block   h  3.38  band  2.12  reach  2.12  discs 11 shield  2.54  phantom  -0.42  slender   1.59  midW  3.45  topW  1.55  midEye   0.98  topEye   2.18
  scatter:rock#12      -9.97, -87.56  block   h  2.81  band     2  reach  2.05  discs  9 shield  2.44  phantom  -0.44  slender   1.41  midW  3.47  topW  1.72  midEye   0.81  topEye   1.63
  scatter:rock#19     -47.08,  95.09  block   h  2.97  band  1.88  reach  1.93  discs 10 shield  2.38  phantom   -0.5  slender   1.58  midW  3.31  topW  1.66  midEye    0.9  topEye   1.79
  scatter:rock#9     -103.96,  22.75  mega    h  2.67  band  2.55  reach  2.57  discs 10 shield   3.1  phantom  -0.55  slender   1.05  midW  4.53  topW  2.01  midEye   0.59  topEye   1.33
  scatter:rock#24     -78.62,   7.75  block   h  3.76  band  2.07  reach   2.1  discs 11 shield  2.62  phantom  -0.55  slender   1.82  midW  3.42  topW  1.52  midEye    1.1  topEye   2.47
  scatter:rock#17     -84.11, -14.37  mega    h  5.41  band  3.47  reach  3.51  discs 12 shield  4.35  phantom  -0.88  slender   1.56  midW  5.91  topW  2.76  midEye   0.92  topEye   1.96
PHANTOM_BAND 0 · SPIRE_OVER_3x 0 · TALL_NO_BAND 0
EYE_WIDTHS height/silhouette-diameter · mid distribution only, top gated as TAPER
  block   n 10  mid   0.6/  0.9/ 1.13  top   1.3/ 1.95/ 2.47  (min/med/max)  tallest h 3.9 m
  mega    n  7  mid  0.59/ 0.86/ 0.98  top  1.22/ 1.79/ 2.17  (min/med/max)  tallest h 5.41 m
  cobble  n  7  mid  0.55/  0.6/ 0.86  top  1.05/ 1.11/ 1.66  (min/med/max)  tallest h 0.96 m
  shard   n  5  mid  1.41/  1.9/ 1.92  top  2.84/  3.8/ 3.81  (min/med/max)  tallest h 4.62 m
  slab    n  1  mid  0.45/ 0.45/ 0.45  top   0.7/  0.7/  0.7  (min/med/max)  tallest h 0.78 m
  worst mid 1.92 · worst top 3.81 · cone reference at worst-mid: a stone as wide at 0.85 h as a cone is top 0.3 x mid
TAPER top/mid · cone floor 0.3 · covered 22 of 30 rows (h >= 1 m) · min 0.444 med 0.467 max 0.524
BOX_VS_MESH heightM - eyeHiM · max 0.58 · med 0.12 · min 0.02 m
  thinnest covered scatter:rock#9 mega h 2.67 midW 4.53 (456 chords) topW 2.01 (452) -> taper 0.444
  uncovered 8 rows are below the 1 m floor by design · their topW/chords 0.5/452 0.63/452 0.45/452 1.11/454 0.58/456 0.82/452 0.83/452 0.46/452
TAPER_OVER_CONE 0 · CONTROL needle h4 waist1 top0.05 ok(+1) · at-reference h2 waist1 top0.3 ok(+0) · under-reference h2 top0.29 ok(+1) · blunt h2 waist1 top0.9 ok(+0) · short needle h0.5 top0.01 ok(+0)
SLUMPED 3
    11.52, -86.82 shard   5.87 m over 1.59 m band -> 4.62 m over 1.54 m band
  -101.55, -11.62 shard   3.27 m over 0.89 m band -> 2.66 m over 0.89 m band
   -86.31,  10.37 shard   5.55 m over 1.49 m band -> 4.46 m over 1.49 m band
  tallest 5.41 m · worst slenderness 3
BOULDER_SPIRE_RC=0 · refusals phantom 0 spire 0 no-band 0 taper 0
