TARGET http://127.0.0.1:8080/qa_boot.html [RED STARBASE · 火星星舰基地 — 漫游车交互艺术体验]
## menu:quality-hi {"name":"menu:quality-hi","target":".q-card[data-q=\"hi\"]","before":"q-card rec sel","after":"std:false hi:true"}
## menu:quality-std {"name":"menu:quality-std","target":".q-card[data-q=\"std\"]","after":"std:true hi:false | start disabled=false"}
## menu:lang-toggle {"name":"menu:lang-toggle","target":"#lang-btn","before":"EN | 选择渲染画质 | 流畅 · 笔记本与移动端 | 39.8438px","after":"中文 | Choose render quality | Smooth · laptops and mobile | 49.4531px","reading":{"h":0,"v":0,"collisions":0,"enCollisions":0,"min":12,"under11":0,"tracked15":12.9,"wide":[".menu-title:Choose render =20px/0.5em","b:Standard=22px/0.2em","b:High quality=22px/0.2em","#start-btn:S T A R T  R O=18px/0.4em"],"below45":0,"contrastMin":4.72,"textPct":35.25,"panelPct":31.52,"panelBox":{"el":"button","own":"#menu","pct":11.43,"bg":true,"border":true,"blur":false,"radius":"10px"},"pinned":[],"density":{"bar":{"textPct":5,"panelPct":5,"cardedBoxPct":3},"judged":false,"textPct":0.48,"panelPct":0.48,"cardedBox":"none","summonedUp":["#menu"],"control":null,"ownerSplit":[["#lang-btn",0.48,0.48]],"fail":[]},"mpOpenAt":[false,false],"mpWaited":0,"mpPops":0,"anchors":["plant did not reach: {\"skipped\":\"anchor not on screen: zero-box\"}"],"controls":{"planted":true,"phantom":{"latin":0,"cjk":0},"discriminates":true,"restored":true}},"worst":{"h":[],"v":[],"col":[]}}
## menu:lang-back {"name":"menu:lang-back","target":"#lang-btn","after":"EN","reading":{"h":0,"v":0,"collisions":0,"enCollisions":0,"min":12,"under11":0,"tracked15":12.9,"wide":[".menu-title:选择渲染画质=20px/0.5em","b:标准=22px/0.2em","b:高质量=22px/0.2em","#start-btn:启 动 漫 游 车=18px/0.4em"],"below45":0,"contrastMin":4.73,"textPct":29.88,"panelPct":29.2,"panelBox":{"el":"button","own":"#menu","pct":12.16,"bg":true,"border":true,"blur":false,"radius":"10px"},"pinned":[],"density":{"bar":{"textPct":5,"panelPct":5,"cardedBoxPct":3},"judged":false,"textPct":0.36,"panelPct":0.36,"cardedBox":"none","summonedUp":["#menu"],"control":null,"ownerSplit":[["#lang-btn",0.36,0.36]],"fail":[]},"mpOpenAt":[false,false],"mpWaited":0,"mpPops":0,"anchors":["plant did not reach: {\"skipped\":\"anchor not on screen: zero-box\"}"],"controls":{"planted":true,"phantom":{"latin":0,"cjk":0},"discriminates":true,"restored":true}},"worst":{"h":[],"v":[],"col":[]},"png":"/tmp/rsb-j2-click/menu.png"}
## menu:start {"name":"menu:start","target":"#start-btn","after":"hidden | overlay hidden | false"}
!! hud:mission-panel FAIL §7 density: 文本 8.69 % > 5; 盒子 10.92 % > 5; #mission-panel 是 8.11 % 的「底色+描边+模糊」盒 > 3 | 各层 #mission-panel,3.65,8.11 , #tele-fab,1.69,1.69 , #mute-fab,0.76,0.76 , #lang-btn,0.36,0.36 , #speedo,0.83,0 , #power-hud,0.25,0
## hud:mission-hover-open {"name":"hud:mission-hover-open","before":{"open":false,"lines":4,"shown":1,"headShown":true,"label":"还有 3 条","hidden":false,"aria":"false","focused":false,"box":[284,94],"btnBox":[35,83,62,18]},"after":{"open":true,"lines":4,"shown":4,"headShown":true,"label":"收起任务","hidden":false,"aria":"true","focused":false,"box":[361,169],"btnBox":[35,83,51,18]},"reading":{"h":1,"v":0,"collisions":0,"enCollisions":0,"min":12,"under11":0,"tracked15":0,"wide":[],"below45":0,"contrastMin":5.5,"textPct":17.02,"panelPct":21.36,"panelBox":{"el":"#mission-panel","own":"#mission-panel","pct":18.54,"bg":true,"border":true,"blur":true,"radius":"10px"},"pinned":["mission-panel"],"density":{"bar":{"textPct":5,"panelPct":5,"cardedBoxPct":3},"judged":false,"textPct":17.02,"panelPct":21.35,"cardedBox":"#mission-panel 18.54 %","summonedUp":[],"control":null,"ownerSplit":[["#mission-panel",11.98,18.54],["#tele-fab",1.69,1.69],["#mute-fab",0.76,0.76],["#lang-btn",0.36,0.36],["#speedo",0.83,0],["#power-hud",0.25,0]],"fail":[]},"mpOpenAt":[true,true],"mpWaited":0,"mpPops":0,"anchors":[],"controls":{"planted":true,"phantom":{"latin":0,"cjk":0},"discriminates":true,"restored":true}},"worst":{"h":["#hud \"任务日志\n    重启基地电网 \" 414>390 +24px overruns"],"v":[],"col":[]}}
## hud:mission-hover-close {"name":"hud:mission-hover-close","before":{"open":true,"lines":4,"shown":4,"headShown":true,"label":"收起任务","hidden":false,"aria":"true","focused":false,"box":[361,169],"btnBox":[35,83,51,18]},"after":{"open":false,"lines":4,"shown":1,"headShown":true,"label":"还有 3 条","hidden":false,"aria":"false","focused":false,"box":[284,94],"btnBox":[35,83,62,18]},"png":"/tmp/rsb-j2-click/hud-collapsed.png"}
## hud:mission-click-collapse {"name":"hud:mission-click-collapse","target":"#mp-more","before":{"open":false,"lines":4,"shown":1,"headShown":true,"label":"还有 3 条","hidden":false,"aria":"false","focused":false,"box":[284,94],"btnBox":[35,83,62,18]},"after":{"open":false,"lines":4,"shown":1,"headShown":true,"label":"还有 3 条","hidden":false,"aria":"false","focused":true,"box":[284,94],"btnBox":[35,83,62,18]}}
## hud:mission-click-open {"name":"hud:mission-click-open","target":"#mp-more","before":{"open":false,"lines":4,"shown":1,"headShown":true,"label":"还有 3 条","hidden":false,"aria":"false","focused":true,"box":[284,94],"btnBox":[35,83,62,18]},"after":{"open":true,"lines":4,"shown":4,"headShown":true,"label":"收起任务","hidden":false,"aria":"true","focused":true,"box":[361,169],"btnBox":[35,83,51,18]},"reading":{"h":1,"v":0,"collisions":0,"enCollisions":0,"min":12,"under11":0,"tracked15":0,"wide":[],"below45":0,"contrastMin":5.5,"textPct":17.02,"panelPct":21.36,"panelBox":{"el":"#mission-panel","own":"#mission-panel","pct":18.54,"bg":true,"border":true,"blur":true,"radius":"10px"},"pinned":["mission-panel"],"density":{"bar":{"textPct":5,"panelPct":5,"cardedBoxPct":3},"judged":false,"textPct":17.02,"panelPct":21.35,"cardedBox":"#mission-panel 18.54 %","summonedUp":[],"control":null,"ownerSplit":[["#mission-panel",11.98,18.54],["#tele-fab",1.69,1.69],["#mute-fab",0.76,0.76],["#lang-btn",0.36,0.36],["#speedo",0.83,0],["#power-hud",0.25,0]],"fail":[]},"mpOpenAt":[true,true],"mpWaited":0,"mpPops":0,"anchors":[],"controls":{"planted":true,"phantom":{"latin":0,"cjk":0},"discriminates":true,"restored":true}},"worst":{"h":["#hud \"任务日志\n    重启基地电网 \" 414>390 +24px overruns"],"v":[],"col":[]},"png":"/tmp/rsb-j2-click/hud-log-open.png"}
## hud:mission-key-collapse {"name":"hud:mission-key-collapse","target":"Enter","before":{"open":true,"lines":4,"shown":4,"headShown":true,"label":"收起任务","hidden":false,"aria":"true","focused":true,"box":[361,169],"btnBox":[35,83,51,18]},"after":{"open":false,"lines":4,"shown":1,"headShown":true,"label":"还有 3 条","hidden":false,"aria":"false","focused":true,"box":[284,94],"btnBox":[35,83,62,18]}}
## hud:mission-key-open {"name":"hud:mission-key-open","target":"Enter","before":{"open":false,"lines":4,"shown":1,"headShown":true,"label":"还有 3 条","hidden":false,"aria":"false","focused":true,"box":[284,94],"btnBox":[35,83,62,18]},"after":{"open":true,"lines":4,"shown":4,"headShown":true,"label":"收起任务","hidden":false,"aria":"true","focused":true,"box":[361,169],"btnBox":[35,83,51,18]}}
## hud:mission-blur-close {"name":"hud:mission-blur-close","before":{"open":true,"lines":4,"shown":4,"headShown":true,"label":"收起任务","hidden":false,"aria":"true","focused":true,"box":[361,169],"btnBox":[35,83,51,18]},"after":{"open":false,"lines":4,"shown":1,"headShown":true,"label":"还有 3 条","hidden":false,"aria":"false","focused":false,"box":[284,94],"btnBox":[35,83,62,18]}}
## hud:mission-state {"states":7,"opened":["收起任务","收起任务","收起任务"],"closed":["还有 3 条","还有 3 条","还有 3 条","还有 3 条"],"btnBoxes":["35,83,51,18","35,83,62,18"],"anchors":["35,83"],"bad":[]}
## hud:motion-landing {"name":"hud:motion-landing","mode":"default","bezier":8,"of":8,"keepLinear":"3/3","entry":"2/2","durations":["0.42s","0.42s"],"tokens":[["--ease-pop","cubic-bezier(.34,1.56,.64,1)"],["--ease-glide","cubic-bezier(.22,1.28,.36,1)"],["--ease-lean","cubic-bezier(.62,-.34,.34,1.24)"],["--ease-exit","cubic-bezier(.6,-.28,.86,.5)"]]}
## hud:motion-reduced {"name":"hud:motion-reduced","mode":"reduce","bezier":0,"of":8,"keepLinear":"3/3","entry":"0/2","durations":["1e-05s","1e-05s"],"tokens":[["--ease-pop","linear"],["--ease-glide","linear"],["--ease-lean","linear"],["--ease-exit","linear"]]}
## hud:teleport-open {"name":"hud:teleport-open","target":"#tele-fab","after":" | 7 | block"}
!! hud:teleport-warp FAIL §7 density: 文本 8.69 % > 5; 盒子 10.92 % > 5; #mission-panel 是 8.11 % 的「底色+描边+模糊」盒 > 3 | 各层 #mission-panel,3.65,8.11 , #tele-fab,1.69,1.69 , #mute-fab,0.76,0.76 , #lang-btn,0.36,0.36 , #speedo,0.83,0 , #power-hud,0.25,0
!! hud:pad-leave FAIL state: not off the pad at read time: d=1.34 of r=3.9 at -7.8,1.1,9.1 — the hold never crossed the keep-out, so nothing was proven
!! hud:mute-fab FAIL §7 density: 文本 11.89 % > 5; 盒子 13.84 % > 5; #mission-panel 是 8.11 % 的「底色+描边+模糊」盒 > 3 | 各层 #mission-panel,3.65,8.11 , #tele-hint,4.82,4.56 , #mute-fab,0.81,0.81 , #lang-btn,0.36,0.36 , #speedo,0.83,0 , #power-hud,0.29,0
## hud:photo-mode {"name":"hud:photo-mode","target":"p","after":" | "}
!! hud:photo-exit FAIL §7 density: 文本 11.75 % > 5; 盒子 13.69 % > 5; #mission-panel 是 8.11 % 的「底色+描边+模糊」盒 > 3 | 各层 #mission-panel,3.65,8.11 , #tele-hint,4.82,4.56 , #mute-fab,0.66,0.66 , #lang-btn,0.36,0.36 , #speedo,0.83,0 , #power-hud,0.29,0
## hud:race-start {"name":"hud:race-start","target":"r","after":" | 检查点 0/6"}
!! hud:race-board FAIL §7 density: 文本 11.85 % > 5; 盒子 13.79 % > 5; #mission-panel 是 8.11 % 的「底色+描边+模糊」盒 > 3 | 各层 #mission-panel,3.65,8.11 , #tele-hint,4.82,4.56 , #mute-fab,0.76,0.76 , #lang-btn,0.36,0.36 , #speedo,0.83,0 , #power-hud,0.29,0
!! hud:board-close FAIL §7 density: 文本 11.85 % > 5; 盒子 13.79 % > 5; #mission-panel 是 8.11 % 的「底色+描边+模糊」盒 > 3 | 各层 #mission-panel,3.65,8.11 , #tele-hint,4.82,4.56 , #mute-fab,0.76,0.76 , #lang-btn,0.36,0.36 , #speedo,0.83,0 , #power-hud,0.29,0
SUMMARY [
 {
  "n": "menu:quality-hi"
 },
 {
  "n": "menu:quality-std"
 },
 {
  "n": "menu:lang-toggle",
  "read": {
   "min": 12,
   "col": 0,
   "h": 0,
   "v": 0,
   "wide": [
    ".menu-title:Choose render =20px/0.5em",
    "b:Standard=22px/0.2em",
    "b:High quality=22px/0.2em",
    "#start-btn:S T A R T  R O=18px/0.4em"
   ]
  }
 },
 {
  "n": "menu:lang-back",
  "read": {
   "min": 12,
   "col": 0,
   "h": 0,
   "v": 0,
   "wide": [
    ".menu-title:选择渲染画质=20px/0.5em",
    "b:标准=22px/0.2em",
    "b:高质量=22px/0.2em",
    "#start-btn:启 动 漫 游 车=18px/0.4em"
   ]
  },
  "png": "/tmp/rsb-j2-click/menu.png"
 },
 {
  "n": "menu:start"
 },
 {
  "n": "hud:mission-panel",
  "fail": "§7 density: 文本 8.69 % > 5; 盒子 10.92 % > 5; #mission-panel 是 8.11 % 的「底色+描边+模糊」盒 > 3 | 各层 #mission-panel,3.65,8.11 , #tele-fab,1.69,1.69 , #mute-fab,0.76,0.76 , #lang-btn,0.36,0.36 , #speedo,0.83,0 , #power-hud,0.25,0",
  "read": {
   "min": 12,
   "col": 0,
   "h": 1,
   "v": 0
  },
  "png": "/tmp/rsb-j2-click/hud.png"
 },
 {
  "n": "hud:mission-hover-open",
  "read": {
   "min": 12,
   "col": 0,
   "h": 1,
   "v": 0
  }
 },
 {
  "n": "hud:mission-hover-close",
  "png": "/tmp/rsb-j2-click/hud-collapsed.png"
 },
 {
  "n": "hud:mission-click-collapse"
 },
 {
  "n": "hud:mission-click-open",
  "read": {
   "min": 12,
   "col": 0,
   "h": 1,
   "v": 0
  },
  "png": "/tmp/rsb-j2-click/hud-log-open.png"
 },
 {
  "n": "hud:mission-key-collapse"
 },
 {
  "n": "hud:mission-key-open"
 },
 {
  "n": "hud:mission-blur-close"
 },
 {
  "n": "hud:mission-state"
 },
 {
  "n": "hud:motion-landing",
  "bezier": 8,
  "of": 8,
  "mode": "default"
 },
 {
  "n": "hud:motion-reduced",
  "bezier": 0,
  "of": 8,
  "mode": "reduce"
 },
 {
  "n": "hud:teleport-open"
 },
 {
  "n": "hud:teleport-warp",
  "fail": "§7 density: 文本 8.69 % > 5; 盒子 10.92 % > 5; #mission-panel 是 8.11 % 的「底色+描边+模糊」盒 > 3 | 各层 #mission-panel,3.65,8.11 , #tele-fab,1.69,1.69 , #mute-fab,0.76,0.76 , #lang-btn,0.36,0.36 , #speedo,0.83,0 , #power-hud,0.25,0",
  "read": {
   "min": 12,
   "col": 0,
   "h": 1,
   "v": 0
  },
  "png": "/tmp/rsb-j2-click/after-warp.png"
 },
 {
  "n": "hud:pad-leave",
  "fail": "state: not off the pad at read time: d=1.34 of r=3.9 at -7.8,1.1,9.1 — the hold never crossed the keep-out, so nothing was proven",
  "png": "/tmp/rsb-j2-click/after-leave.png"
 },
 {
  "n": "hud:mute-fab",
  "fail": "§7 density: 文本 11.89 % > 5; 盒子 13.84 % > 5; #mission-panel 是 8.11 % 的「底色+描边+模糊」盒 > 3 | 各层 #mission-panel,3.65,8.11 , #tele-hint,4.82,4.56 , #mute-fab,0.81,0.81 , #lang-btn,0.36,0.36 , #speedo,0.83,0 , #power-hud,0.29,0",
  "read": {
   "min": 12,
   "col": 1,
   "h": 1,
   "v": 0
  }
 },
 {
  "n": "hud:photo-mode"
 },
 {
  "n": "hud:photo-exit",
  "fail": "§7 density: 文本 11.75 % > 5; 盒子 13.69 % > 5; #mission-panel 是 8.11 % 的「底色+描边+模糊」盒 > 3 | 各层 #mission-panel,3.65,8.11 , #tele-hint,4.82,4.56 , #mute-fab,0.66,0.66 , #lang-btn,0.36,0.36 , #speedo,0.83,0 , #power-hud,0.29,0",
  "read": {
   "min": 12,
   "col": 1,
   "h": 1,
   "v": 0
  }
 },
 {
  "n": "hud:race-start"
 },
 {
  "n": "hud:race-board",
  "fail": "§7 density: 文本 11.85 % > 5; 盒子 13.79 % > 5; #mission-panel 是 8.11 % 的「底色+描边+模糊」盒 > 3 | 各层 #mission-panel,3.65,8.11 , #tele-hint,4.82,4.56 , #mute-fab,0.76,0.76 , #lang-btn,0.36,0.36 , #speedo,0.83,0 , #power-hud,0.29,0",
  "read": {
   "min": 12,
   "col": 2,
   "h": 1,
   "v": 0,
   "wide": [
    "h3:环基地计时赛 · 排行榜=18px/0.2em"
   ]
  },
  "png": "/tmp/rsb-j2-click/race-board.png"
 },
 {
  "n": "hud:board-close",
  "fail": "§7 density: 文本 11.85 % > 5; 盒子 13.79 % > 5; #mission-panel 是 8.11 % 的「底色+描边+模糊」盒 > 3 | 各层 #mission-panel,3.65,8.11 , #tele-hint,4.82,4.56 , #mute-fab,0.76,0.76 , #lang-btn,0.36,0.36 , #speedo,0.83,0 , #power-hud,0.29,0",
  "read": {
   "min": 12,
   "col": 2,
   "h": 1,
   "v": 0
  }
 }
]
STEPS 25 FAILED 7
