TARGET http://127.0.0.1:5173/?auto=std&v=crystal070 · buffer 1810x740 · 22/22 interactive points × 3 skies = 66 frames
UNITS clip,burn = % of the 16 000-px histogram sample · bins = ‰ each · shadow= chroma:warm/cool shares
WALLS 692 collider discs used for vantage clearance
SKY day dayT=0.3 settled in 2 frames · nightF=0 dayF=0.9969369718177339 duskF=0.03402291870487639 sun=3.39 clock=07:11
· day   pad:hub                at=[-13.5,2.22,19.9] clip=   0 burn=   0(null%) bins=0/416/211/48/233/89/2/0 lamp=1.128@0.021 sun=3.39 sunDeg=97 off=12m camCheck=null shadow=1.403*:0.995/0.005
· day   pad:launch             at=[-63.1,2.22,-48.5] clip= 0.3 burn=   0(null%) bins=1/252/302/106/184/129/25/3 lamp=1.164@0.059 sun=3.39 sunDeg=21 off=9m camCheck=0.5 shadow=1.373*:0.992/0.007
· day   pad:habitat            at=[-51.1,2.12,73.9] clip=   0 burn=   0(null%) bins=0/344/157/287/173/33/7/0 lamp=1.149@0.015 sun=3.39 sunDeg=97 off=15m camCheck=null shadow=1.403*:0.995/0.004
· day   pad:industry           at=[59.2,2.15,86.6] clip=   0 burn=   0(null%) bins=0/430/111/113/294/51/3/0 lamp=null@null sun=3.39 sunDeg=159 off=9m camCheck=null shadow=1.395*:0.991/0.007
· day   pad:comms              at=[56.4,2.12,-75.2] clip=   0 burn=   0(null%) bins=1/461/166/41/287/42/4/0 lamp=null@null sun=3.39 sunDeg=87 off=9m camCheck=0 shadow=1.394*:0.995/0.004
· day   pad:science            at=[5.2,2.02,81.4] clip=   0 burn=   0(null%) bins=1/494/86/33/319/62/5/0 lamp=1.13@0.012 sun=3.39 sunDeg=133 off=9m camCheck=null shadow=1.388*:0.986/0.005
· day   pad:motor              at=[1.8,2.12,-63.5] clip= 0.2 burn= 0.1(null%) bins=1/195/275/118/213/139/57/2 lamp=1.17@0.124 sun=3.39 sunDeg=53 off=12m camCheck=0 shadow=1.4*:0.993/0.007
· day   tap:hub                at=[-18.4,2.22,27.2] clip=   0 burn=   0(null%) bins=0/387/158/64/289/98/3/0 lamp=1.132@0.022 sun=3.39 sunDeg=97 off=13m camCheck=null shadow=1.493*:0.997/0.003
· day   tap:launch             at=[-79.6,2.22,-52.5] clip=   0 burn=   0(null%) bins=0/325/488/27/138/20/2/0 lamp=null@null sun=3.39 sunDeg=21 off=19m camCheck=null shadow=1.422*:0.999/0.001
· day   tap:habitat            at=[-68.1,2.12,80.5] clip=   0 burn=   0(null%) bins=0/116/95/352/392/40/5/0 lamp=1.119@0.014 sun=3.39 sunDeg=91 off=22m camCheck=0.1 shadow=1.431*:0.998/0.002
· day   tap:industry           at=[56.3,2.17,97] clip=   0 burn=   0(null%) bins=0/379/201/53/309/56/2/0 lamp=null@null sun=3.39 sunDeg=156 off=13m camCheck=null shadow=1.52*:0.996/0.002
· day   tap:comms              at=[60.4,2.12,-86.3] clip=   0 burn=   0(null%) bins=0/446/133/25/344/46/6/0 lamp=1.134@0.011 sun=3.39 sunDeg=85 off=13m camCheck=0 shadow=1.532*:0.991/0.005
· day   tap:science            at=[9.4,2.02,92.3] clip=   0 burn=   0(null%) bins=0/460/99/20/350/65/6/0 lamp=1.138@0.011 sun=3.39 sunDeg=135 off=13m camCheck=0.6 shadow=1.598*:0.997/0.001
· day   tap:motor              at=[-2.2,2.12,-57.4] clip= 0.2 burn= 0.1(null%) bins=1/328/187/83/203/144/52/2 lamp=1.177@0.123 sun=3.39 sunDeg=50 off=13m camCheck=0 shadow=1.376*:0.992/0.008
· day   sample:0               at=[93.4,2.19,75.9] clip= 0.1 burn=   0(null%) bins=0/125/388/57/338/84/8/1 lamp=1.165@0.032 sun=3.39 sunDeg=164 off=15m camCheck=0.1 shadow=1.546*:0.995/0.002
· day   sample:1               at=[-97.6,1.82,70] clip=   0 burn=   0(null%) bins=0/300/280/39/288/82/10/0 lamp=1.129@0.028 sun=3.39 sunDeg=78 off=15m camCheck=0.2 shadow=1.552*:0.999/0.001
· day   sample:2               at=[115.3,1.47,-39.8] clip=   0 burn=   0(null%) bins=0/47/171/213/513/51/5/0 lamp=1.142@0.014 sun=3.39 sunDeg=118 off=18m camCheck=0 shadow=1.532*:0.993/0.003
· day   sample:3               at=[-35,1.92,106.9] clip=   0 burn=   0(null%) bins=0/457/104/22/327/85/5/0 lamp=1.136@0.018 sun=3.39 sunDeg=113 off=9m camCheck=null shadow=1.634*:0.992/0.005
· day   sample:4               at=[43.3,2.36,-93.4] clip=   0 burn=   0(null%) bins=0/453/134/35/310/60/8/0 lamp=1.14@0.015 sun=3.39 sunDeg=75 off=9m camCheck=0 shadow=1.554*:0.985/0.013
· day   sample:5               at=[-104.9,1.6,-39.4] clip= 0.2 burn=   0(null%) bins=0/315/294/67/150/142/30/2 lamp=1.177@0.08 sun=3.39 sunDeg=29 off=9m camCheck=null shadow=1.56*:0.992/0.008
· day   leak:tanks             at=[108.3,2.32,55.4] clip=   0 burn=   0(null%) bins=0/142/391/38/356/71/2/0 lamp=1.179@0.019 sun=3.39 sunDeg=158 off=25m camCheck=0.1 shadow=1.514*:0.995/0.001
· day   watch:deck             at=[-36.6,3.3,-38.8] clip= 0.1 burn=   0(null%) bins=0/419/138/32/263/130/16/1 lamp=1.176@0.043 sun=3.39 sunDeg=19 off=30m camCheck=0.4 shadow=1.463*:0.997/0.003
SKY dusk dayT=0.76 settled in 2 frames · nightF=0.7364732472882882 dayF=0 duskF=0.4738494896536365 sun=1.28 clock=18:14
· dusk  pad:hub                at=[-13.5,2.22,19.9] clip=   0 burn=   0(null%) bins=5/689/232/69/5/1/0/0 lamp=null@null sun=1.28 sunDeg=97 off=12m camCheck=null shadow=1.208*:0.784/0.216
· dusk  pad:launch             at=[-63.1,2.22,-48.5] clip=   0 burn=   0(null%) bins=8/538/420/26/8/1/1/0 lamp=null@null sun=1.28 sunDeg=36 off=9m camCheck=0.5 shadow=1.17*:0.716/0.283
· dusk  pad:habitat            at=[-51.1,2.12,73.9] clip=   0 burn=   0(null%) bins=3/514/333/120/21/5/3/0 lamp=null@null sun=1.28 sunDeg=97 off=15m camCheck=null shadow=1.216*:0.898/0.101
· dusk  pad:industry           at=[59.2,2.15,86.6] clip=   0 burn=   0(null%) bins=5/586/320/70/17/2/0/0 lamp=null@null sun=1.28 sunDeg=147 off=9m camCheck=null shadow=1.199*:0.787/0.212
· dusk  pad:comms              at=[56.4,2.12,-75.2] clip=   0 burn=   0(null%) bins=12/718/226/33/9/2/0/0 lamp=null@null sun=1.28 sunDeg=88 off=9m camCheck=0 shadow=1.197*:0.71/0.289
· dusk  pad:science            at=[5.2,2.02,81.4] clip=   0 burn=   0(null%) bins=21/698/223/33/17/8/0/0 lamp=null@null sun=1.28 sunDeg=128 off=9m camCheck=null shadow=1.214*:0.761/0.238
· dusk  pad:motor              at=[1.8,2.12,-63.5] clip=   0 burn=   0(null%) bins=3/416/456/103/20/1/0/0 lamp=null@null sun=1.28 sunDeg=59 off=12m camCheck=0 shadow=1.16*:0.671/0.328
· dusk  tap:hub                at=[-18.4,2.22,27.2] clip=   0 burn=   0(null%) bins=0/707/188/95/8/1/1/0 lamp=null@null sun=1.28 sunDeg=97 off=13m camCheck=null shadow=1.268*:0.782/0.217
· dusk  tap:launch             at=[-79.6,2.22,-52.5] clip=   0 burn=   0(null%) bins=0/633/321/38/6/2/0/0 lamp=null@null sun=1.28 sunDeg=35 off=19m camCheck=null shadow=1.231*:0.864/0.135
· dusk  tap:habitat            at=[-68.1,2.12,80.5] clip=   0 burn=   0(null%) bins=0/266/489/243/1/0/1/0 lamp=null@null sun=1.28 sunDeg=92 off=22m camCheck=0.1 shadow=1.222*:0.894/0.106
· dusk  tap:industry           at=[56.3,2.17,97] clip=   0 burn=   0(null%) bins=0/655/290/47/6/1/0/0 lamp=null@null sun=1.28 sunDeg=144 off=13m camCheck=null shadow=1.274*:0.788/0.21
· dusk  tap:comms              at=[60.4,2.12,-86.3] clip=   0 burn=   0(null%) bins=1/715/243/25/12/4/0/0 lamp=null@null sun=1.28 sunDeg=86 off=13m camCheck=0 shadow=1.258*:0.659/0.34
· dusk  tap:science            at=[9.4,2.02,92.3] clip=   0 burn=   0(null%) bins=0/729/224/33/11/3/0/0 lamp=null@null sun=1.28 sunDeg=129 off=13m camCheck=0.6 shadow=1.31*:0.778/0.222
· dusk  tap:motor              at=[-2.2,2.12,-57.4] clip=   0 burn=   0(null%) bins=7/533/385/48/22/5/1/0 lamp=null@null sun=1.28 sunDeg=56 off=13m camCheck=0 shadow=1.151*:0.627/0.373
· dusk  sample:0               at=[93.4,2.19,75.9] clip=   0 burn=   0(null%) bins=0/579/328/63/28/2/0/0 lamp=null@null sun=1.28 sunDeg=148 off=15m camCheck=0.1 shadow=1.274*:0.75/0.249
· dusk  sample:1               at=[-97.6,1.82,70] clip=   0 burn=   0(null%) bins=0/733/206/46/12/3/0/0 lamp=null@null sun=1.28 sunDeg=80 off=15m camCheck=0.2 shadow=1.304*:0.73/0.27
· dusk  sample:2               at=[115.3,1.47,-39.8] clip=   0 burn=   0(null%) bins=0/709/244/32/13/2/0/0 lamp=null@null sun=1.28 sunDeg=115 off=18m camCheck=0 shadow=1.201*:0.607/0.393
· dusk  sample:3               at=[-35,1.92,106.9] clip=   0 burn=   0(null%) bins=1/758/184/39/15/4/0/0 lamp=null@null sun=1.28 sunDeg=111 off=9m camCheck=null shadow=1.331*:0.755/0.244
· dusk  sample:4               at=[43.3,2.36,-93.4] clip=   0 burn=   0(null%) bins=4/664/275/31/15/10/0/0 lamp=null@null sun=1.28 sunDeg=78 off=9m camCheck=0 shadow=1.276*:0.658/0.341
· dusk  sample:5               at=[-104.9,1.6,-39.4] clip=   0 burn=   0(null%) bins=0/641/321/26/7/4/0/0 lamp=null@null sun=1.28 sunDeg=41 off=9m camCheck=null shadow=1.291*:0.711/0.289
· dusk  leak:tanks             at=[108.3,2.32,55.4] clip=   0 burn=   0(null%) bins=0/616/317/43/18/5/1/0 lamp=null@null sun=1.28 sunDeg=145 off=25m camCheck=0.1 shadow=1.248*:0.733/0.266
· dusk  watch:deck             at=[-36.6,3.3,-38.8] clip=   0 burn=   0(null%) bins=0/631/359/9/0/0/0/0 lamp=null@null sun=1.28 sunDeg=34 off=30m camCheck=0.4 shadow=1.215*:0.628/0.371
SKY night dayT=0.9 settled in 2 frames · nightF=1 dayF=0 duskF=0 sun=1.7 clock=21:36
· night pad:hub                at=[-13.5,2.22,19.9] clip=   0 burn=   0(null%) bins=1/590/299/93/14/2/0/0 lamp=null@null sun=1.7 sunDeg=97 off=12m camCheck=null shadow=1.154*:0.74/0.26
· night pad:launch             at=[-63.1,2.22,-48.5] clip=   0 burn=   0(null%) bins=8/411/520/45/11/4/1/0 lamp=null@null sun=1.7 sunDeg=40 off=9m camCheck=0.5 shadow=1.101:0.71/0.288
· night pad:habitat            at=[-51.1,2.12,73.9] clip= 0.3 burn=   0(null%) bins=0/410/327/182/60/17/2/3 lamp=1.094@0.011 sun=1.7 sunDeg=96 off=15m camCheck=null shadow=1.181*:0.963/0.034
· night pad:industry           at=[59.2,2.15,86.6] clip=   0 burn=   0(null%) bins=6/549/308/92/40/5/0/0 lamp=null@null sun=1.7 sunDeg=142 off=9m camCheck=null shadow=1.124:0.693/0.305
· night pad:comms              at=[56.4,2.12,-75.2] clip=   0 burn=   0(null%) bins=14/676/254/37/14/5/0/0 lamp=null@null sun=1.7 sunDeg=88 off=9m camCheck=0 shadow=1.127:0.695/0.303
· night pad:science            at=[5.2,2.02,81.4] clip=   0 burn=   0(null%) bins=22/679/234/33/19/13/0/0 lamp=null@null sun=1.7 sunDeg=126 off=9m camCheck=null shadow=1.138:0.651/0.348
· night pad:motor              at=[1.8,2.12,-63.5] clip=   0 burn=   0(null%) bins=4/348/497/82/66/3/0/0 lamp=null@null sun=1.7 sunDeg=61 off=12m camCheck=0 shadow=1.084:0.647/0.352
· night tap:hub                at=[-18.4,2.22,27.2] clip= 0.1 burn=   0(null%) bins=0/617/246/112/22/1/0/1 lamp=null@null sun=1.7 sunDeg=97 off=13m camCheck=null shadow=1.178*:0.674/0.325
· night tap:launch             at=[-79.6,2.22,-52.5] clip=   0 burn=   0(null%) bins=0/542/398/35/22/3/1/0 lamp=null@null sun=1.7 sunDeg=40 off=19m camCheck=null shadow=1.147:0.856/0.143
· night tap:habitat            at=[-68.1,2.12,80.5] clip=   0 burn=   0(null%) bins=0/247/338/403/11/1/0/0 lamp=null@null sun=1.7 sunDeg=92 off=22m camCheck=0.1 shadow=1.157*:0.859/0.141
· night tap:industry           at=[56.3,2.17,97] clip=   0 burn=   0(null%) bins=0/591/333/57/17/2/0/0 lamp=null@null sun=1.7 sunDeg=140 off=13m camCheck=null shadow=1.195*:0.692/0.306
· night tap:comms              at=[60.4,2.12,-86.3] clip=   0 burn=   0(null%) bins=1/677/276/24/10/12/0/0 lamp=null@null sun=1.7 sunDeg=86 off=13m camCheck=0 shadow=1.187*:0.64/0.359
· night tap:science            at=[9.4,2.02,92.3] clip=   0 burn=   0(null%) bins=0/685/264/33/11/8/0/0 lamp=null@null sun=1.7 sunDeg=127 off=13m camCheck=0.6 shadow=1.238*:0.669/0.33
· night tap:motor              at=[-2.2,2.12,-57.4] clip= 0.1 burn=   0(null%) bins=7/444/446/57/27/17/1/1 lamp=null@null sun=1.7 sunDeg=58 off=13m camCheck=0 shadow=1.077:0.594/0.406
· night sample:0               at=[93.4,2.19,75.9] clip=   0 burn=   0(null%) bins=0/473/414/60/48/5/1/0 lamp=null@null sun=1.7 sunDeg=144 off=15m camCheck=0.1 shadow=1.204*:0.663/0.336
· night sample:1               at=[-97.6,1.82,70] clip=   0 burn=   0(null%) bins=0/686/245/43/19/8/0/0 lamp=null@null sun=1.7 sunDeg=81 off=15m camCheck=0.2 shadow=1.234*:0.66/0.339
· night sample:2               at=[115.3,1.47,-39.8] clip=   0 burn=   0(null%) bins=0/666/285/30/14/5/0/0 lamp=null@null sun=1.7 sunDeg=114 off=18m camCheck=0 shadow=1.137:0.566/0.434
· night sample:3               at=[-35,1.92,106.9] clip=   0 burn=   0(null%) bins=0/597/338/40/14/11/0/0 lamp=null@null sun=1.7 sunDeg=110 off=9m camCheck=null shadow=1.229*:0.66/0.339
· night sample:4               at=[43.3,2.36,-93.4] clip=   0 burn=   0(null%) bins=5/620/313/30/14/18/0/0 lamp=1.136@0.013 sun=1.7 sunDeg=79 off=9m camCheck=0 shadow=1.209*:0.649/0.351
· night sample:5               at=[-104.9,1.6,-39.4] clip=   0 burn=   0(null%) bins=3/547/404/30/8/7/0/0 lamp=null@null sun=1.7 sunDeg=45 off=9m camCheck=null shadow=1.22*:0.699/0.299
· night leak:tanks             at=[108.3,2.32,55.4] clip=   0 burn=   0(null%) bins=0/594/332/40/28/5/1/0 lamp=null@null sun=1.7 sunDeg=141 off=25m camCheck=0.1 shadow=1.176*:0.646/0.353
· night watch:deck             at=[-36.6,3.3,-38.8] clip=   0 burn=   0(null%) bins=0/506/480/12/1/0/0/0 lamp=null@null sun=1.7 sunDeg=39 off=30m camCheck=0.4 shadow=1.135:0.621/0.378
SUMMARY frames=66 flagged=0 · worst clip: day/pad:launch=0.3 night/pad:habitat=0.3 day/pad:motor=0.2 day/tap:motor=0.2 day/sample:5=0.2 · worst bin0: night/pad:science=22 dusk/pad:science=21 night/pad:comms=14 dusk/pad:comms=12 dusk/pad:launch=8 · worst burn share: day/pad:hub=null day/pad:launch=null day/pad:habitat=null day/pad:industry=null day/pad:comms=null
COVERAGE vantage-in-geometry=0/66 · sun-in-frame(<20 deg)=1/66 · census-anchor-fail=0/66 (nearby() disagrees with the shot pose by > 2 m) · census-empty=27/66 (no emitter within 70 m of the pose, so nothing to cross-check) · burn-share-measured=0/66 (>= 160 blown px)
FRAMES /tmp/rsb-clip-2026-09-27/ (PNG, lossless — shot() stopped encoding JPEG, main.js:5141)
CLIP SWEEP PASS
