TARGET http://127.0.0.1:8080/qa_boot.html?auto=std · buffer 640x696 · 22/22 interactive points × 3 skies = 66 frames
UNITS clip,burn = % of the 16 000-px histogram sample · bins = ‰ each · shadow= chroma:warm/cool shares
WALLS 695 collider discs used for vantage clearance
SKY day dayT=0.3 settled in 2 frames · nightF=0 dayF=0.9969369718177339 duskF=0.03402291870487639 sun=3.39 clock=07:11
· day   pad:hub                at=[-13.5,2.22,19.9] clip=   0 burn=   0(null%) bins=0/456/213/58/213/60/1/0 lamp=1.117@0.011 sun=3.39 sunDeg=97 off=12m camCheck=0 shadow=1.378*:0.995/0.005
· day   pad:launch             at=[-63.1,2.22,-48.5] clip= 0.4 burn= 0.1(null%) bins=0/65/302/159/187/228/56/4 lamp=1.164@0.13 sun=3.39 sunDeg=21 off=9m camCheck=0 shadow=1.345*:0.998/0.002
· day   pad:habitat            at=[-51.1,2.12,73.9] clip=   0 burn=   0(null%) bins=0/283/213/212/236/55/0/0 lamp=1.126@0.011 sun=3.39 sunDeg=97 off=15m camCheck=0.6 shadow=1.408*:1/0
· day   pad:industry           at=[59.2,2.15,86.6] clip=   0 burn=   0(null%) bins=0/416/72/75/376/54/7/0 lamp=null@null sun=3.39 sunDeg=159 off=9m camCheck=0.2 shadow=1.375*:0.999/0
· day   pad:comms              at=[56.4,2.12,-75.2] clip=   0 burn=   0(null%) bins=0/440/95/39/408/19/0/0 lamp=null@null sun=3.39 sunDeg=87 off=9m camCheck=0 shadow=1.38*:0.999/0
· day   pad:science            at=[5.2,2.02,81.4] clip=   0 burn=   0(null%) bins=0/455/60/55/331/86/13/0 lamp=1.116@0.031 sun=3.39 sunDeg=133 off=9m camCheck=0.5 shadow=1.361*:0.98/0.009
· day   pad:motor              at=[1.8,2.12,-63.5] clip=   0 burn=   0(null%) bins=0/213/396/89/270/31/2/0 lamp=null@null sun=3.39 sunDeg=53 off=12m camCheck=0 shadow=1.409*:0.998/0.002
· day   tap:hub                at=[-18.4,2.22,27.2] clip= 0.2 burn= 0.1(null%) bins=0/450/131/54/261/91/10/2 lamp=1.118@0.026 sun=3.39 sunDeg=97 off=13m camCheck=0 shadow=1.489*:0.996/0.004
· day   tap:launch             at=[-79.6,2.22,-52.5] clip=   0 burn=   0(null%) bins=0/209/708/14/68/2/1/0 lamp=null@null sun=3.39 sunDeg=21 off=19m camCheck=0 shadow=1.407*:1/0
· day   tap:habitat            at=[-68.1,2.12,80.5] clip=   0 burn=   0(null%) bins=0/40/18/382/554/5/0/0 lamp=null@null sun=3.39 sunDeg=91 off=22m camCheck=0.6 shadow=1.411*:0.989/0.01
· day   tap:industry           at=[56.3,2.17,97] clip=   0 burn=   0(null%) bins=0/429/123/34/339/69/6/0 lamp=null@null sun=3.39 sunDeg=156 off=13m camCheck=0.2 shadow=1.48*:0.999/0
· day   tap:comms              at=[60.4,2.12,-86.3] clip=   0 burn=   0(null%) bins=0/491/78/30/384/17/0/0 lamp=null@null sun=3.39 sunDeg=85 off=13m camCheck=0 shadow=1.53*:0.999/0.001
· day   tap:science            at=[9.4,2.02,92.3] clip=   0 burn=   0(null%) bins=0/466/85/36/324/78/11/0 lamp=1.128@0.028 sun=3.39 sunDeg=135 off=13m camCheck=0.4 shadow=1.548*:0.994/0.003
· day   tap:motor              at=[-2.2,2.12,-57.4] clip=   0 burn=   0(null%) bins=0/414/182/53/315/38/0/0 lamp=null@null sun=3.39 sunDeg=50 off=13m camCheck=0 shadow=1.369*:0.997/0.003
· day   sample:0               at=[93.4,2.19,75.9] clip= 0.1 burn= 0.1(null%) bins=0/79/422/30/357/101/10/1 lamp=1.175@0.045 sun=3.39 sunDeg=164 off=15m camCheck=null shadow=1.557*:0.991/0.002
· day   sample:1               at=[-97.6,1.82,70] clip=   0 burn=   0(null%) bins=0/311/226/25/323/114/0/0 lamp=1.143@0.013 sun=3.39 sunDeg=78 off=15m camCheck=0.5 shadow=1.555*:1/0
· day   sample:2               at=[115.3,1.47,-39.8] clip=   0 burn=   0(null%) bins=0/17/203/201/540/30/9/0 lamp=1.132@0.013 sun=3.39 sunDeg=118 off=18m camCheck=null shadow=1.539*:0.991/0.001
· day   sample:3               at=[-35,1.92,106.9] clip=   0 burn=   0(null%) bins=0/501/63/25/289/114/9/0 lamp=1.119@0.026 sun=3.39 sunDeg=113 off=9m camCheck=0.3 shadow=1.626*:0.986/0.011
· day   sample:4               at=[43.3,2.36,-93.4] clip=   0 burn=   0(null%) bins=0/488/79/24/387/22/0/0 lamp=null@null sun=3.39 sunDeg=75 off=9m camCheck=0 shadow=1.583*:0.973/0.025
· day   sample:5               at=[-104.9,1.6,-39.4] clip= 0.1 burn= 0.1(null%) bins=0/224/321/32/173/207/43/1 lamp=1.183@0.113 sun=3.39 sunDeg=29 off=9m camCheck=0 shadow=1.539*:0.988/0.012
· day   leak:tanks             at=[108.3,2.32,55.4] clip=   0 burn=   0(null%) bins=0/169/352/42/378/53/5/0 lamp=1.17@0.021 sun=3.39 sunDeg=158 off=25m camCheck=0.6 shadow=1.537*:1/0
· day   watch:deck             at=[-36.6,3.3,-38.8] clip= 0.1 burn= 0.1(null%) bins=0/419/155/43/179/174/29/1 lamp=1.183@0.077 sun=3.39 sunDeg=19 off=30m camCheck=0.1 shadow=1.416*:0.991/0.009
SKY dusk dayT=0.76 settled in 2 frames · nightF=0.7364732472882882 dayF=0 duskF=0.4738494896536365 sun=1.28 clock=18:14
· dusk  pad:hub                at=[-13.5,2.22,19.9] clip=   0 burn=   0(null%) bins=14/695/235/52/2/1/1/0 lamp=null@null sun=1.28 sunDeg=97 off=12m camCheck=0 shadow=1.165*:0.753/0.247
· dusk  pad:launch             at=[-63.1,2.22,-48.5] clip=   0 burn=   0(null%) bins=0/463/457/62/16/1/1/0 lamp=null@null sun=1.28 sunDeg=36 off=9m camCheck=0 shadow=1.138:0.629/0.37
· dusk  pad:habitat            at=[-51.1,2.12,73.9] clip=   0 burn=   0(null%) bins=0/508/405/75/6/1/4/0 lamp=null@null sun=1.28 sunDeg=97 off=15m camCheck=0.6 shadow=1.201*:0.861/0.139
· dusk  pad:industry           at=[59.2,2.15,86.6] clip=   0 burn=   0(null%) bins=0/541/365/71/19/4/1/0 lamp=null@null sun=1.28 sunDeg=147 off=9m camCheck=0.2 shadow=1.185*:0.758/0.242
· dusk  pad:comms              at=[56.4,2.12,-75.2] clip=   0 burn=   0(null%) bins=0/813/157/24/6/1/1/0 lamp=null@null sun=1.28 sunDeg=88 off=9m camCheck=0 shadow=1.181*:0.609/0.391
· dusk  pad:science            at=[5.2,2.02,81.4] clip=   0 burn=   0(null%) bins=0/641/248/83/20/8/0/0 lamp=null@null sun=1.28 sunDeg=128 off=9m camCheck=0.5 shadow=1.198*:0.83/0.161
· dusk  pad:motor              at=[1.8,2.12,-63.5] clip=   0 burn=   0(null%) bins=0/524/429/44/3/0/0/0 lamp=null@null sun=1.28 sunDeg=59 off=12m camCheck=0 shadow=1.18*:0.723/0.276
· dusk  tap:hub                at=[-18.4,2.22,27.2] clip= 0.1 burn=   0(null%) bins=0/757/191/47/1/1/2/1 lamp=null@null sun=1.28 sunDeg=97 off=13m camCheck=0 shadow=1.278*:0.811/0.189
· dusk  tap:launch             at=[-79.6,2.22,-52.5] clip=   0 burn=   0(null%) bins=0/756/243/1/0/0/0/0 lamp=null@null sun=1.28 sunDeg=35 off=19m camCheck=0 shadow=1.24*:0.937/0.063
· dusk  tap:habitat            at=[-68.1,2.12,80.5] clip=   0 burn=   0(null%) bins=0/59/556/385/0/0/0/0 lamp=null@null sun=1.28 sunDeg=92 off=22m camCheck=0.6 shadow=1.214*:0.985/0.015
· dusk  tap:industry           at=[56.3,2.17,97] clip=   0 burn=   0(null%) bins=1/653/288/48/7/3/0/0 lamp=null@null sun=1.28 sunDeg=144 off=13m camCheck=0.2 shadow=1.246*:0.797/0.202
· dusk  tap:comms              at=[60.4,2.12,-86.3] clip=   0 burn=   0(null%) bins=1/837/156/5/0/0/0/0 lamp=null@null sun=1.28 sunDeg=86 off=13m camCheck=0 shadow=1.258*:0.616/0.384
· dusk  tap:science            at=[9.4,2.02,92.3] clip=   0 burn=   0(null%) bins=1/697/230/50/16/6/0/0 lamp=null@null sun=1.28 sunDeg=129 off=13m camCheck=0.4 shadow=1.284*:0.854/0.142
· dusk  tap:motor              at=[-2.2,2.12,-57.4] clip=   0 burn=   0(null%) bins=2/600/366/18/13/1/1/0 lamp=null@null sun=1.28 sunDeg=56 off=13m camCheck=0 shadow=1.169*:0.657/0.343
· dusk  sample:0               at=[93.4,2.19,75.9] clip=   0 burn=   0(null%) bins=0/465/403/94/37/2/0/0 lamp=null@null sun=1.28 sunDeg=148 off=15m camCheck=null shadow=1.246*:0.728/0.267
· dusk  sample:1               at=[-97.6,1.82,70] clip=   0 burn=   0(null%) bins=0/723/233/40/4/0/0/0 lamp=null@null sun=1.28 sunDeg=80 off=15m camCheck=0.5 shadow=1.279*:0.694/0.299
· dusk  sample:2               at=[115.3,1.47,-39.8] clip=   0 burn=   0(null%) bins=0/827/135/25/10/3/0/0 lamp=null@null sun=1.28 sunDeg=115 off=18m camCheck=null shadow=1.2*:0.585/0.41
· dusk  sample:3               at=[-35,1.92,106.9] clip=   0 burn=   0(null%) bins=0/720/210/53/13/4/0/0 lamp=null@null sun=1.28 sunDeg=111 off=9m camCheck=0.3 shadow=1.315*:0.809/0.178
· dusk  sample:4               at=[43.3,2.36,-93.4] clip=   0 burn=   0(null%) bins=0/738/251/10/1/0/0/0 lamp=null@null sun=1.28 sunDeg=78 off=9m camCheck=0 shadow=1.27*:0.601/0.379
· dusk  sample:5               at=[-104.9,1.6,-39.4] clip=   0 burn=   0(null%) bins=1/688/292/18/1/0/0/0 lamp=null@null sun=1.28 sunDeg=41 off=9m camCheck=0 shadow=1.256*:0.609/0.379
· dusk  leak:tanks             at=[108.3,2.32,55.4] clip=   0 burn=   0(null%) bins=0/494/427/53/21/4/1/0 lamp=null@null sun=1.28 sunDeg=145 off=25m camCheck=0.6 shadow=1.236*:0.687/0.313
· dusk  watch:deck             at=[-36.6,3.3,-38.8] clip=   0 burn=   0(null%) bins=0/552/439/8/0/0/1/0 lamp=null@null sun=1.28 sunDeg=34 off=30m camCheck=0.1 shadow=1.171*:0.627/0.372
SKY night dayT=0.9 settled in 2 frames · nightF=1 dayF=0 duskF=0 sun=1.7 clock=21:36
· night pad:hub                at=[-13.5,2.22,19.9] clip=   0 burn=   0(null%) bins=7/594/284/87/25/2/1/0 lamp=null@null sun=1.7 sunDeg=97 off=12m camCheck=0 shadow=1.102:0.668/0.329
· night pad:launch             at=[-63.1,2.22,-48.5] clip= 0.1 burn=   0(null%) bins=0/336/542/91/20/10/1/1 lamp=null@null sun=1.7 sunDeg=40 off=9m camCheck=0 shadow=1.058:0.577/0.423
· night pad:habitat            at=[-51.1,2.12,73.9] clip= 0.4 burn=   0(null%) bins=0/347/422/186/32/7/2/4 lamp=null@null sun=1.7 sunDeg=96 off=15m camCheck=0.6 shadow=1.206*:0.984/0.016
· night pad:industry           at=[59.2,2.15,86.6] clip= 0.1 burn=   0(null%) bins=0/529/347/80/38/6/1/1 lamp=null@null sun=1.7 sunDeg=142 off=9m camCheck=0.2 shadow=1.109:0.64/0.36
· night pad:comms              at=[56.4,2.12,-75.2] clip=   0 burn=   0(null%) bins=0/767/193/23/16/1/1/0 lamp=null@null sun=1.7 sunDeg=88 off=9m camCheck=0 shadow=1.114:0.596/0.403
· night pad:science            at=[5.2,2.02,81.4] clip=   0 burn=   0(null%) bins=0/633/231/81/42/12/0/0 lamp=null@null sun=1.7 sunDeg=126 off=9m camCheck=0.5 shadow=1.134:0.652/0.345
· night pad:motor              at=[1.8,2.12,-63.5] clip=   0 burn=   0(null%) bins=0/468/475/31/26/1/0/0 lamp=null@null sun=1.7 sunDeg=61 off=12m camCheck=0 shadow=1.104:0.708/0.292
· night tap:hub                at=[-18.4,2.22,27.2] clip= 0.1 burn=   0(null%) bins=0/684/230/76/6/1/2/1 lamp=null@null sun=1.7 sunDeg=97 off=13m camCheck=0 shadow=1.19*:0.694/0.306
· night tap:launch             at=[-79.6,2.22,-52.5] clip=   0 burn=   0(null%) bins=0/712/285/2/0/0/0/0 lamp=null@null sun=1.7 sunDeg=40 off=19m camCheck=0 shadow=1.165*:0.934/0.066
· night tap:habitat            at=[-68.1,2.12,80.5] clip=   0 burn=   0(null%) bins=0/55/323/620/2/0/0/0 lamp=null@null sun=1.7 sunDeg=92 off=22m camCheck=0.6 shadow=1.152*:0.971/0.029
· night tap:industry           at=[56.3,2.17,97] clip=   0 burn=   0(null%) bins=2/606/329/51/10/3/0/0 lamp=null@null sun=1.7 sunDeg=140 off=13m camCheck=0.2 shadow=1.17*:0.674/0.326
· night tap:comms              at=[60.4,2.12,-86.3] clip=   0 burn=   0(null%) bins=2/783/207/7/1/0/0/0 lamp=null@null sun=1.7 sunDeg=86 off=13m camCheck=0 shadow=1.184*:0.607/0.393
· night tap:science            at=[9.4,2.02,92.3] clip=   0 burn=   0(null%) bins=2/678/236/55/20/9/0/0 lamp=null@null sun=1.7 sunDeg=127 off=13m camCheck=0.4 shadow=1.217*:0.688/0.311
· night tap:motor              at=[-2.2,2.12,-57.4] clip= 0.1 burn=   0(null%) bins=1/538/412/28/18/2/1/1 lamp=null@null sun=1.7 sunDeg=58 off=13m camCheck=0 shadow=1.103:0.648/0.352
· night sample:0               at=[93.4,2.19,75.9] clip=   0 burn=   0(null%) bins=0/311/545/71/70/2/0/0 lamp=null@null sun=1.7 sunDeg=144 off=15m camCheck=null shadow=1.176*:0.632/0.365
· night sample:1               at=[-97.6,1.82,70] clip=   0 burn=   0(null%) bins=0/712/235/41/11/1/0/0 lamp=null@null sun=1.7 sunDeg=81 off=15m camCheck=0.5 shadow=1.221*:0.615/0.382
· night sample:2               at=[115.3,1.47,-39.8] clip=   0 burn=   0(null%) bins=0/809/150/25/11/6/0/0 lamp=null@null sun=1.7 sunDeg=114 off=18m camCheck=null shadow=1.141:0.541/0.456
· night sample:3               at=[-35,1.92,106.9] clip=   0 burn=   0(null%) bins=0/723/195/62/14/6/0/0 lamp=null@null sun=1.7 sunDeg=110 off=9m camCheck=0.3 shadow=1.252*:0.662/0.33
· night sample:4               at=[43.3,2.36,-93.4] clip=   0 burn=   0(null%) bins=0/707/271/19/3/1/0/0 lamp=null@null sun=1.7 sunDeg=79 off=9m camCheck=0 shadow=1.209*:0.595/0.393
· night sample:5               at=[-104.9,1.6,-39.4] clip=   0 burn=   0(null%) bins=2/625/341/31/2/0/0/0 lamp=null@null sun=1.7 sunDeg=45 off=9m camCheck=0 shadow=1.192*:0.601/0.39
· night leak:tanks             at=[108.3,2.32,55.4] clip=   0 burn=   0(null%) bins=0/444/467/49/35/3/1/0 lamp=null@null sun=1.7 sunDeg=141 off=25m camCheck=0.6 shadow=1.165*:0.613/0.387
· night watch:deck             at=[-36.6,3.3,-38.8] clip=   0 burn=   0(null%) bins=0/401/585/12/1/0/1/0 lamp=null@null sun=1.7 sunDeg=39 off=30m camCheck=0.1 shadow=1.092:0.62/0.379
SUMMARY frames=66 flagged=0 · worst clip: day/pad:launch=0.4 night/pad:habitat=0.4 day/tap:hub=0.2 day/sample:0=0.1 day/sample:5=0.1 · worst bin0: dusk/pad:hub=14 night/pad:hub=7 dusk/tap:motor=2 night/tap:industry=2 night/tap:comms=2 · worst burn share: day/pad:hub=null day/pad:launch=null day/pad:habitat=null day/pad:industry=null day/pad:comms=null
COVERAGE vantage-in-geometry=0/66 · sun-in-frame(<20 deg)=1/66 · census-anchor-fail=0/66 (nearby() disagrees with the shot pose by > 2 m) · census-empty=6/66 (no emitter within 70 m of the pose, so nothing to cross-check) · burn-share-measured=0/66 (>= 160 blown px)
FRAMES /tmp/rsb_shots-uvG2kY/ (PNG, lossless — shot() stopped encoding JPEG, main.js:5141)
CLIP SWEEP PASS
