TARGET http://127.0.0.1:8080/qa_boot.html?auto=std · buffer 640x696 · 22/22 interactive points × 3 skies = 66 frames
UNITS clip,burn = % of the 16 000-px histogram sample · bins = ‰ each · shadow= chroma:warm/cool shares
WALLS 693 collider discs used for vantage clearance
SKY day dayT=0.3 settled in 2 frames · nightF=0 dayF=0.9969369718177339 duskF=0.03402291870487639 sun=3.39 clock=07:11
· day   pad:hub                at=[-13.5,2.22,19.9] clip=   0 burn=   0(null%) bins=0/470/199/58/213/59/1/0 lamp=1.117@0.011 sun=3.39 sunDeg=97 off=12m camCheck=0 shadow=1.378*:0.995/0.005
· day   pad:launch             at=[-63.1,2.22,-48.5] clip= 0.4 burn= 0.1(null%) bins=0/65/300/161/188/228/55/4 lamp=1.164@0.129 sun=3.39 sunDeg=21 off=9m camCheck=0 shadow=1.346*:0.998/0.002
· day   pad:habitat            at=[-51.1,2.12,73.9] clip=   0 burn=   0(null%) bins=0/276/231/202/236/54/1/0 lamp=1.124@0.011 sun=3.39 sunDeg=97 off=15m camCheck=0.6 shadow=1.408*:0.999/0
· day   pad:industry           at=[59.2,2.15,86.6] clip=   0 burn=   0(null%) bins=0/415/67/79/376/56/7/0 lamp=null@null sun=3.39 sunDeg=159 off=9m camCheck=0.2 shadow=1.376*:0.999/0.001
· day   pad:comms              at=[56.4,2.12,-75.2] clip=   0 burn=   0(null%) bins=0/439/93/40/409/19/0/0 lamp=null@null sun=3.39 sunDeg=87 off=9m camCheck=0 shadow=1.381*:0.999/0
· day   pad:science            at=[5.2,2.02,81.4] clip=   0 burn=   0(null%) bins=0/454/61/56/330/87/13/0 lamp=1.117@0.031 sun=3.39 sunDeg=133 off=9m camCheck=0.5 shadow=1.362*:0.979/0.009
· day   pad:motor              at=[1.8,2.12,-63.5] clip=   0 burn=   0(null%) bins=0/211/400/91/267/30/2/0 lamp=null@null sun=3.39 sunDeg=53 off=12m camCheck=0 shadow=1.41*:0.998/0.002
· day   tap:hub                at=[-18.4,2.22,27.2] clip= 0.2 burn= 0.1(null%) bins=0/448/134/57/259/91/10/2 lamp=1.118@0.027 sun=3.39 sunDeg=97 off=13m camCheck=0 shadow=1.488*:0.996/0.004
· day   tap:launch             at=[-79.6,2.22,-52.5] clip=   0 burn=   0(null%) bins=0/189/729/13/67/2/1/0 lamp=null@null sun=3.39 sunDeg=21 off=19m camCheck=0 shadow=1.409*:1/0
· day   tap:habitat            at=[-68.1,2.12,80.5] clip=   0 burn=   0(null%) bins=0/41/31/384/539/5/0/0 lamp=null@null sun=3.39 sunDeg=91 off=22m camCheck=0.6 shadow=1.402*:0.99/0.009
· day   tap:industry           at=[56.3,2.17,97] clip=   0 burn=   0(null%) bins=0/418/131/36/341/68/6/0 lamp=null@null sun=3.39 sunDeg=156 off=13m camCheck=0.2 shadow=1.48*:0.999/0
· day   tap:comms              at=[60.4,2.12,-86.3] clip=   0 burn=   0(null%) bins=0/490/80/30/384/16/0/0 lamp=null@null sun=3.39 sunDeg=85 off=13m camCheck=0 shadow=1.531*:0.999/0.001
· day   tap:science            at=[9.4,2.02,92.3] clip=   0 burn=   0(null%) bins=0/464/88/36/325/77/11/0 lamp=1.127@0.028 sun=3.39 sunDeg=135 off=13m camCheck=0.4 shadow=1.548*:0.995/0.003
· day   tap:motor              at=[-2.2,2.12,-57.4] clip=   0 burn=   0(null%) bins=0/416/180/53/315/37/0/0 lamp=null@null sun=3.39 sunDeg=50 off=13m camCheck=0 shadow=1.369*:0.997/0.003
· day   sample:0               at=[93.4,2.19,75.9] clip= 0.1 burn= 0.1(null%) bins=0/83/418/30/358/101/10/1 lamp=1.175@0.046 sun=3.39 sunDeg=164 off=15m camCheck=0.6 shadow=1.558*:0.991/0.002
· day   sample:1               at=[-97.6,1.82,70] clip=   0 burn=   0(null%) bins=0/312/226/25/322/115/0/0 lamp=1.143@0.014 sun=3.39 sunDeg=78 off=15m camCheck=0.5 shadow=1.556*:1/0
· day   sample:2               at=[115.3,1.47,-39.8] clip=   0 burn=   0(null%) bins=0/22/198/199/543/30/9/0 lamp=1.131@0.013 sun=3.39 sunDeg=118 off=18m camCheck=0.4 shadow=1.54*:0.992/0
· day   sample:3               at=[-35,1.92,106.9] clip=   0 burn=   0(null%) bins=0/499/65/25/289/114/9/0 lamp=1.118@0.025 sun=3.39 sunDeg=113 off=9m camCheck=0.3 shadow=1.626*:0.986/0.01
· day   sample:4               at=[43.3,2.36,-93.4] clip=   0 burn=   0(null%) bins=0/489/79/23/387/22/0/0 lamp=null@null sun=3.39 sunDeg=75 off=9m camCheck=0 shadow=1.583*:0.973/0.024
· day   sample:5               at=[-104.9,1.6,-39.4] clip= 0.1 burn= 0.1(null%) bins=0/223/321/31/175/205/43/1 lamp=1.183@0.113 sun=3.39 sunDeg=29 off=9m camCheck=0 shadow=1.538*:0.989/0.011
· day   leak:tanks             at=[108.3,2.32,55.4] clip=   0 burn=   0(null%) bins=0/173/349/41/380/53/5/0 lamp=1.171@0.022 sun=3.39 sunDeg=158 off=25m camCheck=0.6 shadow=1.539*:1/0
· day   watch:deck             at=[-36.6,3.3,-38.8] clip= 0.1 burn= 0.1(null%) bins=0/417/158/43/179/173/29/1 lamp=1.182@0.077 sun=3.39 sunDeg=19 off=30m camCheck=0.1 shadow=1.417*:0.99/0.01
SKY dusk dayT=0.76 settled in 2 frames · nightF=0.7364732472882882 dayF=0 duskF=0.4738494896536365 sun=1.28 clock=18:14
· dusk  pad:hub                at=[-13.5,2.22,19.9] clip=   0 burn=   0(null%) bins=13/703/241/39/2/1/1/0 lamp=null@null sun=1.28 sunDeg=97 off=12m camCheck=0 shadow=1.158*:0.746/0.254
· dusk  pad:launch             at=[-63.1,2.22,-48.5] clip=   0 burn=   0(null%) bins=0/465/455/61/17/1/1/0 lamp=null@null sun=1.28 sunDeg=36 off=9m camCheck=0 shadow=1.138:0.629/0.37
· dusk  pad:habitat            at=[-51.1,2.12,73.9] clip=   0 burn=   0(null%) bins=0/503/417/69/5/1/5/0 lamp=null@null sun=1.28 sunDeg=97 off=15m camCheck=0.6 shadow=1.201*:0.861/0.139
· dusk  pad:industry           at=[59.2,2.15,86.6] clip=   0 burn=   0(null%) bins=0/539/364/72/20/4/1/0 lamp=null@null sun=1.28 sunDeg=147 off=9m camCheck=0.2 shadow=1.185*:0.757/0.243
· dusk  pad:comms              at=[56.4,2.12,-75.2] clip=   0 burn=   0(null%) bins=0/811/157/24/7/1/1/0 lamp=null@null sun=1.28 sunDeg=88 off=9m camCheck=0 shadow=1.181*:0.608/0.391
· dusk  pad:science            at=[5.2,2.02,81.4] clip=   0 burn=   0(null%) bins=0/641/246/83/22/8/0/0 lamp=null@null sun=1.28 sunDeg=128 off=9m camCheck=0.5 shadow=1.198*:0.83/0.161
· dusk  pad:motor              at=[1.8,2.12,-63.5] clip=   0 burn=   0(null%) bins=0/525/430/41/3/0/0/0 lamp=null@null sun=1.28 sunDeg=59 off=12m camCheck=0 shadow=1.181*:0.725/0.275
· dusk  tap:hub                at=[-18.4,2.22,27.2] clip= 0.1 burn=   0(null%) bins=0/757/193/46/1/1/1/1 lamp=null@null sun=1.28 sunDeg=97 off=13m camCheck=0 shadow=1.276*:0.809/0.191
· dusk  tap:launch             at=[-79.6,2.22,-52.5] clip=   0 burn=   0(null%) bins=0/760/239/1/0/0/0/0 lamp=null@null sun=1.28 sunDeg=35 off=19m camCheck=0 shadow=1.24*:0.936/0.064
· dusk  tap:habitat            at=[-68.1,2.12,80.5] clip=   0 burn=   0(null%) bins=0/59/568/373/0/0/0/0 lamp=null@null sun=1.28 sunDeg=92 off=22m camCheck=0.6 shadow=1.215*:0.985/0.015
· dusk  tap:industry           at=[56.3,2.17,97] clip=   0 burn=   0(null%) bins=0/653/290/47/7/3/0/0 lamp=null@null sun=1.28 sunDeg=144 off=13m camCheck=0.2 shadow=1.246*:0.798/0.201
· dusk  tap:comms              at=[60.4,2.12,-86.3] clip=   0 burn=   0(null%) bins=1/837/157/5/0/0/0/0 lamp=null@null sun=1.28 sunDeg=86 off=13m camCheck=0 shadow=1.258*:0.617/0.383
· dusk  tap:science            at=[9.4,2.02,92.3] clip=   0 burn=   0(null%) bins=1/696/231/50/16/6/0/0 lamp=null@null sun=1.28 sunDeg=129 off=13m camCheck=0.4 shadow=1.284*:0.854/0.143
· dusk  tap:motor              at=[-2.2,2.12,-57.4] clip=   0 burn=   0(null%) bins=2/602/364/19/13/1/1/0 lamp=null@null sun=1.28 sunDeg=56 off=13m camCheck=0 shadow=1.17*:0.657/0.342
· dusk  sample:0               at=[93.4,2.19,75.9] clip=   0 burn=   0(null%) bins=0/435/432/92/38/2/0/0 lamp=null@null sun=1.28 sunDeg=148 off=15m camCheck=0.6 shadow=1.245*:0.727/0.268
· dusk  sample:1               at=[-97.6,1.82,70] clip=   0 burn=   0(null%) bins=0/740/217/40/4/0/0/0 lamp=null@null sun=1.28 sunDeg=80 off=15m camCheck=0.5 shadow=1.28*:0.696/0.298
· dusk  sample:2               at=[115.3,1.47,-39.8] clip=   0 burn=   0(null%) bins=0/827/136/24/10/4/0/0 lamp=null@null sun=1.28 sunDeg=115 off=18m camCheck=0.4 shadow=1.2*:0.584/0.412
· dusk  sample:3               at=[-35,1.92,106.9] clip=   0 burn=   0(null%) bins=0/720/211/52/13/4/0/0 lamp=null@null sun=1.28 sunDeg=111 off=9m camCheck=0.3 shadow=1.315*:0.811/0.176
· dusk  sample:4               at=[43.3,2.36,-93.4] clip=   0 burn=   0(null%) bins=0/737/252/10/1/0/0/0 lamp=null@null sun=1.28 sunDeg=78 off=9m camCheck=0 shadow=1.269*:0.601/0.38
· dusk  sample:5               at=[-104.9,1.6,-39.4] clip=   0 burn=   0(null%) bins=0/690/291/17/1/0/0/0 lamp=null@null sun=1.28 sunDeg=41 off=9m camCheck=0 shadow=1.256*:0.609/0.379
· dusk  leak:tanks             at=[108.3,2.32,55.4] clip=   0 burn=   0(null%) bins=0/515/405/54/21/4/1/0 lamp=null@null sun=1.28 sunDeg=145 off=25m camCheck=0.6 shadow=1.237*:0.686/0.313
· dusk  watch:deck             at=[-36.6,3.3,-38.8] clip=   0 burn=   0(null%) bins=0/554/438/7/0/0/1/0 lamp=null@null sun=1.28 sunDeg=34 off=30m camCheck=0.1 shadow=1.171*:0.627/0.372
SKY night dayT=0.9 settled in 2 frames · nightF=1 dayF=0 duskF=0 sun=1.7 clock=21:36
· night pad:hub                at=[-13.5,2.22,19.9] clip=   0 burn=   0(null%) bins=6/599/283/91/19/2/1/0 lamp=null@null sun=1.7 sunDeg=97 off=12m camCheck=0 shadow=1.101:0.665/0.332
· night pad:launch             at=[-63.1,2.22,-48.5] clip= 0.1 burn=   0(null%) bins=0/338/541/90/20/10/1/1 lamp=null@null sun=1.7 sunDeg=40 off=9m camCheck=0 shadow=1.057:0.576/0.424
· night pad:habitat            at=[-51.1,2.12,73.9] clip= 0.5 burn=   0(null%) bins=0/340/437/182/29/7/2/5 lamp=null@null sun=1.7 sunDeg=96 off=15m camCheck=0.6 shadow=1.206*:0.987/0.013
· night pad:industry           at=[59.2,2.15,86.6] clip= 0.1 burn=   0(null%) bins=0/527/345/83/38/6/0/1 lamp=null@null sun=1.7 sunDeg=142 off=9m camCheck=0.2 shadow=1.109:0.639/0.361
· night pad:comms              at=[56.4,2.12,-75.2] clip=   0 burn=   0(null%) bins=0/767/191/23/17/1/1/0 lamp=null@null sun=1.7 sunDeg=88 off=9m camCheck=0 shadow=1.113:0.596/0.404
· night pad:science            at=[5.2,2.02,81.4] clip=   0 burn=   0(null%) bins=0/632/232/80/44/12/0/0 lamp=null@null sun=1.7 sunDeg=126 off=9m camCheck=0.5 shadow=1.133:0.651/0.347
· night pad:motor              at=[1.8,2.12,-63.5] clip=   0 burn=   0(null%) bins=0/470/473/32/23/1/0/0 lamp=null@null sun=1.7 sunDeg=61 off=12m camCheck=0 shadow=1.105:0.708/0.292
· night tap:hub                at=[-18.4,2.22,27.2] clip= 0.2 burn=   0(null%) bins=0/672/240/77/7/1/1/2 lamp=null@null sun=1.7 sunDeg=97 off=13m camCheck=0 shadow=1.183*:0.691/0.309
· night tap:launch             at=[-79.6,2.22,-52.5] clip=   0 burn=   0(null%) bins=0/726/272/2/0/0/0/0 lamp=null@null sun=1.7 sunDeg=40 off=19m camCheck=0 shadow=1.166*:0.934/0.066
· night tap:habitat            at=[-68.1,2.12,80.5] clip=   0 burn=   0(null%) bins=0/55/345/597/3/0/0/0 lamp=null@null sun=1.7 sunDeg=92 off=22m camCheck=0.6 shadow=1.149:0.971/0.028
· night tap:industry           at=[56.3,2.17,97] clip=   0 burn=   0(null%) bins=1/608/328/50/10/3/0/0 lamp=null@null sun=1.7 sunDeg=140 off=13m camCheck=0.2 shadow=1.17*:0.674/0.326
· night tap:comms              at=[60.4,2.12,-86.3] clip=   0 burn=   0(null%) bins=1/780/211/7/1/0/0/0 lamp=null@null sun=1.7 sunDeg=86 off=13m camCheck=0 shadow=1.185*:0.608/0.392
· night tap:science            at=[9.4,2.02,92.3] clip=   0 burn=   0(null%) bins=1/679/238/52/20/9/0/0 lamp=null@null sun=1.7 sunDeg=127 off=13m camCheck=0.4 shadow=1.217*:0.688/0.311
· night tap:motor              at=[-2.2,2.12,-57.4] clip= 0.1 burn=   0(null%) bins=1/539/411/28/18/2/1/1 lamp=null@null sun=1.7 sunDeg=58 off=13m camCheck=0 shadow=1.103:0.648/0.351
· night sample:0               at=[93.4,2.19,75.9] clip=   0 burn=   0(null%) bins=0/319/537/71/70/3/0/0 lamp=null@null sun=1.7 sunDeg=144 off=15m camCheck=0.6 shadow=1.177*:0.633/0.365
· night sample:1               at=[-97.6,1.82,70] clip=   0 burn=   0(null%) bins=0/720/226/41/12/1/0/0 lamp=null@null sun=1.7 sunDeg=81 off=15m camCheck=0.5 shadow=1.224*:0.617/0.381
· night sample:2               at=[115.3,1.47,-39.8] clip=   0 burn=   0(null%) bins=0/809/150/24/11/6/0/0 lamp=null@null sun=1.7 sunDeg=114 off=18m camCheck=0.4 shadow=1.141:0.54/0.458
· night sample:3               at=[-35,1.92,106.9] clip=   0 burn=   0(null%) bins=0/723/193/63/15/6/0/0 lamp=null@null sun=1.7 sunDeg=110 off=9m camCheck=0.3 shadow=1.254*:0.663/0.33
· night sample:4               at=[43.3,2.36,-93.4] clip=   0 burn=   0(null%) bins=0/709/266/21/3/1/0/0 lamp=null@null sun=1.7 sunDeg=79 off=9m camCheck=0 shadow=1.209*:0.594/0.395
· night sample:5               at=[-104.9,1.6,-39.4] clip=   0 burn=   0(null%) bins=2/626/341/29/2/0/0/0 lamp=null@null sun=1.7 sunDeg=45 off=9m camCheck=0 shadow=1.191*:0.601/0.39
· night leak:tanks             at=[108.3,2.32,55.4] clip=   0 burn=   0(null%) bins=0/454/456/49/36/4/1/0 lamp=null@null sun=1.7 sunDeg=141 off=25m camCheck=0.6 shadow=1.166*:0.613/0.387
· night watch:deck             at=[-36.6,3.3,-38.8] clip=   0 burn=   0(null%) bins=0/401/586/11/1/0/1/0 lamp=null@null sun=1.7 sunDeg=39 off=30m camCheck=0.1 shadow=1.092:0.62/0.379
SUMMARY frames=66 flagged=0 · worst clip: night/pad:habitat=0.5 day/pad:launch=0.4 day/tap:hub=0.2 night/tap:hub=0.2 day/sample:0=0.1 · worst bin0: dusk/pad:hub=13 night/pad:hub=6 dusk/tap:motor=2 night/sample:5=2 dusk/tap:comms=1 · worst burn share: day/pad:hub=null day/pad:launch=null day/pad:habitat=null day/pad:industry=null day/pad:comms=null
COVERAGE vantage-in-geometry=0/66 · sun-in-frame(<20 deg)=1/66 · census-anchor-fail=0/66 (nearby() disagrees with the shot pose by > 2 m) · census-empty=0/66 (no emitter within 70 m of the pose, so nothing to cross-check) · burn-share-measured=0/66 (>= 160 blown px)
FRAMES /tmp/rsb_shots-uvG2kY/ (PNG, lossless — shot() stopped encoding JPEG, main.js:5141)
CLIP SWEEP PASS
CLIP_RC=0
