TARGET http://127.0.0.1:5173/?auto=std&v=clipsweep4 · buffer 1810x883 · 22/22 interactive points × 3 skies = 66 frames
UNITS clip,burn = % of the 16 000-px histogram sample · bins = ‰ each · shadow= chroma:warm/cool shares
WALLS 693 collider discs used for vantage clearance
SKY day dayT=0.3 settled in 2 frames · nightF=0 dayF=0.9969369718177339 duskF=0.03402291870487639 sun=3.39 clock=07:11
· day   pad:hub                at=[-13.5,2.22,19.9] clip=   0 burn=   0(null%) bins=0/430/189/51/241/88/0/0 lamp=1.123@0.013 sun=3.39 sunDeg=97 off=12m camCheck=null shadow=1.387*:0.996/0.004
· day   pad:launch             at=[-63.1,2.22,-48.5] clip= 0.4 burn= 0.2(null%) bins=0/202/319/99/187/154/35/4 lamp=1.157@0.078 sun=3.39 sunDeg=21 off=9m camCheck=null shadow=1.373*:0.996/0.004
· day   pad:habitat            at=[-51.1,2.12,73.9] clip=   0 burn=   0(null%) bins=0/325/170/262/177/57/9/0 lamp=1.14@0.026 sun=3.39 sunDeg=97 off=15m camCheck=null shadow=1.398*:0.998/0.002
· day   pad:industry           at=[59.2,2.15,86.6] clip=   0 burn=   0(null%) bins=0/433/95/96/319/53/3/0 lamp=null@null sun=3.39 sunDeg=159 off=9m camCheck=null shadow=1.389*:0.991/0.007
· day   pad:comms              at=[56.4,2.12,-75.2] clip=   0 burn=   0(null%) bins=0/473/131/33/330/29/4/0 lamp=null@null sun=3.39 sunDeg=87 off=9m camCheck=0 shadow=1.396*:0.998/0.002
· day   pad:science            at=[5.2,2.02,81.4] clip=   0 burn=   0(null%) bins=1/482/76/38/318/78/7/0 lamp=1.116@0.015 sun=3.39 sunDeg=133 off=9m camCheck=null shadow=1.39*:0.985/0.006
✗ day   pad:motor              at=[1.8,2.12,-63.5] clip= 1.5 burn= 0.2(  12%) bins=0/178/239/124/250/149/44/15 lamp=1.146@0.116 sun=3.39 sunDeg=53 off=12m camCheck=0 shadow=1.405*:0.993/0.006 clip 1.5
    look=[1.5,1.72,-51.5] in frame: BufferGeometry:{}@37.6m lum2.23 | PlaneGeometry:{"width":3.2,"height":1.55,"widthSegments":1,"@55.2m lum2.05
· day   tap:hub                at=[-18.4,2.22,27.2] clip=   0 burn=   0(null%) bins=0/396/139/61/294/109/1/0 lamp=1.122@0.014 sun=3.39 sunDeg=97 off=13m camCheck=null shadow=1.499*:0.996/0.004
· day   tap:launch             at=[-79.6,2.22,-52.5] clip= 0.1 burn=   0(null%) bins=0/290/533/28/119/27/2/1 lamp=null@null sun=3.39 sunDeg=21 off=19m camCheck=null shadow=1.415*:0.999/0.001
· day   tap:habitat            at=[-68.1,2.12,80.5] clip=   0 burn=   0(null%) bins=0/124/56/359/422/39/0/0 lamp=null@null sun=3.39 sunDeg=91 off=22m camCheck=0.1 shadow=1.438*:0.996/0.004
· day   tap:industry           at=[56.3,2.17,97] clip=   0 burn=   0(null%) bins=0/449/130/51/311/56/3/0 lamp=null@null sun=3.39 sunDeg=156 off=13m camCheck=null shadow=1.515*:0.997/0.002
· day   tap:comms              at=[60.4,2.12,-86.3] clip=   0 burn=   0(null%) bins=0/445/134/27/347/39/8/0 lamp=1.136@0.012 sun=3.39 sunDeg=85 off=13m camCheck=0 shadow=1.542*:0.998/0.002
· day   tap:science            at=[9.4,2.02,92.3] clip=   0 burn=   0(null%) bins=0/472/89/21/335/78/5/0 lamp=1.138@0.016 sun=3.39 sunDeg=135 off=13m camCheck=0.6 shadow=1.579*:0.997/0.001
✗ day   tap:motor              at=[-2.2,2.12,-57.4] clip= 0.7 burn= 0.5(null%) bins=1/313/180/80/251/127/42/7 lamp=1.161@0.094 sun=3.39 sunDeg=50 off=13m camCheck=0 shadow=1.372*:0.995/0.005 clip 0.7
    look=[-1.7,1.72,-44.4] in frame: BufferGeometry:{}@31.5m lum2.23 | PlaneGeometry:{"width":3.2,"height":1.55,"widthSegments":1,"@48.1m lum2.05
· day   sample:0               at=[93.4,2.19,75.9] clip= 0.1 burn=   0(null%) bins=0/102/419/40/321/106/11/1 lamp=1.164@0.042 sun=3.39 sunDeg=164 off=15m camCheck=0.1 shadow=1.545*:0.995/0.001
· day   sample:1               at=[-97.6,1.82,70] clip=   0 burn=   0(null%) bins=0/301/295/28/276/94/6/0 lamp=1.156@0.022 sun=3.39 sunDeg=78 off=15m camCheck=null shadow=1.538*:0.999/0.001
· day   sample:2               at=[115.3,1.47,-39.8] clip=   0 burn=   0(null%) bins=0/24/187/209/549/25/6/0 lamp=null@null sun=3.39 sunDeg=118 off=18m camCheck=0 shadow=1.516*:0.991/0.001
· day   sample:3               at=[-35,1.92,106.9] clip=   0 burn=   0(null%) bins=0/486/78/21/310/100/5/0 lamp=1.129@0.019 sun=3.39 sunDeg=113 off=9m camCheck=null shadow=1.62*:0.991/0.002
· day   sample:4               at=[43.3,2.36,-93.4] clip=   0 burn=   0(null%) bins=0/440/131/31/345/42/11/0 lamp=1.137@0.016 sun=3.39 sunDeg=75 off=9m camCheck=0 shadow=1.555*:0.984/0.006
· day   sample:5               at=[-104.9,1.6,-39.4] clip= 0.3 burn= 0.2(null%) bins=0/333/276/54/142/161/32/3 lamp=1.177@0.083 sun=3.39 sunDeg=29 off=9m camCheck=null shadow=1.543*:0.991/0.009
· day   leak:tanks             at=[108.3,2.32,55.4] clip=   0 burn=   0(null%) bins=0/152/380/30/369/65/3/0 lamp=1.181@0.017 sun=3.39 sunDeg=158 off=25m camCheck=0.1 shadow=1.505*:0.999/0
· day   watch:deck             at=[-36.6,3.3,-38.8] clip= 0.2 burn= 0.1(null%) bins=0/426/139/26/248/142/18/2 lamp=1.176@0.053 sun=3.39 sunDeg=19 off=30m camCheck=0.4 shadow=1.443*:0.996/0.004
SKY dusk dayT=0.76 settled in 2 frames · nightF=0.7364732472882882 dayF=0 duskF=0.4738494896536365 sun=1.28 clock=18:14
· dusk  pad:hub                at=[-13.5,2.22,19.9] clip=   0 burn=   0(null%) bins=0/485/370/105/37/1/1/0 lamp=null@null sun=1.28 sunDeg=97 off=12m camCheck=null shadow=1.258*:0.828/0.171
· dusk  pad:launch             at=[-63.1,2.22,-48.5] clip=   0 burn=   0(null%) bins=3/634/332/25/5/1/1/0 lamp=null@null sun=1.28 sunDeg=36 off=9m camCheck=null shadow=1.147:0.692/0.308
· dusk  pad:habitat            at=[-51.1,2.12,73.9] clip=   0 burn=   0(null%) bins=6/731/191/54/14/2/3/0 lamp=null@null sun=1.28 sunDeg=97 off=15m camCheck=null shadow=1.177*:0.885/0.115
· dusk  pad:industry           at=[59.2,2.15,86.6] clip=   0 burn=   0(null%) bins=6/633/303/50/5/1/1/0 lamp=null@null sun=1.28 sunDeg=147 off=9m camCheck=null shadow=1.166*:0.765/0.234
· dusk  pad:comms              at=[56.4,2.12,-75.2] clip=   0 burn=   0(null%) bins=11/792/170/19/5/2/0/0 lamp=null@null sun=1.28 sunDeg=88 off=9m camCheck=0 shadow=1.167*:0.658/0.341
· dusk  pad:science            at=[5.2,2.02,81.4] clip=   0 burn=   0(null%) bins=28/644/267/43/10/5/4/0 lamp=null@null sun=1.28 sunDeg=128 off=9m camCheck=null shadow=1.19*:0.802/0.198
· dusk  pad:motor              at=[1.8,2.12,-63.5] clip=   0 burn=   0(null%) bins=9/564/319/91/13/3/0/0 lamp=null@null sun=1.28 sunDeg=59 off=12m camCheck=0 shadow=1.133:0.662/0.338
· dusk  tap:hub                at=[-18.4,2.22,27.2] clip=   0 burn=   0(null%) bins=1/740/214/42/1/0/1/0 lamp=null@null sun=1.28 sunDeg=97 off=13m camCheck=null shadow=1.229*:0.804/0.195
· dusk  tap:launch             at=[-79.6,2.22,-52.5] clip=   0 burn=   0(null%) bins=2/857/94/37/8/2/0/0 lamp=null@null sun=1.28 sunDeg=35 off=19m camCheck=null shadow=1.2*:0.87/0.129
· dusk  tap:habitat            at=[-68.1,2.12,80.5] clip=   0 burn=   0(null%) bins=0/308/657/34/0/1/0/0 lamp=null@null sun=1.28 sunDeg=92 off=22m camCheck=0.1 shadow=1.189*:0.91/0.09
· dusk  tap:industry           at=[56.3,2.17,97] clip=   0 burn=   0(null%) bins=2/684/273/35/5/1/0/0 lamp=null@null sun=1.28 sunDeg=144 off=13m camCheck=null shadow=1.233*:0.808/0.19
· dusk  tap:comms              at=[60.4,2.12,-86.3] clip=   0 burn=   0(null%) bins=2/780/192/16/8/3/0/0 lamp=null@null sun=1.28 sunDeg=86 off=13m camCheck=0 shadow=1.228*:0.655/0.344
· dusk  tap:science            at=[9.4,2.02,92.3] clip=   0 burn=   0(null%) bins=1/690/266/32/8/2/1/0 lamp=null@null sun=1.28 sunDeg=129 off=13m camCheck=0.6 shadow=1.256*:0.814/0.185
· dusk  tap:motor              at=[-2.2,2.12,-57.4] clip=   0 burn=   0(null%) bins=16/621/312/37/11/2/1/0 lamp=null@null sun=1.28 sunDeg=56 off=13m camCheck=0 shadow=1.134:0.597/0.402
· dusk  sample:0               at=[93.4,2.19,75.9] clip=   0 burn=   0(null%) bins=0/665/249/71/10/3/2/0 lamp=null@null sun=1.28 sunDeg=148 off=15m camCheck=0.1 shadow=1.236*:0.774/0.224
· dusk  sample:1               at=[-97.6,1.82,70] clip=   0 burn=   0(null%) bins=0/759/197/31/9/4/0/0 lamp=null@null sun=1.28 sunDeg=80 off=15m camCheck=null shadow=1.247*:0.753/0.246
· dusk  sample:2               at=[115.3,1.47,-39.8] clip=   0 burn=   0(null%) bins=0/778/197/16/6/3/0/0 lamp=null@null sun=1.28 sunDeg=115 off=18m camCheck=0 shadow=1.178*:0.62/0.379
· dusk  sample:3               at=[-35,1.92,106.9] clip=   0 burn=   0(null%) bins=0/710/238/36/10/5/0/0 lamp=null@null sun=1.28 sunDeg=111 off=9m camCheck=null shadow=1.263*:0.929/0.07
· dusk  sample:4               at=[43.3,2.36,-93.4] clip=   0 burn=   0(null%) bins=0/719/238/18/14/11/0/0 lamp=null@null sun=1.28 sunDeg=78 off=9m camCheck=0 shadow=1.232*:0.647/0.351
· dusk  sample:5               at=[-104.9,1.6,-39.4] clip=   0 burn=   0(null%) bins=5/727/247/12/3/6/0/0 lamp=null@null sun=1.28 sunDeg=41 off=9m camCheck=null shadow=1.239*:0.687/0.311
· dusk  leak:tanks             at=[108.3,2.32,55.4] clip=   0 burn=   0(null%) bins=0/683/267/42/6/3/1/0 lamp=null@null sun=1.28 sunDeg=145 off=25m camCheck=0.1 shadow=1.209*:0.729/0.27
· dusk  watch:deck             at=[-36.6,3.3,-38.8] clip=   0 burn=   0(null%) bins=0/691/303/5/0/0/0/0 lamp=null@null sun=1.28 sunDeg=34 off=30m camCheck=0.4 shadow=1.173*:0.611/0.389
SKY night dayT=0.9 settled in 2 frames · nightF=1 dayF=0 duskF=0 sun=1.7 clock=21:36
· night pad:hub                at=[-13.5,2.22,19.9] clip=   0 burn=   0(null%) bins=12/718/214/51/4/1/1/0 lamp=null@null sun=1.7 sunDeg=97 off=12m camCheck=null shadow=1.11:0.675/0.322
· night pad:launch             at=[-63.1,2.22,-48.5] clip= 0.1 burn=   0(null%) bins=4/543/400/41/8/2/1/1 lamp=null@null sun=1.7 sunDeg=40 off=9m camCheck=null shadow=1.073:0.656/0.342
· night pad:habitat            at=[-51.1,2.12,73.9] clip= 0.2 burn=   0(null%) bins=5/628/249/73/33/9/2/2 lamp=null@null sun=1.7 sunDeg=96 off=15m camCheck=null shadow=1.162*:0.892/0.107
· night pad:industry           at=[59.2,2.15,86.6] clip=   0 burn=   0(null%) bins=5/599/314/65/14/2/1/0 lamp=null@null sun=1.7 sunDeg=142 off=9m camCheck=null shadow=1.101:0.646/0.345
· night pad:comms              at=[56.4,2.12,-75.2] clip=   0 burn=   0(null%) bins=14/774/174/23/10/4/0/0 lamp=null@null sun=1.7 sunDeg=88 off=9m camCheck=0 shadow=1.104:0.639/0.359
· night pad:science            at=[5.2,2.02,81.4] clip= 0.2 burn=   0(null%) bins=27/598/280/63/20/4/6/2 lamp=null@null sun=1.7 sunDeg=126 off=9m camCheck=null shadow=1.082:0.584/0.379
· night pad:motor              at=[1.8,2.12,-63.5] clip=   0 burn=   0(null%) bins=8/524/324/122/19/3/0/0 lamp=null@null sun=1.7 sunDeg=61 off=12m camCheck=0 shadow=1.063:0.581/0.419
· night tap:hub                at=[-18.4,2.22,27.2] clip= 0.1 burn=   0(null%) bins=1/716/179/94/9/0/1/1 lamp=null@null sun=1.7 sunDeg=97 off=13m camCheck=null shadow=1.155*:0.692/0.307
· night tap:launch             at=[-79.6,2.22,-52.5] clip=   0 burn=   0(null%) bins=4/841/97/30/24/3/0/0 lamp=null@null sun=1.7 sunDeg=40 off=19m camCheck=null shadow=1.141:0.872/0.128
· night tap:habitat            at=[-68.1,2.12,80.5] clip=   0 burn=   0(null%) bins=1/240/616/141/1/0/1/0 lamp=null@null sun=1.7 sunDeg=92 off=22m camCheck=0.1 shadow=1.103:0.881/0.118
· night tap:industry           at=[56.3,2.17,97] clip=   0 burn=   0(null%) bins=2/670/275/41/10/1/1/0 lamp=null@null sun=1.7 sunDeg=140 off=13m camCheck=null shadow=1.156*:0.675/0.319
· night tap:comms              at=[60.4,2.12,-86.3] clip=   0 burn=   0(null%) bins=5/775/190/16/9/6/0/0 lamp=null@null sun=1.7 sunDeg=86 off=13m camCheck=0 shadow=1.167*:0.636/0.363
· night tap:science            at=[9.4,2.02,92.3] clip= 0.1 burn=   0(null%) bins=0/686/259/39/11/3/1/1 lamp=null@null sun=1.7 sunDeg=127 off=13m camCheck=0.6 shadow=1.176*:0.636/0.352
· night tap:motor              at=[-2.2,2.12,-57.4] clip= 0.1 burn=   0(null%) bins=14/552/351/44/31/5/1/1 lamp=null@null sun=1.7 sunDeg=58 off=13m camCheck=0 shadow=1.073:0.564/0.435
· night sample:0               at=[93.4,2.19,75.9] clip=   0 burn=   0(null%) bins=0/588/300/70/36/2/3/0 lamp=null@null sun=1.7 sunDeg=144 off=15m camCheck=0.1 shadow=1.159*:0.652/0.338
· night sample:1               at=[-97.6,1.82,70] clip= 0.1 burn=   0(null%) bins=0/730/215/34/14/3/3/1 lamp=null@null sun=1.7 sunDeg=81 off=15m camCheck=null shadow=1.172*:0.641/0.352
· night sample:2               at=[115.3,1.47,-39.8] clip= 0.1 burn=   0(null%) bins=0/759/210/20/7/2/1/2 lamp=null@null sun=1.7 sunDeg=114 off=18m camCheck=0 shadow=1.098:0.531/0.459
· night sample:3               at=[-35,1.92,106.9] clip= 0.3 burn=   0(null%) bins=0/594/330/51/16/3/3/3 lamp=null@null sun=1.7 sunDeg=110 off=9m camCheck=null shadow=1.144:0.625/0.344
✗ night sample:4               at=[43.3,2.36,-93.4] clip= 0.9 burn=   0(null%) bins=0/538/390/32/18/11/2/9 lamp=1.075@0.014 sun=1.7 sunDeg=79 off=9m camCheck=0 shadow=1.105:0.578/0.378 clip 0.9
    look=[39.5,1.96,-85.2] in frame: CircleGeometry:{"radius":2.52,"segments":64,"thetaStart":0,"t@26.6m lum1 | mount@37.9m lum1
· night sample:5               at=[-104.9,1.6,-39.4] clip= 0.5 burn=   0(null%) bins=7/590/361/27/7/3/1/5 lamp=null@null sun=1.7 sunDeg=45 off=9m camCheck=null shadow=1.136:0.644/0.33
· night leak:tanks             at=[108.3,2.32,55.4] clip= 0.1 burn=   0(null%) bins=0/650/285/42/20/1/2/1 lamp=null@null sun=1.7 sunDeg=141 off=25m camCheck=0.1 shadow=1.125:0.615/0.371
· night watch:deck             at=[-36.6,3.3,-38.8] clip=   0 burn=   0(null%) bins=1/617/373/8/0/0/0/0 lamp=null@null sun=1.7 sunDeg=39 off=30m camCheck=0.4 shadow=1.097:0.6/0.398
SUMMARY frames=66 flagged=3 · worst clip: day/pad:motor=1.5 night/sample:4=0.9 day/tap:motor=0.7 night/sample:5=0.5 day/pad:launch=0.4 · worst bin0: dusk/pad:science=28 night/pad:science=27 dusk/tap:motor=16 night/pad:comms=14 night/tap:motor=14 · worst burn share: day/pad:motor=12 day/pad:hub=null day/pad:launch=null day/pad:habitat=null day/pad:industry=null
COVERAGE vantage-in-geometry=0/66 · sun-in-frame(<20 deg)=1/66 · census-anchor-fail=0/66 (nearby() disagrees with the shot pose by > 2 m) · census-empty=33/66 (no emitter within 70 m of the pose, so nothing to cross-check) · burn-share-measured=1/66 (>= 160 blown px)
FRAMES /tmp/rsb-clip-2026-09-26/ (PNG, lossless — shot() stopped encoding JPEG, main.js:5141)
CLIP SWEEP FAIL
