TARGET http://127.0.0.1:8080/qa_boot.html?auto=std · buffer 640x696 · 22/22 interactive points × 3 skies = 66 frames
UNITS clip,burn = % of the 16 000-px histogram sample · bins = ‰ each · shadow= chroma:warm/cool shares
WALLS 692 collider discs used for vantage clearance
SKY day dayT=0.3 settled in 2 frames · nightF=0 dayF=0.9969369718177339 duskF=0.03402291870487639 sun=3.39 clock=07:11
· day   pad:hub                at=[-13.5,2.22,19.9] clip=   0 burn=   0(null%) bins=0/459/208/58/213/60/1/0 lamp=1.117@0.011 sun=3.39 sunDeg=97 off=12m camCheck=0 shadow=1.376*:0.995/0.005
✗ day   pad:launch             at=[-63.1,2.22,-48.5] clip= 0.9 burn= 0.1(null%) bins=0/64/300/162/165/231/70/9 lamp=1.156@0.153 sun=3.39 sunDeg=21 off=9m camCheck=0 shadow=1.346*:0.998/0.002 clip 0.9
    look=[-56,1.82,-43] in frame: BufferGeometry:{}@67m lum2.23 | PlaneGeometry:{"width":3.2,"height":1.55,"widthSegments":1,"@57.5m lum2.05
· day   pad:habitat            at=[-51.1,2.12,73.9] clip=   0 burn=   0(null%) bins=0/275/213/219/236/55/0/0 lamp=1.125@0.011 sun=3.39 sunDeg=97 off=15m camCheck=0.6 shadow=1.409*:1/0
· day   pad:industry           at=[59.2,2.15,86.6] clip=   0 burn=   0(null%) bins=0/413/73/75/376/56/7/0 lamp=null@null sun=3.39 sunDeg=159 off=9m camCheck=0.2 shadow=1.376*:0.999/0
· day   pad:comms              at=[56.4,2.12,-75.2] clip=   0 burn=   0(null%) bins=0/439/94/40/409/19/0/0 lamp=null@null sun=3.39 sunDeg=87 off=9m camCheck=0 shadow=1.381*:0.999/0
· day   pad:science            at=[5.2,2.02,81.4] clip=   0 burn=   0(null%) bins=0/453/62/53/333/85/14/0 lamp=1.116@0.031 sun=3.39 sunDeg=133 off=9m camCheck=0.5 shadow=1.363*:0.979/0.01
· day   pad:motor              at=[1.8,2.12,-63.5] clip=   0 burn=   0(null%) bins=0/209/399/91/266/33/2/0 lamp=null@null sun=3.39 sunDeg=53 off=12m camCheck=0 shadow=1.41*:0.998/0.002
· day   tap:hub                at=[-18.4,2.22,27.2] clip= 0.2 burn= 0.1(null%) bins=0/447/133/56/261/91/10/2 lamp=1.119@0.027 sun=3.39 sunDeg=97 off=13m camCheck=0 shadow=1.489*:0.997/0.003
· day   tap:launch             at=[-79.6,2.22,-52.5] clip=   0 burn=   0(null%) bins=0/204/714/12/68/2/1/0 lamp=null@null sun=3.39 sunDeg=21 off=19m camCheck=0 shadow=1.408*:1/0
· day   tap:habitat            at=[-68.1,2.12,80.5] clip=   0 burn=   0(null%) bins=0/41/23/384/547/5/0/0 lamp=null@null sun=3.39 sunDeg=91 off=22m camCheck=0.6 shadow=1.392*:0.988/0.011
· day   tap:industry           at=[56.3,2.17,97] clip=   0 burn=   0(null%) bins=0/438/117/31/340/68/6/0 lamp=1.127@0.01 sun=3.39 sunDeg=156 off=13m camCheck=null shadow=1.481*:0.998/0.001
· day   tap:comms              at=[60.4,2.12,-86.3] clip=   0 burn=   0(null%) bins=0/490/80/29/384/17/0/0 lamp=null@null sun=3.39 sunDeg=85 off=13m camCheck=0 shadow=1.53*:0.999/0.001
· day   tap:science            at=[9.4,2.02,92.3] clip=   0 burn=   0(null%) bins=0/465/86/35/325/77/11/0 lamp=1.126@0.028 sun=3.39 sunDeg=135 off=13m camCheck=0.4 shadow=1.548*:0.994/0.003
· day   tap:motor              at=[-2.2,2.12,-57.4] clip=   0 burn=   0(null%) bins=0/415/178/55/309/44/0/0 lamp=null@null sun=3.39 sunDeg=50 off=13m camCheck=0 shadow=1.369*:0.997/0.003
· day   sample:0               at=[93.4,2.19,75.9] clip= 0.1 burn= 0.1(null%) bins=0/83/419/30/357/101/10/1 lamp=1.174@0.047 sun=3.39 sunDeg=164 off=15m camCheck=0.6 shadow=1.558*:0.991/0.002
· day   sample:1               at=[-97.6,1.82,70] clip=   0 burn=   0(null%) bins=0/315/223/24/322/115/0/0 lamp=1.143@0.014 sun=3.39 sunDeg=78 off=15m camCheck=0.5 shadow=1.555*:1/0
· day   sample:2               at=[115.3,1.47,-39.8] clip=   0 burn=   0(null%) bins=0/18/201/201/541/30/9/0 lamp=1.129@0.013 sun=3.39 sunDeg=118 off=18m camCheck=0.4 shadow=1.54*:0.992/0
· day   sample:3               at=[-35,1.92,106.9] clip=   0 burn=   0(null%) bins=0/496/67/25/290/112/10/0 lamp=1.118@0.026 sun=3.39 sunDeg=113 off=9m camCheck=0.3 shadow=1.626*:0.985/0.011
· day   sample:4               at=[43.3,2.36,-93.4] clip=   0 burn=   0(null%) bins=0/488/80/24/387/22/0/0 lamp=null@null sun=3.39 sunDeg=75 off=9m camCheck=0 shadow=1.582*:0.972/0.025
· day   sample:5               at=[-104.9,1.6,-39.4] clip= 0.4 burn= 0.1(null%) bins=0/225/318/32/163/197/61/4 lamp=1.174@0.142 sun=3.39 sunDeg=29 off=9m camCheck=0 shadow=1.538*:0.987/0.013
· day   leak:tanks             at=[108.3,2.32,55.4] clip=   0 burn=   0(null%) bins=0/171/350/40/381/52/5/0 lamp=1.171@0.023 sun=3.39 sunDeg=158 off=25m camCheck=0.6 shadow=1.539*:1/0
· day   watch:deck             at=[-36.6,3.3,-38.8] clip= 0.4 burn= 0.1(null%) bins=0/417/157/43/154/186/40/4 lamp=1.174@0.102 sun=3.39 sunDeg=19 off=30m camCheck=0.1 shadow=1.417*:0.99/0.01
SKY dusk dayT=0.76 settled in 2 frames · nightF=0.7364732472882882 dayF=0 duskF=0.4738494896536365 sun=1.28 clock=18:14
· dusk  pad:hub                at=[-13.5,2.22,19.9] clip=   0 burn=   0(null%) bins=0/454/390/127/26/2/1/0 lamp=null@null sun=1.28 sunDeg=97 off=12m camCheck=0 shadow=1.258*:0.837/0.163
· dusk  pad:launch             at=[-63.1,2.22,-48.5] clip=   0 burn=   0(null%) bins=0/235/575/138/40/11/1/0 lamp=null@null sun=1.28 sunDeg=36 off=9m camCheck=0 shadow=1.172*:0.6/0.4
· dusk  pad:habitat            at=[-51.1,2.12,73.9] clip=   0 burn=   0(null%) bins=0/502/414/74/6/1/5/0 lamp=null@null sun=1.28 sunDeg=97 off=15m camCheck=0.6 shadow=1.201*:0.862/0.138
· dusk  pad:industry           at=[59.2,2.15,86.6] clip=   0 burn=   0(null%) bins=0/540/362/72/21/4/1/0 lamp=null@null sun=1.28 sunDeg=147 off=9m camCheck=0.2 shadow=1.186*:0.774/0.226
· dusk  pad:comms              at=[56.4,2.12,-75.2] clip=   0 burn=   0(null%) bins=0/810/159/24/6/1/1/0 lamp=null@null sun=1.28 sunDeg=88 off=9m camCheck=0 shadow=1.182*:0.609/0.391
· dusk  pad:science            at=[5.2,2.02,81.4] clip=   0 burn=   0(null%) bins=0/640/248/82/21/8/0/0 lamp=null@null sun=1.28 sunDeg=128 off=9m camCheck=0.5 shadow=1.197*:0.829/0.161
· dusk  pad:motor              at=[1.8,2.12,-63.5] clip=   0 burn=   0(null%) bins=0/521/433/43/3/0/0/0 lamp=null@null sun=1.28 sunDeg=59 off=12m camCheck=0 shadow=1.18*:0.724/0.275
· dusk  tap:hub                at=[-18.4,2.22,27.2] clip=   0 burn=   0(null%) bins=0/757/192/46/1/1/3/0 lamp=null@null sun=1.28 sunDeg=97 off=13m camCheck=0 shadow=1.276*:0.81/0.19
· dusk  tap:launch             at=[-79.6,2.22,-52.5] clip=   0 burn=   0(null%) bins=0/751/248/1/0/0/0/0 lamp=null@null sun=1.28 sunDeg=35 off=19m camCheck=0 shadow=1.24*:0.936/0.064
· dusk  tap:habitat            at=[-68.1,2.12,80.5] clip=   0 burn=   0(null%) bins=0/59/564/377/0/0/0/0 lamp=null@null sun=1.28 sunDeg=92 off=22m camCheck=0.6 shadow=1.214*:0.985/0.015
· dusk  tap:industry           at=[56.3,2.17,97] clip=   0 burn=   0(null%) bins=1/653/287/50/7/3/0/0 lamp=null@null sun=1.28 sunDeg=144 off=13m camCheck=0.2 shadow=1.247*:0.813/0.186
· dusk  tap:comms              at=[60.4,2.12,-86.3] clip=   0 burn=   0(null%) bins=1/837/157/5/0/0/0/0 lamp=null@null sun=1.28 sunDeg=86 off=13m camCheck=0 shadow=1.257*:0.617/0.383
· dusk  tap:science            at=[9.4,2.02,92.3] clip=   0 burn=   0(null%) bins=1/697/230/50/16/7/0/0 lamp=null@null sun=1.28 sunDeg=129 off=13m camCheck=0.4 shadow=1.284*:0.856/0.14
· dusk  tap:motor              at=[-2.2,2.12,-57.4] clip=   0 burn=   0(null%) bins=2/602/362/18/14/1/1/0 lamp=null@null sun=1.28 sunDeg=56 off=13m camCheck=0 shadow=1.17*:0.657/0.343
· dusk  sample:0               at=[93.4,2.19,75.9] clip=   0 burn=   0(null%) bins=0/451/416/93/38/2/0/0 lamp=null@null sun=1.28 sunDeg=148 off=15m camCheck=0.6 shadow=1.245*:0.738/0.257
· dusk  sample:1               at=[-97.6,1.82,70] clip=   0 burn=   0(null%) bins=0/742/214/39/4/0/0/0 lamp=null@null sun=1.28 sunDeg=80 off=15m camCheck=0.5 shadow=1.28*:0.696/0.297
· dusk  sample:2               at=[115.3,1.47,-39.8] clip=   0 burn=   0(null%) bins=0/829/134/24/10/4/0/0 lamp=null@null sun=1.28 sunDeg=115 off=18m camCheck=0.4 shadow=1.2*:0.585/0.41
· dusk  sample:3               at=[-35,1.92,106.9] clip=   0 burn=   0(null%) bins=0/721/210/52/12/5/0/0 lamp=null@null sun=1.28 sunDeg=111 off=9m camCheck=0.3 shadow=1.315*:0.812/0.175
· dusk  sample:4               at=[43.3,2.36,-93.4] clip=   0 burn=   0(null%) bins=0/738/251/10/1/0/0/0 lamp=null@null sun=1.28 sunDeg=78 off=9m camCheck=0 shadow=1.269*:0.6/0.381
· dusk  sample:5               at=[-104.9,1.6,-39.4] clip=   0 burn=   0(null%) bins=1/688/292/18/1/0/0/0 lamp=null@null sun=1.28 sunDeg=41 off=9m camCheck=0 shadow=1.256*:0.608/0.379
· dusk  leak:tanks             at=[108.3,2.32,55.4] clip=   0 burn=   0(null%) bins=0/514/405/55/22/4/1/0 lamp=null@null sun=1.28 sunDeg=145 off=25m camCheck=0.6 shadow=1.237*:0.703/0.296
· dusk  watch:deck             at=[-36.6,3.3,-38.8] clip=   0 burn=   0(null%) bins=0/553/439/8/0/0/1/0 lamp=null@null sun=1.28 sunDeg=34 off=30m camCheck=0.1 shadow=1.171*:0.627/0.373
SKY night dayT=0.9 settled in 2 frames · nightF=1 dayF=0 duskF=0 sun=1.7 clock=21:36
· night pad:hub                at=[-13.5,2.22,19.9] clip=   0 burn=   0(null%) bins=8/594/284/90/21/2/1/0 lamp=null@null sun=1.7 sunDeg=97 off=12m camCheck=0 shadow=1.102:0.667/0.33
· night pad:launch             at=[-63.1,2.22,-48.5] clip= 0.1 burn=   0(null%) bins=0/340/539/88/22/10/1/1 lamp=null@null sun=1.7 sunDeg=40 off=9m camCheck=0 shadow=1.059:0.58/0.42
· night pad:habitat            at=[-51.1,2.12,73.9] clip= 0.5 burn=   0(null%) bins=0/337/427/190/32/8/2/5 lamp=null@null sun=1.7 sunDeg=96 off=15m camCheck=0.6 shadow=1.21*:0.989/0.011
· night pad:industry           at=[59.2,2.15,86.6] clip= 0.1 burn=   0(null%) bins=0/527/347/80/37/7/0/1 lamp=null@null sun=1.7 sunDeg=142 off=9m camCheck=0.2 shadow=1.109:0.638/0.362
· night pad:comms              at=[56.4,2.12,-75.2] clip=   0 burn=   0(null%) bins=0/768/191/23/17/1/1/0 lamp=null@null sun=1.7 sunDeg=88 off=9m camCheck=0 shadow=1.114:0.596/0.404
· night pad:science            at=[5.2,2.02,81.4] clip=   0 burn=   0(null%) bins=0/632/232/81/43/12/0/0 lamp=null@null sun=1.7 sunDeg=126 off=9m camCheck=0.5 shadow=1.134:0.651/0.347
· night pad:motor              at=[1.8,2.12,-63.5] clip=   0 burn=   0(null%) bins=0/467/476/31/24/1/0/0 lamp=null@null sun=1.7 sunDeg=61 off=12m camCheck=0 shadow=1.105:0.708/0.291
· night tap:hub                at=[-18.4,2.22,27.2] clip= 0.1 burn=   0(null%) bins=0/681/234/74/6/1/2/1 lamp=null@null sun=1.7 sunDeg=97 off=13m camCheck=0 shadow=1.188*:0.693/0.306
· night tap:launch             at=[-79.6,2.22,-52.5] clip=   0 burn=   0(null%) bins=0/717/281/2/0/0/0/0 lamp=null@null sun=1.7 sunDeg=40 off=19m camCheck=0 shadow=1.166*:0.934/0.066
· night tap:habitat            at=[-68.1,2.12,80.5] clip=   0 burn=   0(null%) bins=0/55/332/611/2/0/0/0 lamp=null@null sun=1.7 sunDeg=92 off=22m camCheck=0.6 shadow=1.15:0.971/0.029
· night tap:industry           at=[56.3,2.17,97] clip=   0 burn=   0(null%) bins=2/609/326/50/10/3/0/0 lamp=null@null sun=1.7 sunDeg=140 off=13m camCheck=0.2 shadow=1.17*:0.673/0.326
· night tap:comms              at=[60.4,2.12,-86.3] clip=   0 burn=   0(null%) bins=1/781/209/7/1/0/0/0 lamp=null@null sun=1.7 sunDeg=86 off=13m camCheck=0 shadow=1.184*:0.607/0.393
· night tap:science            at=[9.4,2.02,92.3] clip=   0 burn=   0(null%) bins=1/680/236/53/20/10/0/0 lamp=null@null sun=1.7 sunDeg=127 off=13m camCheck=0.4 shadow=1.217*:0.688/0.311
· night tap:motor              at=[-2.2,2.12,-57.4] clip= 0.1 burn=   0(null%) bins=1/536/412/29/18/2/1/1 lamp=null@null sun=1.7 sunDeg=58 off=13m camCheck=0 shadow=1.103:0.647/0.353
· night sample:0               at=[93.4,2.19,75.9] clip=   0 burn=   0(null%) bins=0/329/527/71/71/3/0/0 lamp=null@null sun=1.7 sunDeg=144 off=15m camCheck=0.6 shadow=1.176*:0.632/0.365
· night sample:1               at=[-97.6,1.82,70] clip=   0 burn=   0(null%) bins=0/726/221/41/11/1/0/0 lamp=null@null sun=1.7 sunDeg=81 off=15m camCheck=0.5 shadow=1.224*:0.616/0.382
· night sample:2               at=[115.3,1.47,-39.8] clip=   0 burn=   0(null%) bins=0/809/150/25/11/6/0/0 lamp=null@null sun=1.7 sunDeg=114 off=18m camCheck=0.4 shadow=1.142:0.54/0.458
· night sample:3               at=[-35,1.92,106.9] clip=   0 burn=   0(null%) bins=0/723/196/62/14/6/0/0 lamp=null@null sun=1.7 sunDeg=110 off=9m camCheck=0.3 shadow=1.253*:0.662/0.33
· night sample:4               at=[43.3,2.36,-93.4] clip=   0 burn=   0(null%) bins=0/709/268/20/3/0/0/0 lamp=null@null sun=1.7 sunDeg=79 off=9m camCheck=0 shadow=1.208*:0.594/0.395
· night sample:5               at=[-104.9,1.6,-39.4] clip=   0 burn=   0(null%) bins=2/628/338/31/1/0/0/0 lamp=null@null sun=1.7 sunDeg=45 off=9m camCheck=0 shadow=1.192*:0.601/0.39
· night leak:tanks             at=[108.3,2.32,55.4] clip=   0 burn=   0(null%) bins=0/455/456/48/36/4/1/0 lamp=null@null sun=1.7 sunDeg=141 off=25m camCheck=0.6 shadow=1.166*:0.613/0.386
· night watch:deck             at=[-36.6,3.3,-38.8] clip=   0 burn=   0(null%) bins=0/396/590/12/1/0/1/0 lamp=null@null sun=1.7 sunDeg=39 off=30m camCheck=0.1 shadow=1.092:0.62/0.379
SUMMARY frames=66 flagged=1 · worst clip: day/pad:launch=0.9 night/pad:habitat=0.5 day/sample:5=0.4 day/watch:deck=0.4 day/tap:hub=0.2 · worst bin0: night/pad:hub=8 dusk/tap:motor=2 night/tap:industry=2 night/sample:5=2 dusk/tap:industry=1 · worst burn share: day/pad:hub=null day/pad:launch=null day/pad:habitat=null day/pad:industry=null day/pad:comms=null
COVERAGE vantage-in-geometry=0/66 · sun-in-frame(<20 deg)=1/66 · census-anchor-fail=0/66 (nearby() disagrees with the shot pose by > 2 m) · census-empty=1/66 (no emitter within 70 m of the pose, so nothing to cross-check) · burn-share-measured=0/66 (>= 160 blown px)
FRAMES /tmp/rsb-clip-2026-09-28/ (PNG, lossless — shot() stopped encoding JPEG, main.js:5141)
CLIP SWEEP FAIL
CLIP_SWEEP_RC=1
