TARGET http://127.0.0.1:8080/qa_boot.html?auto=std · buffer 640x696 · 22/22 interactive points × 3 skies = 66 frames
UNITS clip,burn = % of the 16 000-px histogram sample · bins = ‰ each · shadow= chroma:warm/cool shares
WALLS 693 collider discs used for vantage clearance
SKY day dayT=0.3 settled in 2 frames · nightF=0 dayF=0.9969369718177339 duskF=0.03402291870487639 sun=3.39 clock=07:11
· day   pad:hub                at=[-13.5,2.22,19.9] clip=   0 burn=   0(null%) bins=0/464/205/57/213/59/1/0 lamp=1.116@0.01 sun=3.39 sunDeg=97 off=12m camCheck=0 shadow=1.377*:0.995/0.005
· day   pad:launch             at=[-63.1,2.22,-48.5] clip= 0.4 burn= 0.1(null%) bins=0/66/303/159/187/227/55/4 lamp=1.164@0.129 sun=3.39 sunDeg=21 off=9m camCheck=0 shadow=1.345*:0.998/0.002
· day   pad:habitat            at=[-51.1,2.12,73.9] clip=   0 burn=   0(null%) bins=0/279/218/213/235/55/0/0 lamp=1.123@0.011 sun=3.39 sunDeg=97 off=15m camCheck=0.6 shadow=1.409*:1/0
· day   pad:industry           at=[59.2,2.15,86.6] clip=   0 burn=   0(null%) bins=0/416/71/77/376/54/7/0 lamp=null@null sun=3.39 sunDeg=159 off=9m camCheck=0.2 shadow=1.375*:0.999/0.001
· day   pad:comms              at=[56.4,2.12,-75.2] clip=   0 burn=   0(null%) bins=0/440/95/39/408/19/0/0 lamp=null@null sun=3.39 sunDeg=87 off=9m camCheck=0 shadow=1.38*:0.999/0
· day   pad:science            at=[5.2,2.02,81.4] clip=   0 burn=   0(null%) bins=0/454/61/55/330/86/13/0 lamp=1.116@0.031 sun=3.39 sunDeg=133 off=9m camCheck=0.5 shadow=1.363*:0.979/0.009
· day   pad:motor              at=[1.8,2.12,-63.5] clip=   0 burn=   0(null%) bins=0/215/396/90/267/31/2/0 lamp=null@null sun=3.39 sunDeg=53 off=12m camCheck=0 shadow=1.408*:0.998/0.002
· day   tap:hub                at=[-18.4,2.22,27.2] clip= 0.2 burn= 0.1(null%) bins=0/451/131/56/261/90/10/2 lamp=1.118@0.027 sun=3.39 sunDeg=97 off=13m camCheck=0 shadow=1.487*:0.996/0.004
· day   tap:launch             at=[-79.6,2.22,-52.5] clip=   0 burn=   0(null%) bins=0/199/718/14/67/2/1/0 lamp=null@null sun=3.39 sunDeg=21 off=19m camCheck=0 shadow=1.408*:1/0
· day   tap:habitat            at=[-68.1,2.12,80.5] clip=   0 burn=   0(null%) bins=0/41/35/373/546/5/0/0 lamp=null@null sun=3.39 sunDeg=91 off=22m camCheck=0.6 shadow=1.399*:0.991/0.008
· day   tap:industry           at=[56.3,2.17,97] clip=   0 burn=   0(null%) bins=0/412/136/36/341/69/6/0 lamp=null@null sun=3.39 sunDeg=156 off=13m camCheck=0.2 shadow=1.477*:0.999/0
· day   tap:comms              at=[60.4,2.12,-86.3] clip=   0 burn=   0(null%) bins=0/491/79/30/384/16/0/0 lamp=null@null sun=3.39 sunDeg=85 off=13m camCheck=0 shadow=1.529*:0.999/0.001
· day   tap:science            at=[9.4,2.02,92.3] clip=   0 burn=   0(null%) bins=0/465/86/37/325/77/10/0 lamp=1.128@0.028 sun=3.39 sunDeg=135 off=13m camCheck=0.4 shadow=1.547*:0.994/0.003
· day   tap:motor              at=[-2.2,2.12,-57.4] clip=   0 burn=   0(null%) bins=0/416/180/52/315/38/0/0 lamp=null@null sun=3.39 sunDeg=50 off=13m camCheck=0 shadow=1.369*:0.997/0.003
· day   sample:0               at=[93.4,2.19,75.9] clip= 0.1 burn= 0.1(null%) bins=0/82/419/31/356/101/9/1 lamp=1.176@0.046 sun=3.39 sunDeg=164 off=15m camCheck=0.6 shadow=1.558*:0.991/0.002
· day   sample:1               at=[-97.6,1.82,70] clip=   0 burn=   0(null%) bins=0/309/229/25/323/114/0/0 lamp=1.143@0.013 sun=3.39 sunDeg=78 off=15m camCheck=0.5 shadow=1.552*:1/0
· day   sample:2               at=[115.3,1.47,-39.8] clip=   0 burn=   0(null%) bins=0/21/200/201/540/30/9/0 lamp=1.131@0.013 sun=3.39 sunDeg=118 off=18m camCheck=0.4 shadow=1.537*:0.994/0
· day   sample:3               at=[-35,1.92,106.9] clip=   0 burn=   0(null%) bins=0/500/64/24/288/115/9/0 lamp=1.119@0.026 sun=3.39 sunDeg=113 off=9m camCheck=0.3 shadow=1.626*:0.986/0.011
· day   sample:4               at=[43.3,2.36,-93.4] clip=   0 burn=   0(null%) bins=0/491/77/23/387/22/0/0 lamp=null@null sun=3.39 sunDeg=75 off=9m camCheck=0 shadow=1.582*:0.974/0.024
· day   sample:5               at=[-104.9,1.6,-39.4] clip= 0.1 burn= 0.1(null%) bins=0/230/315/31/174/207/43/1 lamp=1.183@0.113 sun=3.39 sunDeg=29 off=9m camCheck=0 shadow=1.538*:0.989/0.011
· day   leak:tanks             at=[108.3,2.32,55.4] clip=   0 burn=   0(null%) bins=0/175/347/40/380/53/5/0 lamp=1.171@0.022 sun=3.39 sunDeg=158 off=25m camCheck=0.6 shadow=1.538*:1/0
· day   watch:deck             at=[-36.6,3.3,-38.8] clip= 0.1 burn= 0.1(null%) bins=0/418/156/43/178/174/29/1 lamp=1.183@0.077 sun=3.39 sunDeg=19 off=30m camCheck=0.1 shadow=1.416*:0.99/0.01
SKY dusk dayT=0.76 settled in 2 frames · nightF=0.7364732472882882 dayF=0 duskF=0.4738494896536365 sun=1.28 clock=18:14
· dusk  pad:hub                at=[-13.5,2.22,19.9] clip=   0 burn=   0(null%) bins=14/704/239/38/2/1/1/0 lamp=null@null sun=1.28 sunDeg=97 off=12m camCheck=0 shadow=1.161*:0.746/0.254
· dusk  pad:launch             at=[-63.1,2.22,-48.5] clip=   0 burn=   0(null%) bins=0/464/456/61/17/1/1/0 lamp=null@null sun=1.28 sunDeg=36 off=9m camCheck=0 shadow=1.138:0.629/0.37
· dusk  pad:habitat            at=[-51.1,2.12,73.9] clip=   0 burn=   0(null%) bins=0/506/411/72/6/1/5/0 lamp=null@null sun=1.28 sunDeg=97 off=15m camCheck=0.6 shadow=1.201*:0.862/0.138
· dusk  pad:industry           at=[59.2,2.15,86.6] clip=   0 burn=   0(null%) bins=0/541/365/71/19/4/1/0 lamp=null@null sun=1.28 sunDeg=147 off=9m camCheck=0.2 shadow=1.185*:0.756/0.244
· dusk  pad:comms              at=[56.4,2.12,-75.2] clip=   0 burn=   0(null%) bins=0/812/158/24/6/1/1/0 lamp=null@null sun=1.28 sunDeg=88 off=9m camCheck=0 shadow=1.181*:0.61/0.39
· dusk  pad:science            at=[5.2,2.02,81.4] clip=   0 burn=   0(null%) bins=0/642/248/81/20/8/0/0 lamp=null@null sun=1.28 sunDeg=128 off=9m camCheck=0.5 shadow=1.199*:0.829/0.163
· dusk  pad:motor              at=[1.8,2.12,-63.5] clip=   0 burn=   0(null%) bins=0/525/430/42/3/0/0/0 lamp=null@null sun=1.28 sunDeg=59 off=12m camCheck=0 shadow=1.18*:0.724/0.275
· dusk  tap:hub                at=[-18.4,2.22,27.2] clip= 0.1 burn=   0(null%) bins=0/759/191/45/1/1/2/1 lamp=null@null sun=1.28 sunDeg=97 off=13m camCheck=0 shadow=1.276*:0.809/0.191
· dusk  tap:launch             at=[-79.6,2.22,-52.5] clip=   0 burn=   0(null%) bins=0/764/235/1/0/0/0/0 lamp=null@null sun=1.28 sunDeg=35 off=19m camCheck=0 shadow=1.24*:0.936/0.064
· dusk  tap:habitat            at=[-68.1,2.12,80.5] clip=   0 burn=   0(null%) bins=0/59/569/371/0/0/0/0 lamp=null@null sun=1.28 sunDeg=92 off=22m camCheck=0.6 shadow=1.214*:0.985/0.015
· dusk  tap:industry           at=[56.3,2.17,97] clip=   0 burn=   0(null%) bins=1/654/289/47/7/3/0/0 lamp=null@null sun=1.28 sunDeg=144 off=13m camCheck=0.2 shadow=1.246*:0.797/0.202
· dusk  tap:comms              at=[60.4,2.12,-86.3] clip=   0 burn=   0(null%) bins=1/838/156/5/0/0/0/0 lamp=null@null sun=1.28 sunDeg=86 off=13m camCheck=0 shadow=1.257*:0.616/0.384
· dusk  tap:science            at=[9.4,2.02,92.3] clip=   0 burn=   0(null%) bins=1/696/231/50/16/6/0/0 lamp=null@null sun=1.28 sunDeg=129 off=13m camCheck=0.4 shadow=1.284*:0.854/0.143
· dusk  tap:motor              at=[-2.2,2.12,-57.4] clip=   0 burn=   0(null%) bins=2/605/361/18/13/1/1/0 lamp=null@null sun=1.28 sunDeg=56 off=13m camCheck=0 shadow=1.169*:0.657/0.343
· dusk  sample:0               at=[93.4,2.19,75.9] clip=   0 burn=   0(null%) bins=0/479/389/93/37/2/0/0 lamp=null@null sun=1.28 sunDeg=148 off=15m camCheck=0.6 shadow=1.245*:0.728/0.267
· dusk  sample:1               at=[-97.6,1.82,70] clip=   0 burn=   0(null%) bins=0/756/201/39/4/0/0/0 lamp=null@null sun=1.28 sunDeg=80 off=15m camCheck=0.5 shadow=1.28*:0.687/0.306
· dusk  sample:2               at=[115.3,1.47,-39.8] clip=   0 burn=   0(null%) bins=0/827/136/24/10/4/0/0 lamp=null@null sun=1.28 sunDeg=115 off=18m camCheck=0.4 shadow=1.198*:0.593/0.402
· dusk  sample:3               at=[-35,1.92,106.9] clip=   0 burn=   0(null%) bins=0/722/211/51/13/4/0/0 lamp=null@null sun=1.28 sunDeg=111 off=9m camCheck=0.3 shadow=1.315*:0.81/0.177
· dusk  sample:4               at=[43.3,2.36,-93.4] clip=   0 burn=   0(null%) bins=0/737/253/9/1/0/0/0 lamp=null@null sun=1.28 sunDeg=78 off=9m camCheck=0 shadow=1.269*:0.6/0.38
· dusk  sample:5               at=[-104.9,1.6,-39.4] clip=   0 burn=   0(null%) bins=1/691/291/17/0/0/0/0 lamp=null@null sun=1.28 sunDeg=41 off=9m camCheck=0 shadow=1.255*:0.609/0.379
· dusk  leak:tanks             at=[108.3,2.32,55.4] clip=   0 burn=   0(null%) bins=0/511/410/53/22/4/1/0 lamp=null@null sun=1.28 sunDeg=145 off=25m camCheck=0.6 shadow=1.236*:0.688/0.312
· dusk  watch:deck             at=[-36.6,3.3,-38.8] clip=   0 burn=   0(null%) bins=0/556/436/8/0/0/1/0 lamp=null@null sun=1.28 sunDeg=34 off=30m camCheck=0.1 shadow=1.171*:0.627/0.372
SKY night dayT=0.9 settled in 2 frames · nightF=1 dayF=0 duskF=0 sun=1.7 clock=21:36
· night pad:hub                at=[-13.5,2.22,19.9] clip=   0 burn=   0(null%) bins=7/601/280/90/19/2/1/0 lamp=null@null sun=1.7 sunDeg=97 off=12m camCheck=0 shadow=1.102:0.667/0.33
· night pad:launch             at=[-63.1,2.22,-48.5] clip= 0.1 burn=   0(null%) bins=0/340/539/90/21/9/1/1 lamp=null@null sun=1.7 sunDeg=40 off=9m camCheck=0 shadow=1.058:0.576/0.423
· night pad:habitat            at=[-51.1,2.12,73.9] clip= 0.5 burn=   0(null%) bins=0/342/429/185/31/7/2/5 lamp=null@null sun=1.7 sunDeg=96 off=15m camCheck=0.6 shadow=1.207*:0.987/0.013
· night pad:industry           at=[59.2,2.15,86.6] clip= 0.1 burn=   0(null%) bins=0/530/345/82/37/6/0/1 lamp=null@null sun=1.7 sunDeg=142 off=9m camCheck=0.2 shadow=1.109:0.639/0.361
· night pad:comms              at=[56.4,2.12,-75.2] clip=   0 burn=   0(null%) bins=0/766/193/23/16/1/1/0 lamp=null@null sun=1.7 sunDeg=88 off=9m camCheck=0 shadow=1.113:0.596/0.404
· night pad:science            at=[5.2,2.02,81.4] clip=   0 burn=   0(null%) bins=0/633/233/80/42/12/0/0 lamp=null@null sun=1.7 sunDeg=126 off=9m camCheck=0.5 shadow=1.134:0.651/0.348
· night pad:motor              at=[1.8,2.12,-63.5] clip=   0 burn=   0(null%) bins=0/471/473/30/25/1/0/0 lamp=null@null sun=1.7 sunDeg=61 off=12m camCheck=0 shadow=1.104:0.708/0.291
· night tap:hub                at=[-18.4,2.22,27.2] clip= 0.2 burn=   0(null%) bins=0/670/241/78/8/1/1/2 lamp=null@null sun=1.7 sunDeg=97 off=13m camCheck=0 shadow=1.18*:0.689/0.31
· night tap:launch             at=[-79.6,2.22,-52.5] clip=   0 burn=   0(null%) bins=0/732/266/2/0/0/0/0 lamp=null@null sun=1.7 sunDeg=40 off=19m camCheck=0 shadow=1.166*:0.934/0.066
· night tap:habitat            at=[-68.1,2.12,80.5] clip=   0 burn=   0(null%) bins=0/55/343/600/2/0/0/0 lamp=null@null sun=1.7 sunDeg=92 off=22m camCheck=0.6 shadow=1.149:0.971/0.029
· night tap:industry           at=[56.3,2.17,97] clip=   0 burn=   0(null%) bins=1/612/324/50/10/3/0/0 lamp=null@null sun=1.7 sunDeg=140 off=13m camCheck=0.2 shadow=1.17*:0.673/0.326
· night tap:comms              at=[60.4,2.12,-86.3] clip=   0 burn=   0(null%) bins=1/786/204/7/1/0/0/0 lamp=null@null sun=1.7 sunDeg=86 off=13m camCheck=0 shadow=1.184*:0.607/0.393
· night tap:science            at=[9.4,2.02,92.3] clip=   0 burn=   0(null%) bins=1/680/237/53/20/9/0/0 lamp=null@null sun=1.7 sunDeg=127 off=13m camCheck=0.4 shadow=1.217*:0.688/0.311
· night tap:motor              at=[-2.2,2.12,-57.4] clip=   0 burn=   0(null%) bins=1/539/410/28/18/2/1/0 lamp=null@null sun=1.7 sunDeg=58 off=13m camCheck=0 shadow=1.103:0.648/0.352
· night sample:0               at=[93.4,2.19,75.9] clip=   0 burn=   0(null%) bins=0/323/533/72/70/3/0/0 lamp=null@null sun=1.7 sunDeg=144 off=15m camCheck=0.6 shadow=1.176*:0.633/0.365
· night sample:1               at=[-97.6,1.82,70] clip=   0 burn=   0(null%) bins=0/713/233/42/11/1/0/0 lamp=null@null sun=1.7 sunDeg=81 off=15m camCheck=0.5 shadow=1.221*:0.616/0.381
· night sample:2               at=[115.3,1.47,-39.8] clip=   0 burn=   0(null%) bins=0/805/154/25/11/6/0/0 lamp=null@null sun=1.7 sunDeg=114 off=18m camCheck=0.4 shadow=1.139:0.541/0.457
· night sample:3               at=[-35,1.92,106.9] clip=   0 burn=   0(null%) bins=0/723/195/62/14/6/0/0 lamp=null@null sun=1.7 sunDeg=110 off=9m camCheck=0.3 shadow=1.253*:0.663/0.33
· night sample:4               at=[43.3,2.36,-93.4] clip=   0 burn=   0(null%) bins=0/710/267/20/3/1/0/0 lamp=null@null sun=1.7 sunDeg=79 off=9m camCheck=0 shadow=1.206*:0.593/0.394
· night sample:5               at=[-104.9,1.6,-39.4] clip=   0 burn=   0(null%) bins=2/630/336/30/1/0/0/0 lamp=null@null sun=1.7 sunDeg=45 off=9m camCheck=0 shadow=1.191*:0.601/0.39
· night leak:tanks             at=[108.3,2.32,55.4] clip=   0 burn=   0(null%) bins=0/460/451/48/35/4/1/0 lamp=null@null sun=1.7 sunDeg=141 off=25m camCheck=0.6 shadow=1.166*:0.613/0.387
· night watch:deck             at=[-36.6,3.3,-38.8] clip=   0 burn=   0(null%) bins=0/405/582/12/1/0/1/0 lamp=null@null sun=1.7 sunDeg=39 off=30m camCheck=0.1 shadow=1.092:0.621/0.378
SUMMARY frames=66 flagged=0 · worst clip: night/pad:habitat=0.5 day/pad:launch=0.4 day/tap:hub=0.2 night/tap:hub=0.2 day/sample:0=0.1 · worst bin0: dusk/pad:hub=14 night/pad:hub=7 dusk/tap:motor=2 night/sample:5=2 dusk/tap:industry=1 · worst burn share: day/pad:hub=null day/pad:launch=null day/pad:habitat=null day/pad:industry=null day/pad:comms=null
COVERAGE vantage-in-geometry=0/66 · sun-in-frame(<20 deg)=1/66 · census-anchor-fail=0/66 (nearby() disagrees with the shot pose by > 2 m) · census-empty=0/66 (no emitter within 70 m of the pose, so nothing to cross-check) · burn-share-measured=0/66 (>= 160 blown px)
FRAMES /tmp/rsb_shots-uvG2kY/ (PNG, lossless — shot() stopped encoding JPEG, main.js:5141)
CLIP SWEEP PASS
