TARGET http://127.0.0.1:5173/?auto=std&v=clipsweep2 · buffer 1810x883 · 22/22 interactive points × 3 skies = 66 frames
UNITS clip,burn = % of the 16 000-px histogram sample · bins = ‰ each · shadow= chroma:warm/cool shares
WALLS 693 collider discs used for vantage clearance
SKY day dayT=0.3 settled in 2 frames · nightF=0 dayF=0.9969369718177339 duskF=0.03402291870487639 sun=3.39 clock=07:11
· day   pad:hub                at=[-13.5,2.22,19.9] clip=   0 burn=   0(null%) bins=0/297/306/50/163/178/6/0 lamp=1.228@0.059 sun=3.39 sunDeg=97 off=12m camCheck=null shadow=1.368*:0.996/0.004
✗ day   pad:launch             at=[-63.1,2.22,-48.5] clip= 1.9 burn= 0.4(  21%) bins=0/87/321/177/106/227/63/19 lamp=1.175@0.18 sun=3.39 sunDeg=21 off=9m camCheck=null shadow=1.351*:0.998/0.002 clip 1.9
    look=[-56,1.82,-43] in frame: 
· day   pad:habitat            at=[-51.1,2.12,73.9] clip=   0 burn=   0(null%) bins=0/290/149/301/126/118/16/0 lamp=1.161@0.049 sun=3.39 sunDeg=97 off=15m camCheck=null shadow=1.369*:0.997/0.002
· day   pad:industry           at=[59.2,2.15,86.6] clip=   0 burn=   0(null%) bins=0/383/125/92/221/174/4/0 lamp=1.251@0.036 sun=3.39 sunDeg=159 off=9m camCheck=null shadow=1.372*:0.991/0.006
· day   pad:comms              at=[56.4,2.12,-75.2] clip=   0 burn=   0(null%) bins=0/312/278/38/235/131/6/0 lamp=1.225@0.023 sun=3.39 sunDeg=87 off=9m camCheck=0 shadow=1.38*:0.998/0.002
· day   pad:science            at=[5.2,2.02,81.4] clip= 0.1 burn=   0(null%) bins=0/346/204/32/191/216/10/1 lamp=1.199@0.051 sun=3.39 sunDeg=133 off=9m camCheck=null shadow=1.374*:0.986/0.006
✗ day   pad:motor              at=[1.8,2.12,-63.5] clip= 5.9 burn= 0.9(  15%) bins=0/94/148/211/188/175/124/59 lamp=1.128@0.255 sun=3.39 sunDeg=53 off=12m camCheck=0 shadow=1.382*:0.998/0.001 clip 5.9
    look=[1.5,1.72,-51.5] in frame: BufferGeometry:{}@37.6m lum2.23 | PlaneGeometry:{"width":3.2,"height":1.55,"widthSegments":1,"@55.2m lum2.05
· day   tap:hub                at=[-18.4,2.22,27.2] clip=   0 burn=   0(null%) bins=0/255/268/57/198/216/6/0 lamp=1.221@0.064 sun=3.39 sunDeg=97 off=13m camCheck=null shadow=1.484*:0.996/0.004
· day   tap:launch             at=[-79.6,2.22,-52.5] clip= 0.1 burn=   0(null%) bins=0/153/631/60/80/73/3/1 lamp=1.198@0.014 sun=3.39 sunDeg=21 off=19m camCheck=null shadow=1.396*:1/0
· day   tap:habitat            at=[-68.1,2.12,80.5] clip=   0 burn=   0(null%) bins=0/80/87/282/456/93/2/0 lamp=1.211@0.024 sun=3.39 sunDeg=91 off=22m camCheck=0.1 shadow=1.359*:0.994/0.006
· day   tap:industry           at=[56.3,2.17,97] clip= 0.1 burn=   0(null%) bins=0/233/328/57/196/180/5/1 lamp=1.232@0.044 sun=3.39 sunDeg=156 off=13m camCheck=null shadow=1.5*:0.997/0.002
· day   tap:comms              at=[60.4,2.12,-86.3] clip=   0 burn=   0(null%) bins=0/219/352/26/259/134/10/0 lamp=1.208@0.028 sun=3.39 sunDeg=85 off=13m camCheck=0 shadow=1.525*:0.998/0.002
· day   tap:science            at=[9.4,2.02,92.3] clip= 0.1 burn=   0(null%) bins=0/248/307/19/194/222/9/1 lamp=1.218@0.055 sun=3.39 sunDeg=135 off=13m camCheck=0.6 shadow=1.562*:0.997/0.001
✗ day   tap:motor              at=[-2.2,2.12,-57.4] clip= 3.8 burn= 1.3(  34%) bins=0/218/172/128/196/158/90/38 lamp=1.143@0.195 sun=3.39 sunDeg=50 off=13m camCheck=0 shadow=1.35*:0.997/0.003 clip 3.8
    look=[-1.7,1.72,-44.4] in frame: BufferGeometry:{}@31.5m lum2.23 | PlaneGeometry:{"width":3.2,"height":1.55,"widthSegments":1,"@48.1m lum2.05
· day   sample:0               at=[93.4,2.19,75.9] clip= 0.3 burn=   0(null%) bins=0/18/352/177/233/191/27/3 lamp=1.203@0.087 sun=3.39 sunDeg=164 off=15m camCheck=0.1 shadow=1.524*:0.995/0.001
· day   sample:1               at=[-97.6,1.82,70] clip=   0 burn=   0(null%) bins=0/214/334/70/162/208/13/0 lamp=1.205@0.066 sun=3.39 sunDeg=78 off=15m camCheck=null shadow=1.525*:0.999/0
· day   sample:2               at=[115.3,1.47,-39.8] clip=   0 burn=   0(null%) bins=0/11/192/27/628/135/8/0 lamp=1.206@0.023 sun=3.39 sunDeg=118 off=18m camCheck=0 shadow=1.508*:0.992/0.001
· day   sample:3               at=[-35,1.92,106.9] clip=   0 burn=   0(null%) bins=0/209/344/26/190/220/11/0 lamp=1.215@0.071 sun=3.39 sunDeg=113 off=9m camCheck=null shadow=1.603*:0.991/0.003
· day   sample:4               at=[43.3,2.36,-93.4] clip= 0.1 burn=   0(null%) bins=0/308/243/43/230/163/13/1 lamp=1.208@0.036 sun=3.39 sunDeg=75 off=9m camCheck=0 shadow=1.541*:0.984/0.006
✗ day   sample:5               at=[-104.9,1.6,-39.4] clip=   2 burn= 0.4(  22%) bins=0/75/489/89/47/212/69/20 lamp=1.177@0.178 sun=3.39 sunDeg=29 off=9m camCheck=null shadow=1.516*:0.992/0.004 clip 2
    look=[-96.5,1.2,-36.2] in frame: 
· day   leak:tanks             at=[108.3,2.32,55.4] clip= 0.1 burn=   0(null%) bins=0/70/389/92/272/170/8/1 lamp=1.229@0.048 sun=3.39 sunDeg=158 off=25m camCheck=0.1 shadow=1.486*:0.997/0.002
✗ day   watch:deck             at=[-36.6,3.3,-38.8] clip=   1 burn= 0.2(  22%) bins=0/347/168/59/128/247/40/10 lamp=1.19@0.135 sun=3.39 sunDeg=19 off=30m camCheck=0.4 shadow=1.421*:0.999/0.001 clip 1
    look=[-16,2.9,-17] in frame: PlaneGeometry:{"width":3.2,"height":1.55,"widthSegments":1,"@32.2m lum2.05 | BufferGeometry:{}@53.4m lum1.42
SKY dusk dayT=0.76 settled in 2 frames · nightF=0.7364732472882882 dayF=0 duskF=0.4738494896536365 sun=1.28 clock=18:14
· dusk  pad:hub                at=[-13.5,2.22,19.9] clip=   0 burn=   0(null%) bins=19/749/195/34/1/0/1/0 lamp=null@null sun=1.28 sunDeg=97 off=12m camCheck=null shadow=1.168*:0.766/0.234
· dusk  pad:launch             at=[-63.1,2.22,-48.5] clip=   0 burn=   0(null%) bins=5/631/332/25/6/1/1/0 lamp=null@null sun=1.28 sunDeg=36 off=9m camCheck=null shadow=1.147:0.691/0.309
· dusk  pad:habitat            at=[-51.1,2.12,73.9] clip=   0 burn=   0(null%) bins=6/743/181/53/13/2/2/0 lamp=null@null sun=1.28 sunDeg=97 off=15m camCheck=null shadow=1.179*:0.886/0.114
· dusk  pad:industry           at=[59.2,2.15,86.6] clip=   0 burn=   0(null%) bins=7/644/295/47/5/1/1/0 lamp=null@null sun=1.28 sunDeg=147 off=9m camCheck=null shadow=1.168*:0.77/0.229
· dusk  pad:comms              at=[56.4,2.12,-75.2] clip=   0 burn=   0(null%) bins=11/792/170/20/6/2/0/0 lamp=null@null sun=1.28 sunDeg=88 off=9m camCheck=0 shadow=1.168*:0.662/0.338
· dusk  pad:science            at=[5.2,2.02,81.4] clip=   0 burn=   0(null%) bins=26/646/268/42/10/5/4/0 lamp=null@null sun=1.28 sunDeg=128 off=9m camCheck=null shadow=1.19*:0.804/0.196
· dusk  pad:motor              at=[1.8,2.12,-63.5] clip=   0 burn=   0(null%) bins=8/559/336/80/15/3/0/0 lamp=null@null sun=1.28 sunDeg=59 off=12m camCheck=0 shadow=1.134:0.666/0.333
· dusk  tap:hub                at=[-18.4,2.22,27.2] clip= 0.1 burn=   0(null%) bins=1/741/213/41/1/1/0/1 lamp=null@null sun=1.28 sunDeg=97 off=13m camCheck=null shadow=1.23*:0.806/0.194
· dusk  tap:launch             at=[-79.6,2.22,-52.5] clip=   0 burn=   0(null%) bins=3/856/95/37/8/1/0/0 lamp=null@null sun=1.28 sunDeg=35 off=19m camCheck=null shadow=1.201*:0.87/0.13
· dusk  tap:habitat            at=[-68.1,2.12,80.5] clip=   0 burn=   0(null%) bins=0/308/651/39/0/1/0/0 lamp=null@null sun=1.28 sunDeg=92 off=22m camCheck=0.1 shadow=1.189*:0.911/0.089
· dusk  tap:industry           at=[56.3,2.17,97] clip=   0 burn=   0(null%) bins=3/689/269/33/6/1/0/0 lamp=null@null sun=1.28 sunDeg=144 off=13m camCheck=null shadow=1.234*:0.808/0.191
· dusk  tap:comms              at=[60.4,2.12,-86.3] clip=   0 burn=   0(null%) bins=3/780/191/16/8/3/0/0 lamp=null@null sun=1.28 sunDeg=86 off=13m camCheck=0 shadow=1.229*:0.656/0.344
· dusk  tap:science            at=[9.4,2.02,92.3] clip=   0 burn=   0(null%) bins=1/692/265/31/8/2/1/0 lamp=null@null sun=1.28 sunDeg=129 off=13m camCheck=0.6 shadow=1.257*:0.815/0.185
· dusk  tap:motor              at=[-2.2,2.12,-57.4] clip=   0 burn=   0(null%) bins=16/619/314/38/11/2/1/0 lamp=null@null sun=1.28 sunDeg=56 off=13m camCheck=0 shadow=1.134:0.599/0.4
· dusk  sample:0               at=[93.4,2.19,75.9] clip=   0 burn=   0(null%) bins=0/653/261/72/9/3/2/0 lamp=null@null sun=1.28 sunDeg=148 off=15m camCheck=0.1 shadow=1.233*:0.777/0.221
· dusk  sample:1               at=[-97.6,1.82,70] clip=   0 burn=   0(null%) bins=0/773/184/30/8/3/1/0 lamp=null@null sun=1.28 sunDeg=80 off=15m camCheck=null shadow=1.251*:0.743/0.257
· dusk  sample:2               at=[115.3,1.47,-39.8] clip=   0 burn=   0(null%) bins=0/790/186/15/6/3/0/0 lamp=null@null sun=1.28 sunDeg=115 off=18m camCheck=0 shadow=1.182*:0.611/0.388
· dusk  sample:3               at=[-35,1.92,106.9] clip=   0 burn=   0(null%) bins=0/652/292/40/11/5/0/0 lamp=null@null sun=1.28 sunDeg=111 off=9m camCheck=null shadow=1.246*:0.968/0.032
· dusk  sample:4               at=[43.3,2.36,-93.4] clip=   0 burn=   0(null%) bins=0/719/238/18/13/11/0/0 lamp=null@null sun=1.28 sunDeg=78 off=9m camCheck=0 shadow=1.233*:0.647/0.351
· dusk  sample:5               at=[-104.9,1.6,-39.4] clip=   0 burn=   0(null%) bins=5/726/248/12/3/6/0/0 lamp=null@null sun=1.28 sunDeg=41 off=9m camCheck=null shadow=1.24*:0.688/0.31
· dusk  leak:tanks             at=[108.3,2.32,55.4] clip=   0 burn=   0(null%) bins=0/674/274/43/6/2/1/0 lamp=null@null sun=1.28 sunDeg=145 off=25m camCheck=0.1 shadow=1.207*:0.741/0.259
· dusk  watch:deck             at=[-36.6,3.3,-38.8] clip=   0 burn=   0(null%) bins=0/686/307/5/0/0/0/0 lamp=null@null sun=1.28 sunDeg=34 off=30m camCheck=0.4 shadow=1.174*:0.611/0.389
SKY night dayT=0.9 settled in 2 frames · nightF=1 dayF=0 duskF=0 sun=1.7 clock=21:36
· night pad:hub                at=[-13.5,2.22,19.9] clip=   0 burn=   0(null%) bins=13/718/210/53/4/1/1/0 lamp=null@null sun=1.7 sunDeg=97 off=12m camCheck=null shadow=1.113:0.678/0.32
· night pad:launch             at=[-63.1,2.22,-48.5] clip= 0.1 burn=   0(null%) bins=5/541/400/43/8/2/1/1 lamp=null@null sun=1.7 sunDeg=40 off=9m camCheck=null shadow=1.073:0.656/0.342
· night pad:habitat            at=[-51.1,2.12,73.9] clip= 0.3 burn=   0(null%) bins=6/637/238/75/32/9/1/3 lamp=null@null sun=1.7 sunDeg=96 off=15m camCheck=null shadow=1.161*:0.885/0.114
· night pad:industry           at=[59.2,2.15,86.6] clip=   0 burn=   0(null%) bins=5/604/312/64/13/2/1/0 lamp=null@null sun=1.7 sunDeg=142 off=9m camCheck=null shadow=1.1:0.646/0.345
· night pad:comms              at=[56.4,2.12,-75.2] clip=   0 burn=   0(null%) bins=14/776/172/22/11/4/0/0 lamp=null@null sun=1.7 sunDeg=88 off=9m camCheck=0 shadow=1.105:0.64/0.358
· night pad:science            at=[5.2,2.02,81.4] clip= 0.1 burn=   0(null%) bins=26/606/276/60/20/4/6/1 lamp=null@null sun=1.7 sunDeg=126 off=9m camCheck=null shadow=1.087:0.592/0.377
· night pad:motor              at=[1.8,2.12,-63.5] clip=   0 burn=   0(null%) bins=8/518/334/115/21/4/0/0 lamp=null@null sun=1.7 sunDeg=61 off=12m camCheck=0 shadow=1.061:0.57/0.429
· night tap:hub                at=[-18.4,2.22,27.2] clip= 0.1 burn=   0(null%) bins=1/718/187/82/10/1/1/1 lamp=null@null sun=1.7 sunDeg=97 off=13m camCheck=null shadow=1.154*:0.691/0.308
· night tap:launch             at=[-79.6,2.22,-52.5] clip=   0 burn=   0(null%) bins=4/841/97/29/24/3/0/0 lamp=null@null sun=1.7 sunDeg=40 off=19m camCheck=null shadow=1.14:0.871/0.129
· night tap:habitat            at=[-68.1,2.12,80.5] clip=   0 burn=   0(null%) bins=0/240/616/142/1/0/1/0 lamp=null@null sun=1.7 sunDeg=92 off=22m camCheck=0.1 shadow=1.103:0.881/0.119
· night tap:industry           at=[56.3,2.17,97] clip=   0 burn=   0(null%) bins=2/669/277/41/10/1/1/0 lamp=null@null sun=1.7 sunDeg=140 off=13m camCheck=null shadow=1.156*:0.675/0.319
· night tap:comms              at=[60.4,2.12,-86.3] clip=   0 burn=   0(null%) bins=5/774/192/16/9/6/0/0 lamp=null@null sun=1.7 sunDeg=86 off=13m camCheck=0 shadow=1.167*:0.636/0.364
· night tap:science            at=[9.4,2.02,92.3] clip= 0.1 burn=   0(null%) bins=1/682/263/39/11/3/1/1 lamp=null@null sun=1.7 sunDeg=127 off=13m camCheck=0.6 shadow=1.177*:0.634/0.352
· night tap:motor              at=[-2.2,2.12,-57.4] clip= 0.1 burn=   0(null%) bins=13/557/348/43/31/5/1/1 lamp=null@null sun=1.7 sunDeg=58 off=13m camCheck=0 shadow=1.075:0.569/0.43
· night sample:0               at=[93.4,2.19,75.9] clip=   0 burn=   0(null%) bins=0/578/312/69/34/2/4/0 lamp=null@null sun=1.7 sunDeg=144 off=15m camCheck=0.1 shadow=1.161*:0.657/0.336
· night sample:1               at=[-97.6,1.82,70] clip=   0 burn=   0(null%) bins=0/736/211/34/14/3/3/0 lamp=null@null sun=1.7 sunDeg=81 off=15m camCheck=null shadow=1.177*:0.644/0.351
· night sample:2               at=[115.3,1.47,-39.8] clip= 0.1 burn=   0(null%) bins=0/765/205/18/8/1/2/1 lamp=null@null sun=1.7 sunDeg=114 off=18m camCheck=0 shadow=1.1:0.528/0.463
· night sample:3               at=[-35,1.92,106.9] clip= 0.2 burn=   0(null%) bins=0/588/339/49/15/3/4/2 lamp=null@null sun=1.7 sunDeg=110 off=9m camCheck=null shadow=1.147:0.628/0.345
✗ night sample:4               at=[43.3,2.36,-93.4] clip= 0.8 burn=   0(null%) bins=0/546/384/30/17/12/3/8 lamp=1.082@0.014 sun=1.7 sunDeg=79 off=9m camCheck=0 shadow=1.112:0.582/0.378 clip 0.8
    look=[39.5,1.96,-85.2] in frame: CircleGeometry:{"radius":2.52,"segments":64,"thetaStart":0,"t@26.6m lum1 | mount@37.9m lum1
· night sample:5               at=[-104.9,1.6,-39.4] clip= 0.4 burn=   0(null%) bins=8/585/366/26/7/3/2/4 lamp=null@null sun=1.7 sunDeg=45 off=9m camCheck=null shadow=1.139:0.646/0.33
· night leak:tanks             at=[108.3,2.32,55.4] clip= 0.1 burn=   0(null%) bins=0/640/294/43/19/1/2/1 lamp=null@null sun=1.7 sunDeg=141 off=25m camCheck=0.1 shadow=1.125:0.617/0.37
· night watch:deck             at=[-36.6,3.3,-38.8] clip=   0 burn=   0(null%) bins=1/606/384/9/0/0/0/0 lamp=null@null sun=1.7 sunDeg=39 off=30m camCheck=0.4 shadow=1.096:0.6/0.398
SUMMARY frames=66 flagged=6 · worst clip: day/pad:motor=5.9 day/tap:motor=3.8 day/sample:5=2 day/pad:launch=1.9 day/watch:deck=1 · worst bin0: dusk/pad:science=26 night/pad:science=26 dusk/pad:hub=19 dusk/tap:motor=16 night/pad:comms=14 · worst burn share: day/tap:motor=34 day/sample:5=22 day/watch:deck=22 day/pad:launch=21 day/pad:motor=15
COVERAGE vantage-in-geometry=0/66 · sun-in-frame(<20 deg)=1/66 · census-anchor-fail=0/66 (nearby() disagrees with the shot pose by > 2 m) · census-empty=33/66 (no emitter within 70 m of the pose, so nothing to cross-check) · burn-share-measured=5/66 (>= 160 blown px)
FRAMES /tmp/rsb-clip-2026-09-26/ (PNG, lossless — shot() stopped encoding JPEG, main.js:5141)
CLIP SWEEP FAIL
