TARGET http://127.0.0.1:8080/qa_boot.html?auto=std · buffer 640x696 · 22/22 interactive points × 3 skies = 66 frames
UNITS clip,burn = % of the 16 000-px histogram sample · bins = ‰ each · shadow= chroma:warm/cool shares
WALLS 693 collider discs used for vantage clearance
SKY day dayT=0.3 settled in 2 frames · nightF=0 dayF=0.9969369718177339 duskF=0.03402291870487639 sun=3.39 clock=07:11
· day   pad:hub                at=[-13.5,2.22,19.9] clip=   0 burn=   0(null%) bins=0/477/191/60/211/60/1/0 lamp=1.115@0.011 sun=3.39 sunDeg=97 off=12m camCheck=null shadow=1.377*:0.995/0.005
· day   pad:launch             at=[-63.1,2.22,-48.5] clip= 0.4 burn= 0.1(null%) bins=0/67/302/159/186/227/55/4 lamp=1.164@0.129 sun=3.39 sunDeg=21 off=9m camCheck=0 shadow=1.346*:0.998/0.002
· day   pad:habitat            at=[-51.1,2.12,73.9] clip=   0 burn=   0(null%) bins=0/275/207/227/236/55/1/0 lamp=1.124@0.011 sun=3.39 sunDeg=97 off=15m camCheck=0.6 shadow=1.408*:1/0
· day   pad:industry           at=[59.2,2.15,86.6] clip=   0 burn=   0(null%) bins=0/417/71/76/375/54/7/0 lamp=null@null sun=3.39 sunDeg=159 off=9m camCheck=0.2 shadow=1.375*:0.999/0
· day   pad:comms              at=[56.4,2.12,-75.2] clip=   0 burn=   0(null%) bins=0/441/94/38/408/19/0/0 lamp=null@null sun=3.39 sunDeg=87 off=9m camCheck=0 shadow=1.38*:0.999/0
· day   pad:science            at=[5.2,2.02,81.4] clip=   0 burn=   0(null%) bins=0/455/62/54/331/85/13/0 lamp=1.116@0.031 sun=3.39 sunDeg=133 off=9m camCheck=0.5 shadow=1.361*:0.979/0.009
· day   pad:motor              at=[1.8,2.12,-63.5] clip=   0 burn=   0(null%) bins=0/215/398/87/268/31/2/0 lamp=null@null sun=3.39 sunDeg=53 off=12m camCheck=0 shadow=1.409*:0.998/0.002
· day   tap:hub                at=[-18.4,2.22,27.2] clip= 0.2 burn= 0.1(null%) bins=0/451/132/56/259/91/10/2 lamp=1.118@0.027 sun=3.39 sunDeg=97 off=13m camCheck=0 shadow=1.487*:0.996/0.004
· day   tap:launch             at=[-79.6,2.22,-52.5] clip=   0 burn=   0(null%) bins=0/216/702/12/67/2/0/0 lamp=null@null sun=3.39 sunDeg=21 off=19m camCheck=0 shadow=1.407*:1/0
· day   tap:habitat            at=[-68.1,2.12,80.5] clip=   0 burn=   0(null%) bins=0/41/34/369/550/5/0/0 lamp=null@null sun=3.39 sunDeg=91 off=22m camCheck=0.6 shadow=1.391*:0.989/0.01
· day   tap:industry           at=[56.3,2.17,97] clip=   0 burn=   0(null%) bins=0/407/141/36/341/69/6/0 lamp=null@null sun=3.39 sunDeg=156 off=13m camCheck=0.2 shadow=1.477*:0.999/0
· day   tap:comms              at=[60.4,2.12,-86.3] clip=   0 burn=   0(null%) bins=0/493/77/29/384/17/0/0 lamp=null@null sun=3.39 sunDeg=85 off=13m camCheck=0 shadow=1.53*:0.999/0.001
· day   tap:science            at=[9.4,2.02,92.3] clip=   0 burn=   0(null%) bins=0/468/84/37/323/78/10/0 lamp=1.127@0.028 sun=3.39 sunDeg=135 off=13m camCheck=0.4 shadow=1.548*:0.995/0.003
· day   tap:motor              at=[-2.2,2.12,-57.4] clip=   0 burn=   0(null%) bins=0/418/178/53/314/37/0/0 lamp=null@null sun=3.39 sunDeg=50 off=13m camCheck=0 shadow=1.369*:0.996/0.003
· day   sample:0               at=[93.4,2.19,75.9] clip= 0.1 burn= 0.1(null%) bins=0/80/421/30/358/100/9/1 lamp=1.176@0.047 sun=3.39 sunDeg=164 off=15m camCheck=0.6 shadow=1.557*:0.991/0.002
· day   sample:1               at=[-97.6,1.82,70] clip=   0 burn=   0(null%) bins=0/309/229/25/322/114/0/0 lamp=1.142@0.013 sun=3.39 sunDeg=78 off=15m camCheck=0.5 shadow=1.555*:1/0
· day   sample:2               at=[115.3,1.47,-39.8] clip=   0 burn=   0(null%) bins=0/24/197/202/539/30/8/0 lamp=1.133@0.013 sun=3.39 sunDeg=118 off=18m camCheck=0.4 shadow=1.539*:0.993/0
· day   sample:3               at=[-35,1.92,106.9] clip=   0 burn=   0(null%) bins=0/502/63/24/290/113/9/0 lamp=1.119@0.026 sun=3.39 sunDeg=113 off=9m camCheck=0.3 shadow=1.624*:0.986/0.01
· day   sample:4               at=[43.3,2.36,-93.4] clip=   0 burn=   0(null%) bins=0/493/76/23/387/22/0/0 lamp=null@null sun=3.39 sunDeg=75 off=9m camCheck=0 shadow=1.583*:0.973/0.024
· day   sample:5               at=[-104.9,1.6,-39.4] clip= 0.1 burn= 0.1(null%) bins=0/232/313/32/174/205/43/1 lamp=1.183@0.113 sun=3.39 sunDeg=29 off=9m camCheck=0 shadow=1.537*:0.989/0.011
· day   leak:tanks             at=[108.3,2.32,55.4] clip=   0 burn=   0(null%) bins=0/169/354/40/380/52/5/0 lamp=1.171@0.022 sun=3.39 sunDeg=158 off=25m camCheck=0.6 shadow=1.537*:1/0
· day   watch:deck             at=[-36.6,3.3,-38.8] clip= 0.1 burn= 0.1(null%) bins=0/420/156/43/178/174/29/1 lamp=1.183@0.077 sun=3.39 sunDeg=19 off=30m camCheck=0.1 shadow=1.416*:0.99/0.01
SKY dusk dayT=0.76 settled in 2 frames · nightF=0.7364732472882882 dayF=0 duskF=0.4738494896536365 sun=1.28 clock=18:14
· dusk  pad:hub                at=[-13.5,2.22,19.9] clip=   0 burn=   0(null%) bins=0/464/388/126/19/1/1/0 lamp=null@null sun=1.28 sunDeg=97 off=12m camCheck=0 shadow=1.258*:0.836/0.164
· dusk  pad:launch             at=[-63.1,2.22,-48.5] clip=   0 burn=   0(null%) bins=0/468/453/61/16/1/1/0 lamp=null@null sun=1.28 sunDeg=36 off=9m camCheck=0 shadow=1.138:0.629/0.371
· dusk  pad:habitat            at=[-51.1,2.12,73.9] clip=   0 burn=   0(null%) bins=0/505/410/74/5/1/5/0 lamp=null@null sun=1.28 sunDeg=97 off=15m camCheck=0.6 shadow=1.201*:0.862/0.138
· dusk  pad:industry           at=[59.2,2.15,86.6] clip=   0 burn=   0(null%) bins=0/545/362/69/20/4/1/0 lamp=null@null sun=1.28 sunDeg=147 off=9m camCheck=0.2 shadow=1.185*:0.757/0.243
· dusk  pad:comms              at=[56.4,2.12,-75.2] clip=   0 burn=   0(null%) bins=0/813/158/22/7/1/1/0 lamp=null@null sun=1.28 sunDeg=88 off=9m camCheck=0 shadow=1.181*:0.609/0.391
· dusk  pad:science            at=[5.2,2.02,81.4] clip=   0 burn=   0(null%) bins=0/645/244/82/21/8/0/0 lamp=null@null sun=1.28 sunDeg=128 off=9m camCheck=0.5 shadow=1.197*:0.828/0.163
· dusk  pad:motor              at=[1.8,2.12,-63.5] clip=   0 burn=   0(null%) bins=0/526/429/42/3/0/0/0 lamp=null@null sun=1.28 sunDeg=59 off=12m camCheck=0 shadow=1.18*:0.725/0.275
· dusk  tap:hub                at=[-18.4,2.22,27.2] clip= 0.1 burn=   0(null%) bins=0/760/191/44/1/1/2/1 lamp=null@null sun=1.28 sunDeg=97 off=13m camCheck=0 shadow=1.276*:0.81/0.189
· dusk  tap:launch             at=[-79.6,2.22,-52.5] clip=   0 burn=   0(null%) bins=0/783/216/1/0/0/0/0 lamp=null@null sun=1.28 sunDeg=35 off=19m camCheck=0 shadow=1.24*:0.936/0.064
· dusk  tap:habitat            at=[-68.1,2.12,80.5] clip=   0 burn=   0(null%) bins=0/60/577/363/0/0/0/0 lamp=null@null sun=1.28 sunDeg=92 off=22m camCheck=0.6 shadow=1.214*:0.985/0.015
· dusk  tap:industry           at=[56.3,2.17,97] clip=   0 burn=   0(null%) bins=1/654/289/47/7/3/0/0 lamp=null@null sun=1.28 sunDeg=144 off=13m camCheck=0.2 shadow=1.246*:0.798/0.2
· dusk  tap:comms              at=[60.4,2.12,-86.3] clip=   0 burn=   0(null%) bins=1/839/155/4/0/0/0/0 lamp=null@null sun=1.28 sunDeg=86 off=13m camCheck=0 shadow=1.257*:0.616/0.384
· dusk  tap:science            at=[9.4,2.02,92.3] clip=   0 burn=   0(null%) bins=1/698/229/50/16/6/0/0 lamp=null@null sun=1.28 sunDeg=129 off=13m camCheck=0.4 shadow=1.284*:0.854/0.142
· dusk  tap:motor              at=[-2.2,2.12,-57.4] clip=   0 burn=   0(null%) bins=3/604/361/18/13/1/1/0 lamp=null@null sun=1.28 sunDeg=56 off=13m camCheck=0 shadow=1.169*:0.657/0.343
· dusk  sample:0               at=[93.4,2.19,75.9] clip=   0 burn=   0(null%) bins=0/468/401/91/38/2/0/0 lamp=null@null sun=1.28 sunDeg=148 off=15m camCheck=0.6 shadow=1.246*:0.728/0.267
· dusk  sample:1               at=[-97.6,1.82,70] clip=   0 burn=   0(null%) bins=0/732/224/39/4/0/0/0 lamp=null@null sun=1.28 sunDeg=80 off=15m camCheck=0.5 shadow=1.28*:0.692/0.301
· dusk  sample:2               at=[115.3,1.47,-39.8] clip=   0 burn=   0(null%) bins=0/827/137/23/10/3/0/0 lamp=null@null sun=1.28 sunDeg=115 off=18m camCheck=0.4 shadow=1.199*:0.584/0.41
· dusk  sample:3               at=[-35,1.92,106.9] clip=   0 burn=   0(null%) bins=0/723/210/51/13/3/0/0 lamp=null@null sun=1.28 sunDeg=111 off=9m camCheck=0.3 shadow=1.314*:0.811/0.176
· dusk  sample:4               at=[43.3,2.36,-93.4] clip=   0 burn=   0(null%) bins=0/738/252/9/1/0/0/0 lamp=null@null sun=1.28 sunDeg=78 off=9m camCheck=0 shadow=1.269*:0.602/0.379
· dusk  sample:5               at=[-104.9,1.6,-39.4] clip=   0 burn=   0(null%) bins=1/690/293/16/1/0/0/0 lamp=null@null sun=1.28 sunDeg=41 off=9m camCheck=0 shadow=1.255*:0.608/0.38
· dusk  leak:tanks             at=[108.3,2.32,55.4] clip=   0 burn=   0(null%) bins=0/495/426/52/22/3/1/0 lamp=null@null sun=1.28 sunDeg=145 off=25m camCheck=0.6 shadow=1.236*:0.687/0.313
· dusk  watch:deck             at=[-36.6,3.3,-38.8] clip=   0 burn=   0(null%) bins=0/554/437/7/0/0/1/0 lamp=null@null sun=1.28 sunDeg=34 off=30m camCheck=0.1 shadow=1.171*:0.627/0.372
SKY night dayT=0.9 settled in 2 frames · nightF=1 dayF=0 duskF=0 sun=1.7 clock=21:36
· night pad:hub                at=[-13.5,2.22,19.9] clip=   0 burn=   0(null%) bins=7/609/273/89/18/2/1/0 lamp=null@null sun=1.7 sunDeg=97 off=12m camCheck=0 shadow=1.102:0.67/0.327
· night pad:launch             at=[-63.1,2.22,-48.5] clip= 0.1 burn=   0(null%) bins=0/341/540/89/19/11/1/1 lamp=null@null sun=1.7 sunDeg=40 off=9m camCheck=0 shadow=1.059:0.58/0.419
· night pad:habitat            at=[-51.1,2.12,73.9] clip= 0.5 burn=   0(null%) bins=0/336/424/193/34/7/2/5 lamp=null@null sun=1.7 sunDeg=96 off=15m camCheck=0.6 shadow=1.21*:0.992/0.008
· night pad:industry           at=[59.2,2.15,86.6] clip=   0 burn=   0(null%) bins=0/533/343/80/37/6/0/0 lamp=null@null sun=1.7 sunDeg=142 off=9m camCheck=0.2 shadow=1.11:0.641/0.359
· night pad:comms              at=[56.4,2.12,-75.2] clip=   0 burn=   0(null%) bins=0/771/189/23/16/1/1/0 lamp=null@null sun=1.7 sunDeg=88 off=9m camCheck=0 shadow=1.114:0.597/0.403
· night pad:science            at=[5.2,2.02,81.4] clip=   0 burn=   0(null%) bins=0/637/228/80/43/11/0/0 lamp=null@null sun=1.7 sunDeg=126 off=9m camCheck=0.5 shadow=1.135:0.653/0.345
· night pad:motor              at=[1.8,2.12,-63.5] clip=   0 burn=   0(null%) bins=0/475/470/31/24/1/0/0 lamp=null@null sun=1.7 sunDeg=61 off=12m camCheck=0 shadow=1.105:0.708/0.292
· night tap:hub                at=[-18.4,2.22,27.2] clip= 0.2 burn=   0(null%) bins=0/678/237/74/7/1/1/2 lamp=null@null sun=1.7 sunDeg=97 off=13m camCheck=0 shadow=1.184*:0.691/0.309
· night tap:launch             at=[-79.6,2.22,-52.5] clip=   0 burn=   0(null%) bins=0/753/245/2/0/0/0/0 lamp=null@null sun=1.7 sunDeg=40 off=19m camCheck=0 shadow=1.166*:0.934/0.066
· night tap:habitat            at=[-68.1,2.12,80.5] clip=   0 burn=   0(null%) bins=0/55/341/602/2/0/0/0 lamp=null@null sun=1.7 sunDeg=92 off=22m camCheck=0.6 shadow=1.149:0.972/0.027
· night tap:industry           at=[56.3,2.17,97] clip=   0 burn=   0(null%) bins=2/611/326/49/10/3/0/0 lamp=null@null sun=1.7 sunDeg=140 off=13m camCheck=0.2 shadow=1.17*:0.674/0.326
· night tap:comms              at=[60.4,2.12,-86.3] clip=   0 burn=   0(null%) bins=2/785/206/6/1/0/0/0 lamp=null@null sun=1.7 sunDeg=86 off=13m camCheck=0 shadow=1.185*:0.607/0.393
· night tap:science            at=[9.4,2.02,92.3] clip=   0 burn=   0(null%) bins=1/683/234/53/20/9/0/0 lamp=null@null sun=1.7 sunDeg=127 off=13m camCheck=0.4 shadow=1.217*:0.688/0.311
· night tap:motor              at=[-2.2,2.12,-57.4] clip=   0 burn=   0(null%) bins=1/543/408/28/18/2/1/0 lamp=null@null sun=1.7 sunDeg=58 off=13m camCheck=0 shadow=1.103:0.647/0.352
· night sample:0               at=[93.4,2.19,75.9] clip=   0 burn=   0(null%) bins=0/311/546/71/70/3/0/0 lamp=null@null sun=1.7 sunDeg=144 off=15m camCheck=0.6 shadow=1.177*:0.633/0.365
· night sample:1               at=[-97.6,1.82,70] clip=   0 burn=   0(null%) bins=0/711/236/41/11/1/0/0 lamp=null@null sun=1.7 sunDeg=81 off=15m camCheck=0.5 shadow=1.221*:0.616/0.381
· night sample:2               at=[115.3,1.47,-39.8] clip=   0 burn=   0(null%) bins=0/804/156/24/11/5/0/0 lamp=null@null sun=1.7 sunDeg=114 off=18m camCheck=0.4 shadow=1.141:0.542/0.455
· night sample:3               at=[-35,1.92,106.9] clip=   0 burn=   0(null%) bins=0/727/192/61/15/6/0/0 lamp=null@null sun=1.7 sunDeg=110 off=9m camCheck=0.3 shadow=1.253*:0.662/0.33
· night sample:4               at=[43.3,2.36,-93.4] clip=   0 burn=   0(null%) bins=0/712/265/19/3/1/0/0 lamp=null@null sun=1.7 sunDeg=79 off=9m camCheck=0 shadow=1.208*:0.594/0.394
· night sample:5               at=[-104.9,1.6,-39.4] clip=   0 burn=   0(null%) bins=3/630/336/30/2/0/0/0 lamp=null@null sun=1.7 sunDeg=45 off=9m camCheck=0 shadow=1.191*:0.601/0.39
· night leak:tanks             at=[108.3,2.32,55.4] clip=   0 burn=   0(null%) bins=0/444/469/47/35/3/1/0 lamp=null@null sun=1.7 sunDeg=141 off=25m camCheck=0.6 shadow=1.165*:0.613/0.387
· night watch:deck             at=[-36.6,3.3,-38.8] clip=   0 burn=   0(null%) bins=0/403/584/11/1/0/1/0 lamp=null@null sun=1.7 sunDeg=39 off=30m camCheck=0.1 shadow=1.092:0.62/0.378
SUMMARY frames=66 flagged=0 · worst clip: night/pad:habitat=0.5 day/pad:launch=0.4 day/tap:hub=0.2 night/tap:hub=0.2 day/sample:0=0.1 · worst bin0: night/pad:hub=7 dusk/tap:motor=3 night/sample:5=3 night/tap:industry=2 night/tap:comms=2 · worst burn share: day/pad:hub=null day/pad:launch=null day/pad:habitat=null day/pad:industry=null day/pad:comms=null
COVERAGE vantage-in-geometry=0/66 · sun-in-frame(<20 deg)=1/66 · census-anchor-fail=0/66 (nearby() disagrees with the shot pose by > 2 m) · census-empty=1/66 (no emitter within 70 m of the pose, so nothing to cross-check) · burn-share-measured=0/66 (>= 160 blown px)
FRAMES /tmp/rsb_shots-uvG2kY/ (PNG, lossless — shot() stopped encoding JPEG, main.js:5141)
CLIP SWEEP PASS
CLIP_RC=0
