arch.glb                                       UNREFERENCED   1625.1 KiB
comm_dish.glb                                  UNREFERENCED     14.3 KiB
kenney/nature/cliff_blockCave_rock.glb         UNREFERENCED      5.3 KiB
kenney/nature/cliff_blockSlope_rock.glb        UNREFERENCED      6.6 KiB
kenney/nature/cliff_block_rock.glb             UNREFERENCED      2.7 KiB
kenney/nature/cliff_corner_rock.glb            UNREFERENCED      2.3 KiB
kenney/nature/rock_largeA.glb                  UNREFERENCED      7.4 KiB
kenney/nature/rock_largeB.glb                  UNREFERENCED      8.4 KiB
kenney/nature/rock_largeC.glb                  UNREFERENCED      6.8 KiB
kenney/nature/rock_largeD.glb                  UNREFERENCED      7.8 KiB
kenney/nature/rock_smallA.glb                  UNREFERENCED      3.0 KiB
kenney/nature/rock_smallB.glb                  UNREFERENCED      3.4 KiB
kenney/nature/rock_smallC.glb                  UNREFERENCED      3.0 KiB
kenney/nature/rock_smallD.glb                  UNREFERENCED      3.9 KiB
kenney/nature/rock_smallE.glb                  UNREFERENCED      5.8 KiB
kenney/nature/rock_smallF.glb                  UNREFERENCED      5.6 KiB
kenney/nature/rock_smallFlatA.glb              UNREFERENCED      3.2 KiB
kenney/nature/rock_smallFlatB.glb              UNREFERENCED      3.0 KiB
kenney/nature/rock_smallFlatC.glb              UNREFERENCED      4.4 KiB
kenney/nature/rock_smallG.glb                  UNREFERENCED      4.1 KiB
kenney/nature/rock_smallH.glb                  UNREFERENCED      6.1 KiB
kenney/nature/rock_smallI.glb                  UNREFERENCED      5.0 KiB
kenney/space/astronautA.glb                    UNREFERENCED     27.3 KiB
kenney/space/barrels.glb                       UNREFERENCED     20.3 KiB
kenney/space/barrels_rail.glb                  UNREFERENCED     29.6 KiB
kenney/space/corridor.glb                      UNREFERENCED      6.7 KiB
kenney/space/corridor_corner.glb               UNREFERENCED      8.2 KiB
kenney/space/corridor_cross.glb                UNREFERENCED     12.2 KiB
kenney/space/corridor_end.glb                  UNREFERENCED      8.7 KiB
kenney/space/corridor_roof.glb                 UNREFERENCED      4.5 KiB
kenney/space/corridor_split.glb                UNREFERENCED      9.8 KiB
kenney/space/corridor_window.glb               UNREFERENCED     12.6 KiB
kenney/space/craft_cargoA.glb                  UNREFERENCED     18.5 KiB
kenney/space/gate_complex.glb                  UNREFERENCED     29.2 KiB
kenney/space/gate_simple.glb                   UNREFERENCED     14.7 KiB
kenney/space/hangar_largeB.glb                 UNREFERENCED     22.9 KiB
kenney/space/meteor_half.glb                   UNREFERENCED      4.6 KiB
kenney/space/monorail_trackStraight.glb        UNREFERENCED      3.7 KiB
kenney/space/monorail_trackSupport.glb         UNREFERENCED     11.8 KiB
kenney/space/monorail_trainFront.glb           UNREFERENCED     16.7 KiB
kenney/space/pipe_split.glb                    UNREFERENCED     10.0 KiB
kenney/space/pipe_supportLow.glb               UNREFERENCED      5.1 KiB
kenney/space/platform_center.glb               UNREFERENCED      1.7 KiB
kenney/space/platform_corner.glb               UNREFERENCED      6.7 KiB
kenney/space/platform_straight.glb             UNREFERENCED      6.2 KiB
kenney/space/rail_corner.glb                   UNREFERENCED      9.7 KiB
kenney/space/rock_crystalsLargeA.glb           UNREFERENCED     25.5 KiB
kenney/space/rock_largeA.glb                   UNREFERENCED     12.9 KiB
kenney/space/rock_largeB.glb                   UNREFERENCED     12.7 KiB
kenney/space/rocket_baseA.glb                  UNREFERENCED     20.7 KiB
kenney/space/rocket_finsB.glb                  UNREFERENCED     15.6 KiB
kenney/space/rocket_fuelB.glb                  UNREFERENCED      8.4 KiB
kenney/space/rocket_sidesB.glb                 UNREFERENCED     13.2 KiB
kenney/space/rocket_topB.glb                   UNREFERENCED      8.0 KiB
kenney/space/rocks_smallA.glb                  UNREFERENCED      5.9 KiB
kenney/space/rocks_smallB.glb                  UNREFERENCED      5.0 KiB
kenney/space/supports_low.glb                  UNREFERENCED     14.3 KiB
kenney/space/terrain_ramp.glb                  UNREFERENCED      2.2 KiB
kenney/space/terrain_rampLarge.glb             UNREFERENCED      2.2 KiB
kenney/space/terrain_roadCorner.glb            UNREFERENCED      4.8 KiB
kenney/space/terrain_side.glb                  UNREFERENCED      1.5 KiB
kenney/space/turret_single.glb                 UNREFERENCED     38.0 KiB
rock_cluster.glb                               UNREFERENCED     15.0 KiB
solar_array.glb                                UNREFERENCED     28.2 KiB
ENUMERATED 131 · REFERENCED 67 · UNREFERENCED 64 · dead bytes 2.2 MiB · skipped web/ 267
GLB_ORPHANS
