TARGET http://127.0.0.1:8080/qa_boot.html
BEFORE {"pos":[-7.79,1.06,9.12],"yaw":-2.164}
PAD pad:hub at -6.77,9.98 r=3.9 centreTouching=[]
  LANES clear 3/16 · blocked beyond r 4/16
    0° first contact 1.5 m · hub:pad0#2@-6.8,13.0r0.1
   23° first contact 1.5 m · hub:pad0#2@-6.8,13.0r0.1
   45° first contact 5.5 m · hub:ring-90@0.0,16.4r2.7
   68° first contact 6 m · hub:ring-90@0.0,16.4r2.7
   90° first contact 1.5 m · hub:pad0#0@-3.9,8.7r0.4
  113° first contact 1.5 m · hub:pad0#0@-3.9,8.7r0.4
  135° first contact 1.5 m · hub:pad0#0@-3.9,8.7r0.4
  158° free to 9 m
  180° first contact 7.5 m · hub:lamp-ring-3@-6.8,0.7r0.5
  202° free to 9 m
  225° first contact 1.5 m · hub:pad0#1@-9.4,8.4r0.1
  247° first contact 1.5 m · hub:pad0#1@-9.4,8.4r0.1
  270° first contact 2 m · hub:pad0#1@-9.4,8.4r0.1
  293° free to 9 m
  315° first contact 5 m · grid:grid-rig@-11.1,16.4r1.8
  337° first contact 1.5 m · hub:pad0#2@-6.8,13.0r0.1
PAD pad:launch at -56,-43 r=3.9 centreTouching=[]
  LANES clear 3/16 · blocked beyond r 2/16
    0° first contact 1 m · launch:pad1#2@-56.0,-40.4r0.1
   23° first contact 1.5 m · launch:pad1#2@-56.0,-40.4r0.1
   45° free to 9 m
   68° first contact 6.5 m · launch:pad-drums@-48.0,-41.0r0.6
   90° first contact 1.5 m · launch:pad1#0@-53.7,-44.4r0.1
  113° first contact 1 m · launch:pad1#0@-53.7,-44.4r0.1
  135° first contact 1.5 m · launch:pad1#0@-53.7,-44.4r0.1
  158° first contact 2 m · launch:pad1#0@-53.7,-44.4r0.1
  180° free to 9 m
  202° first contact 2 m · launch:pad1#1@-58.3,-44.4r0.1
  225° first contact 1.5 m · launch:pad1#1@-58.3,-44.4r0.1
  247° first contact 1 m · launch:pad1#1@-58.3,-44.4r0.1
  270° first contact 1.5 m · launch:pad1#1@-58.3,-44.4r0.1
  293° first contact 5 m · grid:grid-rig@-63.7,-42.0r1.8
  315° free to 9 m
  337° first contact 1.5 m · launch:pad1#2@-56.0,-40.4r0.1
PAD pad:habitat at -42.55,61.61 r=3.9 centreTouching=[]
  LANES clear 2/16 · blocked beyond r 3/16
    0° first contact 1 m · habitat:pad2#2@-42.5,64.1r0.1
   23° first contact 1 m · habitat:pad2#2@-42.5,64.1r0.1
   45° free to 9 m
   68° free to 9 m
   90° first contact 1.5 m · habitat:pad2#0@-40.4,60.3r0.1
  113° first contact 1 m · habitat:pad2#0@-40.4,60.3r0.1
  135° first contact 1 m · habitat:pad2#0@-40.4,60.3r0.1
  158° first contact 1.5 m · habitat:pad2#0@-40.4,60.3r0.1
  180° first contact 6 m · habitat:hab-module@-48.8,52.0r5.9
  202° first contact 1.5 m · habitat:pad2#1@-44.8,60.3r0.1
  225° first contact 1 m · habitat:pad2#1@-44.8,60.3r0.1
  247° first contact 1 m · habitat:pad2#1@-44.8,60.3r0.1
  270° first contact 1.5 m · habitat:pad2#1@-44.8,60.3r0.1
  293° first contact 9 m · grid:grid-rig@-53.9,63.7r1.8
  315° first contact 5 m · habitat:hab-domeB@-46.5,71.5r4.8
  337° first contact 1 m · habitat:pad2#2@-42.5,64.1r0.1
PAD pad:industry at 54.1,79.22 r=3.9 centreTouching=[]
  LANES clear 2/16 · blocked beyond r 1/16
    0° first contact 1 m · industry:pad3#2@54.1,81.8r0.1
   23° first contact 1 m · industry:pad3#2@54.1,81.8r0.1
   45° first contact 2.5 m · industry:fab-substation#1@57.9,79.6r1.0
   68° first contact 1.5 m · industry:fab-substation#1@57.9,79.6r1.0
   90° first contact 1.5 m · industry:fab-substation#1@57.9,79.6r1.0
  113° first contact 1 m · industry:pad3#0@56.3,77.9r0.1
  135° first contact 1 m · industry:pad3#0@56.3,77.9r0.1
  158° first contact 1.5 m · industry:pad3#0@56.3,77.9r0.1
  180° free to 9 m
  202° first contact 1.5 m · industry:pad3#1@51.9,77.9r0.1
  225° first contact 1 m · industry:pad3#1@51.9,77.9r0.1
  247° first contact 1 m · industry:pad3#1@51.9,77.9r0.1
  270° first contact 1.5 m · industry:pad3#1@51.9,77.9r0.1
  293° free to 9 m
  315° first contact 5 m · grid:grid-rig@49.8,85.8r1.8
  337° first contact 1 m · industry:pad3#2@54.1,81.8r0.1
PAD pad:comms at 51,-68 r=3.9 centreTouching=[]
  LANES clear 0/16 · blocked beyond r 5/16
    0° first contact 1 m · comms:pad4#1@51.0,-65.6r0.1
   23° first contact 1 m · comms:pad4#1@51.0,-65.6r0.1
   45° first contact 6.5 m · comms:main-ear@59.0,-61.0r2.8
   68° first contact 7.5 m · comms:main-ear@59.0,-61.0r2.8
   90° first contact 1 m · comms:pad4#0@53.1,-69.2r0.1
  113° first contact 1 m · comms:pad4#0@53.1,-69.2r0.1
  135° first contact 1 m · comms:pad4#0@53.1,-69.2r0.1
  158° first contact 1.5 m · comms:pad4#0@53.1,-69.2r0.1
  180° first contact 5 m · grid:grid-rig@52.9,-75.6r1.8
  202° first contact 1.5 m · comms:pad4#2@48.9,-69.2r0.1
  225° first contact 1 m · comms:pad4#2@48.9,-69.2r0.1
  247° first contact 1 m · comms:pad4#2@48.9,-69.2r0.1
  270° first contact 1 m · comms:pad4#2@48.9,-69.2r0.1
  293° first contact 4 m · comms:dish-d@45.5,-64.7r1.0
  315° first contact 4.5 m · comms:dish-d@45.5,-64.7r1.0
  337° first contact 1 m · comms:pad4#1@51.0,-65.6r0.1
PAD pad:science at 4.65,72.41 r=3.9 centreTouching=[]
  LANES clear 3/16 · blocked beyond r 1/16
    0° first contact 1 m · science:pad5#2@4.7,74.8r0.1
   23° first contact 1 m · science:pad5#2@4.7,74.8r0.1
   45° first contact 5.5 m · grid:grid-rig@8.1,79.4r1.8
   68° free to 9 m
   90° first contact 1 m · science:pad5#0@6.7,71.2r0.1
  113° first contact 1 m · science:pad5#0@6.7,71.2r0.1
  135° first contact 1 m · science:pad5#0@6.7,71.2r0.1
  158° first contact 1.5 m · science:pad5#0@6.7,71.2r0.1
  180° first contact 1.5 m · science:shard-39@3.1,69.3r0.7
  202° first contact 1.5 m · science:shard-39@3.1,69.3r0.7
  225° first contact 1 m · science:pad5#1@2.5,71.2r0.1
  247° first contact 1 m · science:pad5#1@2.5,71.2r0.1
  270° first contact 1 m · science:pad5#1@2.5,71.2r0.1
  293° free to 9 m
  315° free to 9 m
  337° first contact 1 m · science:pad5#2@4.7,74.8r0.1
PAD pad:motor at 1.5,-51.5 r=3.9 centreTouching=[]
  LANES clear 2/16 · blocked beyond r 2/16
    0° first contact 1 m · motor:pad6#2@1.5,-49.0r0.1
   23° first contact 1 m · motor:pad6#2@1.5,-49.0r0.1
   45° free to 9 m
   68° first contact 3.5 m · motor:pit-desk@6.7,-49.9r0.7
   90° first contact 1.5 m · motor:pad6#0@3.7,-52.8r0.1
  113° first contact 1 m · motor:pad6#0@3.7,-52.8r0.1
  135° first contact 1 m · motor:pad6#0@3.7,-52.8r0.1
  158° first contact 1.5 m · motor:pad6#0@3.7,-52.8r0.1
  180° first contact 6 m · motor:rover-bay#1@1.5,-59.8r1.1
  202° first contact 1.5 m · motor:pad6#1@-0.7,-52.8r0.1
  225° first contact 1 m · motor:pad6#1@-0.7,-52.8r0.1
  247° first contact 1 m · motor:pad6#1@-0.7,-52.8r0.1
  270° first contact 1.5 m · motor:pad6#1@-0.7,-52.8r0.1
  293° free to 9 m
  315° first contact 5.5 m · grid:grid-rig@-1.7,-44.4r1.8
  337° first contact 1 m · motor:pad6#2@1.5,-49.0r0.1
HUB_SUMMARY centreTouching 0 · clearLanes 3/16 · 最短受阻距离 1.5
VERDICT READ_ONLY — 这一跑不判红也不放行，只回答"挡住的是哪一件、在多远的朝向"
