,parking,blind,lane,parkX,parkZ,stageX,stageZ,spd,gas,range,err] 83.1,40,82.9,14.6,0,0,9,51.2,80,-999,-999,10.9,0.66,18,-0.91
83.2,40.5,83,14.1,0,0,9,51.2,80,-999,-999,11,0.66,18,-0.85
83.2,41.1,83,13.6,0,0,9,51.2,80,-999,-999,11,0.66,16.5,-0.77
83.3,41.6,83.1,13.1,0,0,9,51.2,80,-999,-999,11,0.66,16.5,-0.69
83.3,42.2,83.2,12.6,0,0,9,51.2,80,-999,-999,11,0.66,16.5,-0.61
83.4,42.7,83.3,12.1,0,0,9,51.2,80,-999,-999,11,0.66,16.5,-0.52
83.4,43.2,83.4,11.6,0,0,9,51.2,80,-999,-999,10.9,0.66,16.5,-0.92
83.5,43.8,83.5,11.2,0,0,9,51.2,80,-999,-999,10.8,0.66,15,-0.83
83.5,44.3,83.7,10.8,1,0,0.46,51.2,80,-999,-999,10.8,0.66,7.5,1.03
83.6,44.8,83.9,10.4,1,0,0.46,51.2,80,-999,-999,9.6,0.51,7.5,1.1
83.6,45.2,84,10.1,1,0,0.46,51.2,80,-999,-999,8.5,0.51,6,1.15
83.7,45.5,84.2,9.9,0,0,0.39,51.2,80,-999,-999,7.7,0.51,15,1.59
83.7,45.9,84.3,9.7,0,0,0.16,51.2,80,-999,-999,7.8,0.66,15,1.6
83.8,46.3,84.5,9.4,0,0,-0.09,51.2,80,-999,-999,7.9,0.66,15,1.61
83.8,46.6,84.6,9.3,0,0,-0.35,51.2,80,-999,-999,8.1,1,18,2.45
83.9,46.5,84.6,9.3,0,0,-0.31,51.2,80,-999,-999,1.3,1,18,2.43
83.9,46.5,84.7,9.4,0,0,-0.3,51.2,80,-999,-999,0.7,1,18,2.39
84,46.4,84.7,9.4,1,1,9,54.1,79.2,48.4,80.8,0.5,0.51,6,1.83
84,46.4,84.7,9.4,1,1,9,54.1,79.2,48.4,80.8,0.4,0.51,6,1.77
84.1,46.5,84.7,9.4,1,1,9,54.1,79.2,48.4,80.8,0.5,0.51,6,1.73
84.1,46.5,84.7,9.4,1,1,9,54.1,79.2,48.4,80.8,0.7,0.51,7.5,2.1
84.2,46.5,84.8,9.4,1,1,9,54.1,79.2,48.4,80.8,1,0.51,7.5,2.07
84.2,46.5,84.8,9.4,1,1,9,54.1,79.2,48.4,80.8,0,0.51,6,1.6
84.3,46.5,84.8,9.4,1,1,9,54.1,79.2,48.4,80.8,0.1,0.51,6,1.54
84.3,46.5,84.8,9.4,1,1,9,54.1,79.2,48.4,80.8,0.1,0.51,6,1.49
84.4,46.5,84.8,9.4,1,1,9,54.1,79.2,48.4,80.8,0.2,0.51,6,1.43
84.4,46.5,84.7,9.4,1,1,9,54.1,79.2,48.4,80.8,0.3,0.51,6,1.37
84.5,46.6,84.7,9.3,1,1,9,54.1,79.2,48.4,80.8,0.4,0.51,6,1.31
84.5,46.6,84.7,9.3,1,1,9,54.1,79.2,48.4,80.8,0.4,0.51,6,1.26
84.6,46.6,84.7,9.3,1,1,9,54.1,79.2,48.4,80.8,0.5,0.51,6,1.21
84.6,46.6,84.7,9.3,1,1,9,54.1,79.2,48.4,80.8,0.6,0.51,6,1.15
84.7,46.6,84.6,9.3,1,1,9,54.1,79.2,48.4,80.8,0.7,0.51,7.5,1.52
84.7,46.6,84.6,9.2,1,1,9,54.1,79.2,48.4,80.8,0.8,0.51,7.5,1.47
84.8,46.6,84.6,9.2,1,1,9,54.1,79.2,48.4,80.8,0.9,0.51,7.5,1.42
84.8,46.6,84.5,9.2,1,1,9,54.1,79.2,48.4,80.8,1,0.51,7.5,1.38
84.9,46.7,84.5,9.1,1,1,9,54.1,79.2,48.4,80.8,1.2,0.51,7.5,1.33
84.9,46.7,84.4,9.1,1,1,9,54.1,79.2,48.4,80.8,1.3,0.51,7.5,1.29
85,46.7,84.3,9,1,1,9,54.1,79.2,48.4,80.8,1.4,0.51,7.5,1.25
85,46.7,84.3,8.9,1,1,9,54.1,79.2,48.4,80.8,1.6,0.51,7.5,1.21
85.1,46.8,84.2,8.9,1,1,9,54.1,79.2,48.4,80.8,1.8,0.51,18,1.6
85.1,46.8,84.1,8.8,1,1,9,54.1,79.2,48.4,80.8,2,0.51,18,1.57
85.2,46.9,84,8.7,1,1,9,54.1,79.2,48.4,80.8,2.1,0.51,18,1.54
85.2,46.9,83.9,8.6,0,0,-0.27,51.5,80.7,-999,-999,2.3,0.51,18,1.48
85.3,47,83.8,8.5,0,0,-0.23,51.5,80.7,-999,-999,2.8,1,18,1.44
85.3,47.1,83.7,8.3,0,0,-0.19,51.5,80.7,-999,-999,3.1,0.51,18,1.4
85.4,47.2,83.6,8.2,0,0,-0.14,51.5,80.7,-999,-999,3.5,1,18,1.35
85.4,47.3,83.4,8,0,0,-0.08,51.5,80.7,-999,-999,3.9,1,18,1.29
85.5,47.4,83.2,7.8,0,0,-0.01,51.5,80.7,-999,-999,4.3,1,18,1.23
85.5,47.5,83,7.6,0,0,0.07,51.5,80.7,-999,-999,4.7,1,18,1.17
85.6,47.6,82.8,7.4,0,0,0.18,51.5,80.7,-999,-999,5,0.66,13.5,0.19
85.6,47.8,82.6,7.2,0,0,0.3,51.5,80.7,-999,-999,5.2,0.66,13.5,0.13
85.7,47.9,82.4,7,1,0,0.43,54.1,79.2,-999,-999,5.3,0.51,6,-0.72
85.7,48,82.1,6.7,0,0,0.4,54.1,79.2,-999,-999,5.4,0.51,12,0.09
85.8,48.1,81.9,6.5,0,0,0.36,54.1,79.2,-999,-999,5.6,0.66,12,0.07
85.8,48.3,81.6,6.3,0,0,0.31,54.1,79.2,-999,-999,5.8,0.66,12,0.04
85.9,48.4,81.4,6.1,0,0,0.26,54.1,79.2,-999,-999,5.9,0.41,4.5,0.43
85.9,48.5,81.1,5.9,0,0,0.2,54.1,79.2,-999,-999,6,0.41,4.5,0.38
86,48.6,80.8,5.7,1,0,1.08,51.5,80.7,-999,-999,6.1,0.41,3,-1.18
86,48.7,80.5,5.5,1,0,1.08,51.5,80.7,-999,-999,5.4,0.41,3,-1.27
86.1,48.8,80.3,5.4,1,0,1.08,51.5,80.7,-999,-999,5.2,0.41,3,-1.34
86.1,48.9,80.1,5.3,1,0,1.08,51.5,80.7,-999,-999,5.3,0.41,3,-1.41
86.2,49,79.8,5.1,1,0,1.04,51.5,80.7,-999,-999,5,0.41,3,-1.48
86.2,49.1,79.6,5,1,0,0.98,51.5,80.7,-999,-999,5.1,0.41,3,-1.54
86.3,49.2,79.4,4.9,1,0,0.88,51.5,80.7,-999,-999,5.2,0.41,3,-1.6
86.3,49.3,79.1,4.8,1,0,0.77,51.5,80.7,-999,-999,5.3,0.41,3,-1.66
86.4,49.5,78.9,4.7,1,0,0.63,51.5,80.7,-999,-999,5.3,0.41,3,-1.71
86.4,49.6,78.7,4.6,1,0,0.48,51.5,80.7,-999,-999,5.4,0.41,3,-1.76
86.5,49.7,78.4,4.5,0,0,0.31,51.5,80.7,-999,-999,5.5,1,18,-3.06
86.5,49.9,78.2,4.4,0,0,0.13,51.5,80.7,-999,-999,5.9,1,18,-3.11
86.6,50,77.9,4.3,0,0,-0.07,51.5,80.7,-999,-999,6.1,1,18,3.14
86.6,50.2,77.7,4.2,0,0,-0.26,51.5,80.7,-999,-999,6.4,1,18,3.1
86.7,50.3,77.4,4.3,1,1,9,54.1,79.2,54.1,73.3,5.3,0.51,9,0.92
86.7,50.3,77.2,4.3,1,1,9,54.1,79.2,54.1,73.3,5.1,0.51,9,0.9
86.8,50.4,76.9,4.3,1,1,9,54.1,79.2,54.1,73.3,5,0.51,9,0.87
86.8,50.5,76.7,4.4,1,1,9,54.1,79.2,54.1,73.3,5,0.51,18,0
86.9,50.7,76.5,4.4,1,1,9,54.1,79.2,54.1,73.3,5,0.51,18,-0.02
86.9,50.8,76.3,4.4,1,1,9,54.1,79.2,54.1,73.3,5.1,0.51,18,-0.04
87,51,76.1,4.5,1,1,9,54.1,79.2,54.1,73.3,5.2,0.51,18,-0.06
87,51.1,75.9,4.5,0,0,0.26,54.1,76.2,-999,-999,5.4,1,18,-0.07
87.1,51.3,75.6,4.5,1,0,0.42,54.1,76.2,-999,-999,5.7,0.51,3,-0.99
87.1,51.5,75.4,4.6,1,0,0.56,54.1,76.2,-999,-999,5.1,0.41,3,-1.06
87.2,51.7,75.3,4.7,1,0,0.7,54.1,76.2,-999,-999,5.1,0.41,3,-1.13
87.2,51.8,75.1,4.7,1,0,0.82,54.1,76.2,-999,-999,4.9,0.41,3,-1.2
87.3,52,74.9,4.8,1,0,0.92,54.1,76.2,-999,-999,4.9,0.41,3,-1.26
87.3,52.2,74.7,4.9,1,0,1,54.1,76.2,-999,-999,5,0.41,3,-1.32
87.4,52.4,74.6,5,1,0,1.05,54.1,76.2,-999,-999,4.8,0.41,3,-1.39
87.4,52.5,74.4,5.1,1,0,1.08,54.1,76.2,-999,-999,4.8,0.41,3,-1.45
87.5,52.7,74.2,5.2,1,0,1.08,54.1,76.2,-999,-999,4.9,0.41,3,-1.51
87.5,52.9,74.1,5.3,1,0,1.08,54.1,76.2,-999,-999,5,0.41,3,-1.58
87.6,53.1,73.9,5.4,1,0,1.08,54.1,76.2,-999,-999,5.1,0.41,3,-1.64
87.6,53.3,73.8,5.5,1,0,1.08,54.1,76.2,-999,-999,5.1,0.41,3,-1.69
87.7,53.6,73.7,5.6,1,0,1.08,54.1,76.2,-999,-999,5.2,0.41,3,-1.75
87.7,53.8,73.5,5.7,1,0,1.08,54.1,76.2,-999,-999,5.3,0.41,3,-1.8
87.8,54,73.4,5.8,1,0,1.08,54.1,76.2,-999,-999,5.3,0.41,6,-1.84
87.8,54.3,73.3,5.9,1,0,1.08,54.1,76.2,-999,-999,5.4,0.41,6,-1.88
87.9,54.5,73.2,6.1,1,0,1.08,54.1,76.2,-999,-999,5.4,0.41,3,-1.92
87.9,54.8,73.1,6.2,1,0,1.08,54.1,76.2,-999,-999,5.5,0.41,3,-1.95
88,55,73,6.3,1,0,1.08,54.1,76.2,-999,-999,5.5,0.41,3,-1.98
88,55.3,72.9,6.4,1,0,1.08,54.1,76.2,-999,-999,5.6,0.41,3,-2
88.1,55.6,72.9,6.5,1,0,1.08,54.1,76.2,-999,-999,5.6,0.41,3,-2.02
88.1,55.8,72.8,6.6,1,0,1.08,54.1,76.2,-999,-999,5.3,0.41,4.5,-2.03
88.2,56.1,72.8,6.8,1,0,1.08,54.1,76.2,-999,-999,5.3,0.41,4.5,-2.05
88.2,56.3,72.7,6.9,1,0,1.08,54.1,76.2,-999,-999,5.4,0.41,4.5,-2.06
88.3,56.6,72.7,7,1,0,1.08,54.1,76.2,-999,-999,5.4,0.41,4.5,-2.06
88.3,56.9,72.7,7.1,1,0,1.08,54.1,76.2,-999,-999,5.5,0.41,4.5,-2.07
88.4,57.2,72.7,7.2,1,0,1.08,54.1,76.2,-999,-999,5.5,0.41,4.5,-2.07
88.4,57.4,72.7,7.3,1,0,1.07,54.1,76.2,-999,-999,5.5,0.41,4.5,-2.07
88.5,57.7,72.7,7.4,1,0,1.05,54.1,76.2,-999,-999,5.6,0.41,4.5,-2.07
88.5,58,72.8,7.5,1,0,1.03,54.1,76.2,-999,-999,5.6,0.41,4.5,-2.07
88.6,58.3,72.8,7.6,1,0,1.01,54.1,76.2,-999,-999,5.7,0.41,6,-2.07
88.6,58.5,72.9,7.7,1,0,0.98,54.1,76.2,-999,-999,5.7,0.51,6,-2.06
88.7,58.8,73,7.8,1,0,0.95,54.1,76.2,-999,-999,5.8,0.51,6,-2.06
88.7,59.1,73.1,7.9,1,0,0.92,54.1,76.2,-999,-999,5.9,0.51,6,-2.05
88.8,59.4,73.2,8,1,0,0.88,54.1,76.2,-999,-999,6,0.51,6,-2.05
88.8,59.7,73.3,8.1,1,0,0.83,54.1,76.2,-999,-999,6,0.51,6,-2.04
88.9,59.9,73.4,8.2,1,0,0.79,54.1,76.2,-999,-999,6.1,0.51,6,-2.03
88.9,60.2,73.6,8.3,1,0,0.74,54.1,76.2,-999,-999,6.1,0.51,6,-2.02
89,60.5,73.7,8.4,1,0,0.69,54.1,76.2,-999,-999,6.2,0.51,7.5,-2.01
89,60.7,73.9,8.5,1,0,0.64,54.1,76.2,-999,-999,6.3,0.51,7.5,-2
89.1,61,74.1,8.6,1,0,0.58,54.1,76.2,-999,-999,6.3,0.51,7.5,-1.99
89.1,61.2,74.3,8.7,1,0,0.52,54.1,76.2,-999,-999,6.4,0.51,7.5,-1.97
89.2,61.5,74.5,8.7,1,0,0.46,54.1,76.2,-999,-999,6.4,0.51,7.5,-1.96
89.2,61.7,74.7,8.8,0,0,0.4,54.1,76.2,-999,-999,6.5,0.51,12,-2.37
89.3,61.9,75,8.9,0,0,0.33,54.1,76.2,-999,-999,6.6,0.66,12,-2.35
89.3,62.1,75.2,9,0,0,0.27,54.1,76.2,-999,-999,6.7,0.66,13.5,-2.34
89.4,62.3,75.5,9,0,0,0.19,54.1,76.2,-999,-999,6.8,0.66,18,-2.32
89.4,62.5,75.8,9.1,0,0,0.12,54.1,76.2,-999,-999,7,1,18,-2.31
89.5,62.7,76.1,9.1,0,0,0.04,54.1,76.2,-999,-999,7.2,1,16.5,-2.29
89.5,62.9,76.4,9.2,0,0,-0.04,54.1,76.2,-999,-999,7.3,0.66,16.5,-2.27
89.6,63,76.7,9.3,0,0,-0.12,54.1,76.2,-999,-999,7.4,0.66,16.5,-2.26
89.6,63.2,77.1,9.3,0,0,-0.21,54.1,76.2,-999,-999,7.4,0.66,16.5,-2.24
89.7,63.3,77.4,9.4,1,1,9,54.1,79.2,57.1,74.1,7.4,0.51,16.5,-2.16
89.7,63.4,77.8,9.4,1,1,9,54.1,79.2,57.1,74.1,7.4,0.51,16.5,-2.14
89.8,63.5,78.1,9.4,1,1,9,54.1,79.2,57.1,74.1,7.4,0.51,16.5,-2.13
89.8,63.6,78.5,9.5,1,1,9,54.1,79.2,57.1,74.1,7.4,0.51,16.5,-2.11
89.9,63.6,78.9,9.5,1,1,9,54.1,79.2,57.1,74.1,7.4,0.51,16.5,-2.09
89.9,63.6,79.2,9.5,1,1,9,54.1,79.2,57.1,74.1,7.5,0.66,12,-2.49
90,63.6,79.6,9.6,1,1,9,54.1,79.2,57.1,74.1,7.5,0.66,12,-2.47
90,63.6,80,9.6,1,1,9,54.1,79.2,57.1,74.1,7.6,0.66,18,2.51
90.1,63.8,80.2,9.8,1,1,9,54.1,79.2,57.1,74.1,5.7,0.66,18,2.53
90.1,63.9,80.5,9.9,1,1,9,54.1,79.2,57.1,74.1,5.2,0.66,18,2.56
90.2,64,80.7,10,1,1,9,54.1,79.2,57.1,74.1,4.8,0.66,18,2.58
90.2,64.1,80.9,10.1,1,1,9,54.1,79.2,57.1,74.1,4.7,0.66,18,2.6
90.3,64.1,81.2,10.2,1,1,9,54.1,79.2,57.1,74.1,4.6,0.66,18,2.62
90.3,64.1,81.4,10.2,1,1,9,54.1,79.2,57.1,74.1,4.6,0.66,18,2.64
90.4,64.1,81.6,10.3,1,1,9,54.1,79.2,57.1,74.1,4.7,0.66,18,2.66
90.4,64,81.9,10.3,1,1,9,54.1,79.2,57.1,74.1,4.8,0.66,12,-3.12
90.5,64,82.1,10.3,1,1,9,54.1,79.2,57.1,74.1,4.9,0.66,13.5,-3.1
90.5,63.9,82.3,10.3,1,1,9,54.1,79.2,57.1,74.1,5,0.66,13.5,-3.08
90.6,63.8,82.6,10.2,1,1,9,54.1,79.2,57.1,74.1,5.1,0.66,13.5,-3.06
90.6,63.7,82.8,10.2,1,1,9,54.1,79.2,57.1,74.1,5.2,0.66,13.5,-3.04
90.7,63.5,83,10.2,1,1,9,54.1,79.2,57.1,74.1,5.4,0.66,13.5,-3.02
90.7,63.4,83.3,10.1,1,1,9,54.1,79.2,57.1,74.1,5.5,0.66,18,0
90.8,63.2,83.5,10.1,1,1,9,54.1,79.2,57.1,74.1,5.6,0.66,18,0.01
90.8,63.1,83.7,10,1,1,9,54.1,79.2,57.1,74.1,5.8,0.66,18,0
90.9,62.9,83.9,9.9,1,1,9,54.1,79.2,57.1,74.1,5.9,0.66,18,-0.01
90.9,62.7,84.2,9.9,1,1,9,54.1,79.2,57.1,74.1,6.1,0.66,18,-0.03
91,62.4,84.4,9.8,1,1,9,54.1,79.2,57.1,74.1,6.2,0.66,18,-0.05
91,62.2,84.6,9.7,1,1,9,54.1,79.2,57.1,74.1,6.4,0.66,18,-0.07
91.1,62,84.8,9.7,1,1,9,54.1,79.2,57.1,74.1,6.6,0.66,18,-0.1
91.1,61.7,85.1,9.6,1,1,9,54.1,79.2,57.1,74.1,6.7,0.66,18,-0.12
91.2,61.5,85.3,9.6,1,1,9,54.1,79.2,57.1,74.1,6.9,0.66,18,-0.14
91.2,61.2,85.5,9.5,1,1,9,54.1,79.2,57.1,74.1,7,0.66,18,-0.17
91.3,61,85.7,9.5,1,1,9,54.1,79.2,57.1,74.1,7.2,0.66,18,-0.19
91.3,60.7,86,9.4,1,1,9,54.1,79.2,57.1,74.1,7.3,0.66,18,-0.21
91.4,60.4,86.2,9.4,1,1,9,54.1,79.2,57.1,74.1,7.5,0.66,18,-0.23
91.4,60.1,86.5,9.4,0,0,-0.03,53.9,78.8,-999,-999,7.6,1,18,-0.29
91.5,59.8,86.7,9.4,0,0,-0.13,53.9,78.8,-999,-999,7.9,1,18,-0.32
91.5,59.5,87,9.4,0,0,-0.23,53.9,78.8,-999,-999,8.1,1,18,-0.34
91.6,59.2,87.2,9.5,0,0,-0.34,53.9,78.8,-999,-999,8.3,0.66,18,0.12
91.6,58.8,87.5,9.5,0,0,-0.45,53.9,78.8,-999,-999,8.5,1,18,0.09
91.7,58.5,87.7,9.6,0,0,-0.09,54.1,77.7,-999,-999,8.7,1,18,-0.01
91.7,58.1,88,9.7,0,0,-0.23,54.1,77.7,-999,-999,8.9,1,18,-0.05
91.8,57.8,88.3,9.8,0,0,-0.38,54.1,77.7,-999,-999,9.1,1,18,-0.09
91.8,57.4,88.5,9.9,0,0,-0.53,54.1,77.7,-999,-999,9.3,1,18,-0.12
91.9,57,88.8,10,0,0,-0.69,54.1,77.7,-999,-999,9.6,1,18,-0.16
91.9,56.6,89.1,10.2,0,0,-0.84,54.1,77.7,-999,-999,9.7,1,18,-0.19
92,56.2,89.4,10.4,0,0,0.08,51.5,80.7,-999,-999,9.9,1,18,-0.39
92,55.8,89.6,10.6,0,0,0.18,51.5,80.7,-999,-999,10.1,1,18,-0.43
92.1,55.4,89.9,10.8,0,0,0.05,51.5,80.7,-999,-999,10.3,1,18,-0.46
92.1,54.9,90.2,11,0,0,9,51.5,80.7,-999,-999,10.5,1,18,-0.49
92.2,54.5,90.5,11.3,0,0,9,51.5,80.7,-999,-999,10.6,1,18,-0.51
92.2,54,90.8,11.6,0,0,9,51.5,80.7,-999,-999,10.8,1,18,-0.52
92.3,53.6,91.1,11.8,0,0,9,51.5,80.7,-999,-999,10.9,1,18,-0.54
92.3,53.1,91.3,12.1,0,0,9,51.5,80.7,-999,-999,11.1,1,18,-0.55
92.4,52.6,91.6,12.4,0,0,9,51.5,80.7,-999,-999,11.2,1,18,-0.55
92.4,52.1,91.8,12.8,0,0,9,51.5,80.7,-999,-999,11.3,1,18,-0.56
92.5,51.6,92.1,13.1,0,0,9,51.5,80.7,-999,-999,11.4,1,18,-0.56
92.5,51,92.3,13.4,0,0,9,51.5,80.7,-999,-999,11.5,1,18,-0.98
92.6,50.5,92.5,13.7,0,0,9,51.5,80.7,-999,-999,11.5,1,18,-0.98
92.6,49.9,92.6,14,0,0,9,51.5,80.7,-999,-999,11.6,1,18,-0.97
92.7,49.4,92.8,14.4,0,0,9,51.5,80.7,-999,-999,11.6,1,18,-0.95
92.7,48.8,92.9,14.7,0,0,9,51.5,80.7,-999,-999,11.7,1,18,-0.92
92.8,48.2,93,15,0,0,9,51.5,80.7,-999,-999,11.7,1,18,-0.9
92.8,47.7,93.1,15.3,0,0,9,51.5,80.7,-999,-999,11.7,1,18,-0.87
92.9,47.1,93.1,15.6,0,0,9,51.5,80.7,-999,-999,11.7,1,18,-0.84
92.9,46.5,93.1,15.8,0,0,9,51.5,80.7,-999,-999,11.7,1,18,-0.81
93,45.9,93.1,16.1,0,0,9,51.5,80.7,-999,-999,11.6,1,15,-1.21
93,45.3,93,16.3,0,0,9,51.5,80.7,-999,-999,11.5,0.66,15,-1.18
93.1,44.8,92.9,16.6,0,0,9,51.5,80.7,-999,-999,11.3,0.66,15,-1.15
93.1,44.2,92.8,16.8,0,0,9,51.5,80.7,-999,-999,11.1,0.66,15,-1.12
93.2,43.7,92.6,17,0,0,9,51.5,80.7,-999,-999,11,0.66,15,-1.09
93.2,43.2,92.4,17.1,0,0,9,51.5,80.7,-999,-999,10.8,0.66,15,-1.06
93.3,42.7,92.2,17.3,0,0,9,51.5,80.7,-999,-999,10.6,0.66,13.5,-1.03
93.3,42.3,91.9,17.4,0,0,9,51.5,80.7,-999,-999,10.4,0.66,13.5,-1
93.4,41.8,91.7,17.5,0,0,9,51.5,80.7,-999,-999,10.3,0.66,13.5,-0.97
93.4,41.4,91.4,17.6,0,0,9,51.5,80.7,-999,-999,10.1,0.66,13.5,-0.94
93.5,41,91.1,17.6,0,0,9,51.5,80.7,-999,-999,9.9,0.66,13.5,-0.92
93.5,40.7,90.7,17.7,0,0,9,51.5,80.7,-999,-999,9.8,0.66,13.5,-0.89
93.6,40.3,90.4,17.7,0,0,9,51.5,80.7,-999,-999,9.7,0.66,13.5,-0.86
93.6,40,90,17.7,0,0,9,51.5,80.7,-999,-999,9.5,0.66,13.5,-0.83
93.7,39.8,89.6,17.7,0,0,9,51.5,80.7,-999,-999,9.4,0.66,13.5,-0.8
93.7,39.5,89.2,17.7,0,0,9,51.5,80.7,-999,-999,9.4,1,18,-0.35
93.8,39.3,88.8,17.6,0,0,9,51.5,80.7,-999,-999,9.4,1,18,-0.34
93.8,39.1,88.4,17.6,0,0,9,51.5,80.7,-999,-999,9.5,1,18,-0.33
93.9,38.9,87.9,17.5,0,0,9,51.5,80.7,-999,-999,9.6,1,18,-0.33
93.9,38.8,87.4,17.4,0,0,9,51.5,80.7,-999,-999,9.7,1,18,-0.34
94,38.7,87,17.3,0,0,9,51.5,80.7,-999,-999,9.8,1,18,-0.34
94,38.6,86.5,17.2,0,0,9,51.5,80.7,-999,-999,9.8,0.66,15,-1.19
94.1,38.5,86,17,0,0,9,51.5,80.7,-999,-999,9.8,0.66,15,-1.18
94.1,38.4,85.5,16.9,0,0,9,51.5,80.7,-999,-999,9.8,0.66,15,-1.16
94.2,38.4,85,16.8,0,0,9,51.5,80.7,-999,-999,9.8,0.66,13.5,-1.14
94.2,38.3,84.6,16.6,0,0,9,51.5,80.7,-999,-999,9.8,0.66,13.5,-1.12
94.3,38.3,84.1,16.5,0,0,9,51.5,80.7,-999,-999,9.8,0.66,13.5,-1.09
94.3,38.4,83.6,16.3,0,0,9,51.5,80.7,-999,-999,9.7,0.66,13.5,-1.07
94.4,38.4,83.1,16.2,0,0,9,51.5,80.7,-999,-999,9.7,0.66,13.5,-1.04
94.4,38.5,82.6,16,0,0,9,51.5,80.7,-999,-999,9.7,0.66,13.5,-1.01
94.5,38.6,82.1,15.8,0,0,9,51.5,80.7,-999,-999,9.6,0.66,13.5,-0.98
94.5,38.7,81.7,15.6,0,0,9,51.5,80.7,-999,-999,9.6,0.66,13.5,-0.96
94.6,38.9,81.2,15.4,0,0,9,51.5,80.7,-999,-999,9.5,0.66,18,-1.77
94.6,39,80.8,15.1,0,0,9,51.5,80.7,-999,-999,9.5,0.66,18,-1.74
94.7,39.2,80.4,14.9,0,0,9,51.5,80.7,-999,-999,9.5,1,18,-1.71
94.7,39.5,79.9,14.6,0,0,9,51.5,80.7,-999,-999,9.6,1,18,-1.68
94.8,39.7,79.5,14.4,0,0,9,51.5,80.7,-999,-999,9.7,1,18,-1.66
94.8,40,79.1,14.1,0,0,9,51.5,80.7,-999,-999,9.7,1,18,-1.63
94.9,40.3,78.8,13.8,0,0,9,51.5,80.7,-999,-999,9.8,1,18,-1.6
94.9,40.7,78.4,13.5,0,0,9,51.5,80.7,-999,-999,9.9,1,18,-1.58
95,41,78.1,13.1,0,0,9,51.5,80.7,-999,-999,9.9,1,18,-1.55
95,41.4,77.8,12.8,0,0,9,51.5,80.7,-999,-999,9.9,1,18,-1.52
95.1,41.8,77.5,12.4,0,0,9,51.5,80.7,-999,-999,9.9,1,18,-1.5